Archive member included to satisfy reference by file (symbol)

/home/mishko/Packages/STM32Ac6/plugins/fr.ac6.mcu.externaltools.arm-none.linux64_1.17.0.201812190825/tools/compiler/bin/../lib/gcc/arm-none-eabi/7.3.1/../../../../arm-none-eabi/lib/thumb/v7-m/libc_nano.a(lib_a-errno.o)
                              Src/syscalls.o (__errno)
/home/mishko/Packages/STM32Ac6/plugins/fr.ac6.mcu.externaltools.arm-none.linux64_1.17.0.201812190825/tools/compiler/bin/../lib/gcc/arm-none-eabi/7.3.1/../../../../arm-none-eabi/lib/thumb/v7-m/libc_nano.a(lib_a-exit.o)
                              /home/mishko/Packages/STM32Ac6/plugins/fr.ac6.mcu.externaltools.arm-none.linux64_1.17.0.201812190825/tools/compiler/bin/../lib/gcc/arm-none-eabi/7.3.1/../../../../arm-none-eabi/lib/thumb/v7-m/crt0.o (exit)
/home/mishko/Packages/STM32Ac6/plugins/fr.ac6.mcu.externaltools.arm-none.linux64_1.17.0.201812190825/tools/compiler/bin/../lib/gcc/arm-none-eabi/7.3.1/../../../../arm-none-eabi/lib/thumb/v7-m/libc_nano.a(lib_a-impure.o)
                              /home/mishko/Packages/STM32Ac6/plugins/fr.ac6.mcu.externaltools.arm-none.linux64_1.17.0.201812190825/tools/compiler/bin/../lib/gcc/arm-none-eabi/7.3.1/../../../../arm-none-eabi/lib/thumb/v7-m/libc_nano.a(lib_a-exit.o) (_global_impure_ptr)
/home/mishko/Packages/STM32Ac6/plugins/fr.ac6.mcu.externaltools.arm-none.linux64_1.17.0.201812190825/tools/compiler/bin/../lib/gcc/arm-none-eabi/7.3.1/../../../../arm-none-eabi/lib/thumb/v7-m/libc_nano.a(lib_a-init.o)
                              /home/mishko/Packages/STM32Ac6/plugins/fr.ac6.mcu.externaltools.arm-none.linux64_1.17.0.201812190825/tools/compiler/bin/../lib/gcc/arm-none-eabi/7.3.1/../../../../arm-none-eabi/lib/thumb/v7-m/crt0.o (__libc_init_array)
/home/mishko/Packages/STM32Ac6/plugins/fr.ac6.mcu.externaltools.arm-none.linux64_1.17.0.201812190825/tools/compiler/bin/../lib/gcc/arm-none-eabi/7.3.1/../../../../arm-none-eabi/lib/thumb/v7-m/libc_nano.a(lib_a-memset.o)
                              /home/mishko/Packages/STM32Ac6/plugins/fr.ac6.mcu.externaltools.arm-none.linux64_1.17.0.201812190825/tools/compiler/bin/../lib/gcc/arm-none-eabi/7.3.1/../../../../arm-none-eabi/lib/thumb/v7-m/crt0.o (memset)

Allocating common symbols
Common symbol       size              file

hUsbDeviceFS        0x2c4             Src/usb_device.o
hi2c1               0x54              Src/main.o
uwTick              0x4               Drivers/STM32F1xx_HAL_Driver/Src/stm32f1xx_hal.o
pFlash              0x20              Drivers/STM32F1xx_HAL_Driver/Src/stm32f1xx_hal_flash.o
UserRxBufferFS      0x3e8             Src/usbd_cdc_if.o
huart1              0x40              Src/main.o
UserTxBufferFS      0x3e8             Src/usbd_cdc_if.o
htim1               0x40              Src/main.o
hspi1               0x58              Src/main.o
hpcd_USB_FS         0x26c             Src/usbd_conf.o
USBD_StrDesc        0x200             Src/usbd_desc.o

Discarded input sections

 .text          0x0000000000000000        0x0 /home/mishko/Packages/STM32Ac6/plugins/fr.ac6.mcu.externaltools.arm-none.linux64_1.17.0.201812190825/tools/compiler/bin/../lib/gcc/arm-none-eabi/7.3.1/thumb/v7-m/crti.o
 .data          0x0000000000000000        0x0 /home/mishko/Packages/STM32Ac6/plugins/fr.ac6.mcu.externaltools.arm-none.linux64_1.17.0.201812190825/tools/compiler/bin/../lib/gcc/arm-none-eabi/7.3.1/thumb/v7-m/crti.o
 .bss           0x0000000000000000        0x0 /home/mishko/Packages/STM32Ac6/plugins/fr.ac6.mcu.externaltools.arm-none.linux64_1.17.0.201812190825/tools/compiler/bin/../lib/gcc/arm-none-eabi/7.3.1/thumb/v7-m/crti.o
 .data          0x0000000000000000        0x4 /home/mishko/Packages/STM32Ac6/plugins/fr.ac6.mcu.externaltools.arm-none.linux64_1.17.0.201812190825/tools/compiler/bin/../lib/gcc/arm-none-eabi/7.3.1/thumb/v7-m/crtbegin.o
 .text          0x0000000000000000       0x74 /home/mishko/Packages/STM32Ac6/plugins/fr.ac6.mcu.externaltools.arm-none.linux64_1.17.0.201812190825/tools/compiler/bin/../lib/gcc/arm-none-eabi/7.3.1/../../../../arm-none-eabi/lib/thumb/v7-m/crt0.o
 .data          0x0000000000000000        0x0 /home/mishko/Packages/STM32Ac6/plugins/fr.ac6.mcu.externaltools.arm-none.linux64_1.17.0.201812190825/tools/compiler/bin/../lib/gcc/arm-none-eabi/7.3.1/../../../../arm-none-eabi/lib/thumb/v7-m/crt0.o
 .bss           0x0000000000000000        0x0 /home/mishko/Packages/STM32Ac6/plugins/fr.ac6.mcu.externaltools.arm-none.linux64_1.17.0.201812190825/tools/compiler/bin/../lib/gcc/arm-none-eabi/7.3.1/../../../../arm-none-eabi/lib/thumb/v7-m/crt0.o
 .ARM.extab     0x0000000000000000        0x0 /home/mishko/Packages/STM32Ac6/plugins/fr.ac6.mcu.externaltools.arm-none.linux64_1.17.0.201812190825/tools/compiler/bin/../lib/gcc/arm-none-eabi/7.3.1/../../../../arm-none-eabi/lib/thumb/v7-m/crt0.o
[...]
Memory Configuration

Name             Origin             Length             Attributes
RAM              0x0000000020000000 0x0000000000005000 xrw
FLASH            0x0000000008000000 0x0000000000010000 xr
*default*        0x0000000000000000 0xffffffffffffffff

Linker script and memory map

LOAD /home/mishko/Packages/STM32Ac6/plugins/fr.ac6.mcu.externaltools.arm-none.linux64_1.17.0.201812190825/tools/compiler/bin/../lib/gcc/arm-none-eabi/7.3.1/thumb/v7-m/crti.o
LOAD /home/mishko/Packages/STM32Ac6/plugins/fr.ac6.mcu.externaltools.arm-none.linux64_1.17.0.201812190825/tools/compiler/bin/../lib/gcc/arm-none-eabi/7.3.1/thumb/v7-m/crtbegin.o
LOAD /home/mishko/Packages/STM32Ac6/plugins/fr.ac6.mcu.externaltools.arm-none.linux64_1.17.0.201812190825/tools/compiler/bin/../lib/gcc/arm-none-eabi/7.3.1/../../../../arm-none-eabi/lib/thumb/v7-m/crt0.o
LOAD Drivers/STM32F1xx_HAL_Driver/Src/stm32f1xx_hal.o
LOAD Drivers/STM32F1xx_HAL_Driver/Src/stm32f1xx_hal_cortex.o
LOAD Drivers/STM32F1xx_HAL_Driver/Src/stm32f1xx_hal_dma.o
LOAD Drivers/STM32F1xx_HAL_Driver/Src/stm32f1xx_hal_exti.o
LOAD Drivers/STM32F1xx_HAL_Driver/Src/stm32f1xx_hal_flash.o
LOAD Drivers/STM32F1xx_HAL_Driver/Src/stm32f1xx_hal_flash_ex.o
LOAD Drivers/STM32F1xx_HAL_Driver/Src/stm32f1xx_hal_gpio.o
LOAD Drivers/STM32F1xx_HAL_Driver/Src/stm32f1xx_hal_gpio_ex.o
LOAD Drivers/STM32F1xx_HAL_Driver/Src/stm32f1xx_hal_i2c.o
LOAD Drivers/STM32F1xx_HAL_Driver/Src/stm32f1xx_hal_pcd.o
LOAD Drivers/STM32F1xx_HAL_Driver/Src/stm32f1xx_hal_pcd_ex.o
LOAD Drivers/STM32F1xx_HAL_Driver/Src/stm32f1xx_hal_pwr.o
LOAD Drivers/STM32F1xx_HAL_Driver/Src/stm32f1xx_hal_rcc.o
LOAD Drivers/STM32F1xx_HAL_Driver/Src/stm32f1xx_hal_rcc_ex.o
LOAD Drivers/STM32F1xx_HAL_Driver/Src/stm32f1xx_hal_spi.o
LOAD Drivers/STM32F1xx_HAL_Driver/Src/stm32f1xx_hal_tim.o
LOAD Drivers/STM32F1xx_HAL_Driver/Src/stm32f1xx_hal_tim_ex.o
LOAD Drivers/STM32F1xx_HAL_Driver/Src/stm32f1xx_hal_uart.o
LOAD Drivers/STM32F1xx_HAL_Driver/Src/stm32f1xx_ll_usb.o
LOAD Middlewares/ST/STM32_USB_Device_Library/Class/CDC/Src/usbd_cdc.o
LOAD Middlewares/ST/STM32_USB_Device_Library/Core/Src/usbd_core.o
LOAD Middlewares/ST/STM32_USB_Device_Library/Core/Src/usbd_ctlreq.o
LOAD Middlewares/ST/STM32_USB_Device_Library/Core/Src/usbd_ioreq.o
LOAD Src/main.o
LOAD Src/stm32f1xx_hal_msp.o
LOAD Src/stm32f1xx_it.o
LOAD Src/syscalls.o
LOAD Src/system_stm32f1xx.o
LOAD Src/usb_device.o
LOAD Src/usbd_cdc_if.o
LOAD Src/usbd_conf.o
LOAD Src/usbd_desc.o
LOAD startup/startup_stm32f103xb.o
LOAD /home/mishko/Packages/STM32Ac6/plugins/fr.ac6.mcu.externaltools.arm-none.linux64_1.17.0.201812190825/tools/compiler/bin/../lib/gcc/arm-none-eabi/7.3.1/../../../../arm-none-eabi/lib/thumb/v7-m/libm.a
START GROUP
LOAD /home/mishko/Packages/STM32Ac6/plugins/fr.ac6.mcu.externaltools.arm-none.linux64_1.17.0.201812190825/tools/compiler/bin/../lib/gcc/arm-none-eabi/7.3.1/thumb/v7-m/libgcc.a
LOAD /home/mishko/Packages/STM32Ac6/plugins/fr.ac6.mcu.externaltools.arm-none.linux64_1.17.0.201812190825/tools/compiler/bin/../lib/gcc/arm-none-eabi/7.3.1/../../../../arm-none-eabi/lib/thumb/v7-m/libc_nano.a
END GROUP
START GROUP
LOAD /home/mishko/Packages/STM32Ac6/plugins/fr.ac6.mcu.externaltools.arm-none.linux64_1.17.0.201812190825/tools/compiler/bin/../lib/gcc/arm-none-eabi/7.3.1/thumb/v7-m/libgcc.a
LOAD /home/mishko/Packages/STM32Ac6/plugins/fr.ac6.mcu.externaltools.arm-none.linux64_1.17.0.201812190825/tools/compiler/bin/../lib/gcc/arm-none-eabi/7.3.1/../../../../arm-none-eabi/lib/thumb/v7-m/libc_nano.a
LOAD /home/mishko/Packages/STM32Ac6/plugins/fr.ac6.mcu.externaltools.arm-none.linux64_1.17.0.201812190825/tools/compiler/bin/../lib/gcc/arm-none-eabi/7.3.1/../../../../arm-none-eabi/lib/thumb/v7-m/libnosys.a
END GROUP
START GROUP
LOAD /home/mishko/Packages/STM32Ac6/plugins/fr.ac6.mcu.externaltools.arm-none.linux64_1.17.0.201812190825/tools/compiler/bin/../lib/gcc/arm-none-eabi/7.3.1/thumb/v7-m/libgcc.a
LOAD /home/mishko/Packages/STM32Ac6/plugins/fr.ac6.mcu.externaltools.arm-none.linux64_1.17.0.201812190825/tools/compiler/bin/../lib/gcc/arm-none-eabi/7.3.1/../../../../arm-none-eabi/lib/thumb/v7-m/libc_nano.a
LOAD /home/mishko/Packages/STM32Ac6/plugins/fr.ac6.mcu.externaltools.arm-none.linux64_1.17.0.201812190825/tools/compiler/bin/../lib/gcc/arm-none-eabi/7.3.1/../../../../arm-none-eabi/lib/thumb/v7-m/libnosys.a
END GROUP
LOAD /home/mishko/Packages/STM32Ac6/plugins/fr.ac6.mcu.externaltools.arm-none.linux64_1.17.0.201812190825/tools/compiler/bin/../lib/gcc/arm-none-eabi/7.3.1/thumb/v7-m/crtend.o
LOAD /home/mishko/Packages/STM32Ac6/plugins/fr.ac6.mcu.externaltools.arm-none.linux64_1.17.0.201812190825/tools/compiler/bin/../lib/gcc/arm-none-eabi/7.3.1/thumb/v7-m/crtn.o
                0x0000000020005000                _estack = 0x20005000
                0x0000000000000200                _Min_Heap_Size = 0x200
                0x0000000000000400                _Min_Stack_Size = 0x400

.isr_vector     0x0000000008000000      0x10c
                0x0000000008000000                . = ALIGN (0x4)
 *(.isr_vector)
 .isr_vector    0x0000000008000000      0x10c startup/startup_stm32f103xb.o
                0x0000000008000000                g_pfnVectors
                0x000000000800010c                . = ALIGN (0x4)

.text           0x000000000800010c     0x3c08
                0x000000000800010c                . = ALIGN (0x4)
 *(.text)
 .text          0x000000000800010c       0x40 /home/mishko/Packages/STM32Ac6/plugins/fr.ac6.mcu.externaltools.arm-none.linux64_1.17.0.201812190825/tools/compiler/bin/../lib/gcc/arm-none-eabi/7.3.1/thumb/v7-m/crtbegin.o
 *(.text*)
 .text.HAL_InitTick
                0x000000000800014c       0x44 Drivers/STM32F1xx_HAL_Driver/Src/stm32f1xx_hal.o
                0x000000000800014c                HAL_InitTick
 .text.HAL_Init
                0x0000000008000190       0x24 Drivers/STM32F1xx_HAL_Driver/Src/stm32f1xx_hal.o
                0x0000000008000190                HAL_Init
 .text.HAL_IncTick
                0x00000000080001b4       0x18 Drivers/STM32F1xx_HAL_Driver/Src/stm32f1xx_hal.o
                0x00000000080001b4                HAL_IncTick
 .text.HAL_GetTick
                0x00000000080001cc        0xc Drivers/STM32F1xx_HAL_Driver/Src/stm32f1xx_hal.o
                0x00000000080001cc                HAL_GetTick
 .text.HAL_Delay
                0x00000000080001d8       0x24 Drivers/STM32F1xx_HAL_Driver/Src/stm32f1xx_hal.o
                0x00000000080001d8                HAL_Delay
 .text.HAL_NVIC_SetPriorityGrouping
                0x00000000080001fc       0x24 Drivers/STM32F1xx_HAL_Driver/Src/stm32f1xx_hal_cortex.o
                0x00000000080001fc                HAL_NVIC_SetPriorityGrouping
 .text.HAL_NVIC_SetPriority
                0x0000000008000220       0x6c Drivers/STM32F1xx_HAL_Driver/Src/stm32f1xx_hal_cortex.o
                0x0000000008000220                HAL_NVIC_SetPriority
 .text.HAL_NVIC_EnableIRQ
                0x000000000800028c       0x1c Drivers/STM32F1xx_HAL_Driver/Src/stm32f1xx_hal_cortex.o
                0x000000000800028c                HAL_NVIC_EnableIRQ
 .text.HAL_SYSTICK_Config
                0x00000000080002a8       0x30 Drivers/STM32F1xx_HAL_Driver/Src/stm32f1xx_hal_cortex.o
                0x00000000080002a8                HAL_SYSTICK_Config
 .text.HAL_GPIO_Init
                0x00000000080002d8      0x1f4 Drivers/STM32F1xx_HAL_Driver/Src/stm32f1xx_hal_gpio.o
                0x00000000080002d8                HAL_GPIO_Init
 .text.HAL_GPIO_ReadPin
                0x00000000080004cc        0xc Drivers/STM32F1xx_HAL_Driver/Src/stm32f1xx_hal_gpio.o
                0x00000000080004cc                HAL_GPIO_ReadPin
 .text.HAL_GPIO_WritePin
                0x00000000080004d8        0x8 Drivers/STM32F1xx_HAL_Driver/Src/stm32f1xx_hal_gpio.o
                0x00000000080004d8                HAL_GPIO_WritePin
 .text.HAL_GPIO_TogglePin
                0x00000000080004e0        0xc Drivers/STM32F1xx_HAL_Driver/Src/stm32f1xx_hal_gpio.o
                0x00000000080004e0                HAL_GPIO_TogglePin
 .text.HAL_I2C_Init
                0x00000000080004ec      0x170 Drivers/STM32F1xx_HAL_Driver/Src/stm32f1xx_hal_i2c.o
                0x00000000080004ec                HAL_I2C_Init
 .text.HAL_PCD_Init
                0x000000000800065c       0xfc Drivers/STM32F1xx_HAL_Driver/Src/stm32f1xx_hal_pcd.o
                0x000000000800065c                HAL_PCD_Init
 .text.HAL_PCD_Start
                0x0000000008000758       0x30 Drivers/STM32F1xx_HAL_Driver/Src/stm32f1xx_hal_pcd.o
                0x0000000008000758                HAL_PCD_Start
 .text.HAL_PCD_SetAddress
                0x0000000008000788       0x28 Drivers/STM32F1xx_HAL_Driver/Src/stm32f1xx_hal_pcd.o
                0x0000000008000788                HAL_PCD_SetAddress
 .text.HAL_PCD_EP_Open
                0x00000000080007b0       0x64 Drivers/STM32F1xx_HAL_Driver/Src/stm32f1xx_hal_pcd.o
                0x00000000080007b0                HAL_PCD_EP_Open
 .text.HAL_PCD_EP_Close
                0x0000000008000814       0x58 Drivers/STM32F1xx_HAL_Driver/Src/stm32f1xx_hal_pcd.o
                0x0000000008000814                HAL_PCD_EP_Close
 .text.HAL_PCD_EP_Receive
                0x000000000800086c       0x30 Drivers/STM32F1xx_HAL_Driver/Src/stm32f1xx_hal_pcd.o
                0x000000000800086c                HAL_PCD_EP_Receive
 .text.HAL_PCD_EP_GetRxCount
                0x000000000800089c       0x10 Drivers/STM32F1xx_HAL_Driver/Src/stm32f1xx_hal_pcd.o
                0x000000000800089c                HAL_PCD_EP_GetRxCount
 .text.HAL_PCD_EP_Transmit
                0x00000000080008ac       0x2c Drivers/STM32F1xx_HAL_Driver/Src/stm32f1xx_hal_pcd.o
                0x00000000080008ac                HAL_PCD_EP_Transmit
 .text.HAL_PCD_IRQHandler
                0x00000000080008d8      0x48c Drivers/STM32F1xx_HAL_Driver/Src/stm32f1xx_hal_pcd.o
                0x00000000080008d8                HAL_PCD_IRQHandler
 .text.HAL_PCD_EP_SetStall
                0x0000000008000d64       0x78 Drivers/STM32F1xx_HAL_Driver/Src/stm32f1xx_hal_pcd.o
                0x0000000008000d64                HAL_PCD_EP_SetStall
 .text.HAL_PCD_EP_ClrStall
                0x0000000008000ddc       0x70 Drivers/STM32F1xx_HAL_Driver/Src/stm32f1xx_hal_pcd.o
                0x0000000008000ddc                HAL_PCD_EP_ClrStall
 .text.HAL_PCDEx_PMAConfig
                0x0000000008000e4c       0x38 Drivers/STM32F1xx_HAL_Driver/Src/stm32f1xx_hal_pcd_ex.o
                0x0000000008000e4c                HAL_PCDEx_PMAConfig
 .text.HAL_RCC_OscConfig
                0x0000000008000e84      0x3f0 Drivers/STM32F1xx_HAL_Driver/Src/stm32f1xx_hal_rcc.o
                0x0000000008000e84                HAL_RCC_OscConfig
 .text.HAL_RCC_GetSysClockFreq
                0x0000000008001274       0x6c Drivers/STM32F1xx_HAL_Driver/Src/stm32f1xx_hal_rcc.o
                0x0000000008001274                HAL_RCC_GetSysClockFreq
 .text.HAL_RCC_ClockConfig
                0x00000000080012e0      0x140 Drivers/STM32F1xx_HAL_Driver/Src/stm32f1xx_hal_rcc.o
                0x00000000080012e0                HAL_RCC_ClockConfig
 .text.HAL_RCC_GetPCLK1Freq
                0x0000000008001420       0x20 Drivers/STM32F1xx_HAL_Driver/Src/stm32f1xx_hal_rcc.o
                0x0000000008001420                HAL_RCC_GetPCLK1Freq
 .text.HAL_RCC_GetPCLK2Freq
                0x0000000008001440       0x20 Drivers/STM32F1xx_HAL_Driver/Src/stm32f1xx_hal_rcc.o
                0x0000000008001440                HAL_RCC_GetPCLK2Freq
 .text.HAL_RCCEx_PeriphCLKConfig
                0x0000000008001460      0x104 Drivers/STM32F1xx_HAL_Driver/Src/stm32f1xx_hal_rcc_ex.o
                0x0000000008001460                HAL_RCCEx_PeriphCLKConfig
 .text.SPI_WaitFlagStateUntilTimeout.constprop.6
                0x0000000008001564       0x84 Drivers/STM32F1xx_HAL_Driver/Src/stm32f1xx_hal_spi.o
 .text.HAL_SPI_TransmitReceive.part.2
                0x00000000080015e8      0x1e8 Drivers/STM32F1xx_HAL_Driver/Src/stm32f1xx_hal_spi.o
 .text.HAL_SPI_Init
                0x00000000080017d0       0x80 Drivers/STM32F1xx_HAL_Driver/Src/stm32f1xx_hal_spi.o
                0x00000000080017d0                HAL_SPI_Init
 .text.HAL_SPI_TransmitReceive
                0x0000000008001850       0x18 Drivers/STM32F1xx_HAL_Driver/Src/stm32f1xx_hal_spi.o
                0x0000000008001850                HAL_SPI_TransmitReceive
 .text.HAL_TIM_Base_Start_IT
                0x0000000008001868       0x20 Drivers/STM32F1xx_HAL_Driver/Src/stm32f1xx_hal_tim.o
                0x0000000008001868                HAL_TIM_Base_Start_IT
 .text.HAL_TIM_ConfigClockSource
                0x0000000008001888      0x14c Drivers/STM32F1xx_HAL_Driver/Src/stm32f1xx_hal_tim.o
                0x0000000008001888                HAL_TIM_ConfigClockSource
 .text.HAL_TIM_PeriodElapsedCallback
                0x00000000080019d4        0x4 Drivers/STM32F1xx_HAL_Driver/Src/stm32f1xx_hal_tim.o
                0x00000000080019d4                HAL_TIM_PeriodElapsedCallback
 .text.HAL_TIM_OC_DelayElapsedCallback
                0x00000000080019d8        0x4 Drivers/STM32F1xx_HAL_Driver/Src/stm32f1xx_hal_tim.o
                0x00000000080019d8                HAL_TIM_OC_DelayElapsedCallback
 .text.HAL_TIM_IC_CaptureCallback
                0x00000000080019dc        0x4 Drivers/STM32F1xx_HAL_Driver/Src/stm32f1xx_hal_tim.o
                0x00000000080019dc                HAL_TIM_IC_CaptureCallback
 .text.HAL_TIM_PWM_PulseFinishedCallback
                0x00000000080019e0        0x4 Drivers/STM32F1xx_HAL_Driver/Src/stm32f1xx_hal_tim.o
                0x00000000080019e0                HAL_TIM_PWM_PulseFinishedCallback
 .text.HAL_TIM_TriggerCallback
                0x00000000080019e4        0x4 Drivers/STM32F1xx_HAL_Driver/Src/stm32f1xx_hal_tim.o
                0x00000000080019e4                HAL_TIM_TriggerCallback
 .text.HAL_TIM_IRQHandler
                0x00000000080019e8      0x154 Drivers/STM32F1xx_HAL_Driver/Src/stm32f1xx_hal_tim.o
                0x00000000080019e8                HAL_TIM_IRQHandler
 .text.TIM_Base_SetConfig
                0x0000000008001b3c       0x78 Drivers/STM32F1xx_HAL_Driver/Src/stm32f1xx_hal_tim.o
                0x0000000008001b3c                TIM_Base_SetConfig
 .text.HAL_TIM_Base_Init
                0x0000000008001bb4       0x38 Drivers/STM32F1xx_HAL_Driver/Src/stm32f1xx_hal_tim.o
                0x0000000008001bb4                HAL_TIM_Base_Init
 .text.HAL_TIMEx_MasterConfigSynchronization
                0x0000000008001bec       0x44 Drivers/STM32F1xx_HAL_Driver/Src/stm32f1xx_hal_tim_ex.o
                0x0000000008001bec                HAL_TIMEx_MasterConfigSynchronization
 .text.HAL_TIMEx_CommutCallback
                0x0000000008001c30        0x4 Drivers/STM32F1xx_HAL_Driver/Src/stm32f1xx_hal_tim_ex.o
                0x0000000008001c30                HAL_TIMEx_CommutCallback
 .text.HAL_TIMEx_BreakCallback
                0x0000000008001c34        0x4 Drivers/STM32F1xx_HAL_Driver/Src/stm32f1xx_hal_tim_ex.o
                0x0000000008001c34                HAL_TIMEx_BreakCallback
 .text.UART_SetConfig
                0x0000000008001c38       0x80 Drivers/STM32F1xx_HAL_Driver/Src/stm32f1xx_hal_uart.o
 .text.UART_WaitOnFlagUntilTimeout.constprop.3
                0x0000000008001cb8       0x58 Drivers/STM32F1xx_HAL_Driver/Src/stm32f1xx_hal_uart.o
 .text.HAL_UART_Init
                0x0000000008001d10       0x60 Drivers/STM32F1xx_HAL_Driver/Src/stm32f1xx_hal_uart.o
                0x0000000008001d10                HAL_UART_Init
 .text.HAL_UART_Transmit
                0x0000000008001d70       0xbc Drivers/STM32F1xx_HAL_Driver/Src/stm32f1xx_hal_uart.o
                0x0000000008001d70                HAL_UART_Transmit
 .text.USB_CoreInit
                0x0000000008001e2c       0x10 Drivers/STM32F1xx_HAL_Driver/Src/stm32f1xx_ll_usb.o
                0x0000000008001e2c                USB_CoreInit
 .text.USB_EnableGlobalInt
                0x0000000008001e3c       0x14 Drivers/STM32F1xx_HAL_Driver/Src/stm32f1xx_ll_usb.o
                0x0000000008001e3c                USB_EnableGlobalInt
 .text.USB_DisableGlobalInt
                0x0000000008001e50       0x14 Drivers/STM32F1xx_HAL_Driver/Src/stm32f1xx_ll_usb.o
                0x0000000008001e50                USB_DisableGlobalInt
 .text.USB_SetCurrentMode
                0x0000000008001e64        0x4 Drivers/STM32F1xx_HAL_Driver/Src/stm32f1xx_ll_usb.o
                0x0000000008001e64                USB_SetCurrentMode
 .text.USB_DevInit
                0x0000000008001e68       0x34 Drivers/STM32F1xx_HAL_Driver/Src/stm32f1xx_ll_usb.o
                0x0000000008001e68                USB_DevInit
 .text.USB_ActivateEndpoint
                0x0000000008001e9c      0x310 Drivers/STM32F1xx_HAL_Driver/Src/stm32f1xx_ll_usb.o
                0x0000000008001e9c                USB_ActivateEndpoint
 .text.USB_DeactivateEndpoint
                0x00000000080021ac      0x1ac Drivers/STM32F1xx_HAL_Driver/Src/stm32f1xx_ll_usb.o
                0x00000000080021ac                USB_DeactivateEndpoint
 .text.USB_EPStartXfer
                0x0000000008002358      0x25c Drivers/STM32F1xx_HAL_Driver/Src/stm32f1xx_ll_usb.o
                0x0000000008002358                USB_EPStartXfer
 .text.USB_EPSetStall
                0x00000000080025b4       0x44 Drivers/STM32F1xx_HAL_Driver/Src/stm32f1xx_ll_usb.o
                0x00000000080025b4                USB_EPSetStall
 .text.USB_EPClearStall
                0x00000000080025f8       0xa8 Drivers/STM32F1xx_HAL_Driver/Src/stm32f1xx_ll_usb.o
                0x00000000080025f8                USB_EPClearStall
 .text.USB_SetDevAddress
                0x00000000080026a0        0xc Drivers/STM32F1xx_HAL_Driver/Src/stm32f1xx_ll_usb.o
                0x00000000080026a0                USB_SetDevAddress
 .text.USB_DevConnect
                0x00000000080026ac        0x4 Drivers/STM32F1xx_HAL_Driver/Src/stm32f1xx_ll_usb.o
                0x00000000080026ac                USB_DevConnect
 .text.USB_DevDisconnect
                0x00000000080026b0        0x4 Drivers/STM32F1xx_HAL_Driver/Src/stm32f1xx_ll_usb.o
                0x00000000080026b0                USB_DevDisconnect
 .text.USB_ReadInterrupts
                0x00000000080026b4        0x8 Drivers/STM32F1xx_HAL_Driver/Src/stm32f1xx_ll_usb.o
                0x00000000080026b4                USB_ReadInterrupts
 .text.USB_EP0_OutStart
                0x00000000080026bc        0x4 Drivers/STM32F1xx_HAL_Driver/Src/stm32f1xx_ll_usb.o
                0x00000000080026bc                USB_EP0_OutStart
 .text.USB_ReadPMA
                0x00000000080026c0       0x4c Drivers/STM32F1xx_HAL_Driver/Src/stm32f1xx_ll_usb.o
                0x00000000080026c0                USB_ReadPMA
 .text.USBD_CDC_EP0_RxReady
                0x000000000800270c       0x2c Middlewares/ST/STM32_USB_Device_Library/Class/CDC/Src/usbd_cdc.o
 .text.USBD_CDC_GetFSCfgDesc
                0x0000000008002738        0xc Middlewares/ST/STM32_USB_Device_Library/Class/CDC/Src/usbd_cdc.o
 .text.USBD_CDC_GetHSCfgDesc
                0x0000000008002744        0xc Middlewares/ST/STM32_USB_Device_Library/Class/CDC/Src/usbd_cdc.o
 .text.USBD_CDC_GetOtherSpeedCfgDesc
                0x0000000008002750        0xc Middlewares/ST/STM32_USB_Device_Library/Class/CDC/Src/usbd_cdc.o
 .text.USBD_CDC_GetDeviceQualifierDescriptor
                0x000000000800275c        0xc Middlewares/ST/STM32_USB_Device_Library/Class/CDC/Src/usbd_cdc.o
                0x000000000800275c                USBD_CDC_GetDeviceQualifierDescriptor
 .text.USBD_CDC_DataOut
                0x0000000008002768       0x30 Middlewares/ST/STM32_USB_Device_Library/Class/CDC/Src/usbd_cdc.o
 .text.USBD_CDC_DataIn
                0x0000000008002798       0x44 Middlewares/ST/STM32_USB_Device_Library/Class/CDC/Src/usbd_cdc.o
 .text.USBD_CDC_Setup
                0x00000000080027dc       0xc8 Middlewares/ST/STM32_USB_Device_Library/Class/CDC/Src/usbd_cdc.o
 .text.USBD_CDC_DeInit
                0x00000000080028a4       0x44 Middlewares/ST/STM32_USB_Device_Library/Class/CDC/Src/usbd_cdc.o
 .text.USBD_CDC_Init
                0x00000000080028e8       0xac Middlewares/ST/STM32_USB_Device_Library/Class/CDC/Src/usbd_cdc.o
 .text.USBD_CDC_RegisterInterface
                0x0000000008002994       0x10 Middlewares/ST/STM32_USB_Device_Library/Class/CDC/Src/usbd_cdc.o
                0x0000000008002994                USBD_CDC_RegisterInterface
 .text.USBD_CDC_SetTxBuffer
                0x00000000080029a4       0x10 Middlewares/ST/STM32_USB_Device_Library/Class/CDC/Src/usbd_cdc.o
                0x00000000080029a4                USBD_CDC_SetTxBuffer
 .text.USBD_CDC_SetRxBuffer
                0x00000000080029b4        0xc Middlewares/ST/STM32_USB_Device_Library/Class/CDC/Src/usbd_cdc.o
                0x00000000080029b4                USBD_CDC_SetRxBuffer
 .text.USBD_CDC_ReceivePacket
                0x00000000080029c0       0x30 Middlewares/ST/STM32_USB_Device_Library/Class/CDC/Src/usbd_cdc.o
                0x00000000080029c0                USBD_CDC_ReceivePacket
 .text.USBD_Init
                0x00000000080029f0       0x2c Middlewares/ST/STM32_USB_Device_Library/Core/Src/usbd_core.o
                0x00000000080029f0                USBD_Init
 .text.USBD_RegisterClass
                0x0000000008002a1c       0x10 Middlewares/ST/STM32_USB_Device_Library/Core/Src/usbd_core.o
                0x0000000008002a1c                USBD_RegisterClass
 .text.USBD_Start
                0x0000000008002a2c        0xc Middlewares/ST/STM32_USB_Device_Library/Core/Src/usbd_core.o
                0x0000000008002a2c                USBD_Start
 .text.USBD_SetClassConfig
                0x0000000008002a38       0x14 Middlewares/ST/STM32_USB_Device_Library/Core/Src/usbd_core.o
                0x0000000008002a38                USBD_SetClassConfig
 .text.USBD_ClrClassConfig
                0x0000000008002a4c       0x10 Middlewares/ST/STM32_USB_Device_Library/Core/Src/usbd_core.o
                0x0000000008002a4c                USBD_ClrClassConfig
 .text.USBD_LL_SetupStage
                0x0000000008002a5c       0x60 Middlewares/ST/STM32_USB_Device_Library/Core/Src/usbd_core.o
                0x0000000008002a5c                USBD_LL_SetupStage
 .text.USBD_LL_DataOutStage
                0x0000000008002abc       0x80 Middlewares/ST/STM32_USB_Device_Library/Core/Src/usbd_core.o
                0x0000000008002abc                USBD_LL_DataOutStage
 .text.USBD_LL_DataInStage
                0x0000000008002b3c       0xc0 Middlewares/ST/STM32_USB_Device_Library/Core/Src/usbd_core.o
                0x0000000008002b3c                USBD_LL_DataInStage
 .text.USBD_LL_Reset
                0x0000000008002bfc       0x50 Middlewares/ST/STM32_USB_Device_Library/Core/Src/usbd_core.o
                0x0000000008002bfc                USBD_LL_Reset
 .text.USBD_LL_SetSpeed
                0x0000000008002c4c        0x8 Middlewares/ST/STM32_USB_Device_Library/Core/Src/usbd_core.o
                0x0000000008002c4c                USBD_LL_SetSpeed
 .text.USBD_LL_Suspend
                0x0000000008002c54       0x14 Middlewares/ST/STM32_USB_Device_Library/Core/Src/usbd_core.o
                0x0000000008002c54                USBD_LL_Suspend
 .text.USBD_LL_Resume
                0x0000000008002c68       0x14 Middlewares/ST/STM32_USB_Device_Library/Core/Src/usbd_core.o
                0x0000000008002c68                USBD_LL_Resume
 .text.USBD_LL_SOF
                0x0000000008002c7c       0x1c Middlewares/ST/STM32_USB_Device_Library/Core/Src/usbd_core.o
                0x0000000008002c7c                USBD_LL_SOF
 .text.USBD_StdDevReq
                0x0000000008002c98      0x2fc Middlewares/ST/STM32_USB_Device_Library/Core/Src/usbd_ctlreq.o
                0x0000000008002c98                USBD_StdDevReq
 .text.USBD_StdItfReq
                0x0000000008002f94       0x58 Middlewares/ST/STM32_USB_Device_Library/Core/Src/usbd_ctlreq.o
                0x0000000008002f94                USBD_StdItfReq
 .text.USBD_StdEPReq
                0x0000000008002fec      0x12c Middlewares/ST/STM32_USB_Device_Library/Core/Src/usbd_ctlreq.o
                0x0000000008002fec                USBD_StdEPReq
 .text.USBD_ParseSetupRequest
                0x0000000008003118       0x28 Middlewares/ST/STM32_USB_Device_Library/Core/Src/usbd_ctlreq.o
                0x0000000008003118                USBD_ParseSetupRequest
 .text.USBD_CtlError
                0x0000000008003140       0x18 Middlewares/ST/STM32_USB_Device_Library/Core/Src/usbd_ctlreq.o
                0x0000000008003140                USBD_CtlError
 .text.USBD_GetString
                0x0000000008003158       0x4c Middlewares/ST/STM32_USB_Device_Library/Core/Src/usbd_ctlreq.o
                0x0000000008003158                USBD_GetString
 .text.USBD_CtlSendData
                0x00000000080031a4       0x1c Middlewares/ST/STM32_USB_Device_Library/Core/Src/usbd_ioreq.o
                0x00000000080031a4                USBD_CtlSendData
 .text.USBD_CtlContinueSendData
                0x00000000080031c0       0x10 Middlewares/ST/STM32_USB_Device_Library/Core/Src/usbd_ioreq.o
                0x00000000080031c0                USBD_CtlContinueSendData
 .text.USBD_CtlPrepareRx
                0x00000000080031d0       0x20 Middlewares/ST/STM32_USB_Device_Library/Core/Src/usbd_ioreq.o
                0x00000000080031d0                USBD_CtlPrepareRx
 .text.USBD_CtlContinueRx
                0x00000000080031f0       0x10 Middlewares/ST/STM32_USB_Device_Library/Core/Src/usbd_ioreq.o
                0x00000000080031f0                USBD_CtlContinueRx
 .text.USBD_CtlSendStatus
                0x0000000008003200       0x18 Middlewares/ST/STM32_USB_Device_Library/Core/Src/usbd_ioreq.o
                0x0000000008003200                USBD_CtlSendStatus
 .text.USBD_CtlReceiveStatus
                0x0000000008003218       0x18 Middlewares/ST/STM32_USB_Device_Library/Core/Src/usbd_ioreq.o
                0x0000000008003218                USBD_CtlReceiveStatus
 .text.resetADC
                0x0000000008003230       0x48 Src/main.o
                0x0000000008003230                resetADC
 .text.SystemClock_Config
                0x0000000008003278       0x78 Src/main.o
                0x0000000008003278                SystemClock_Config
 .text.startup.main
                0x00000000080032f0      0x300 Src/main.o
                0x00000000080032f0                main
 .text.Error_Handler
                0x00000000080035f0        0x4 Src/main.o
                0x00000000080035f0                Error_Handler
 .text.HAL_MspInit
                0x00000000080035f4       0x44 Src/stm32f1xx_hal_msp.o
                0x00000000080035f4                HAL_MspInit
 .text.HAL_I2C_MspInit
                0x0000000008003638       0x64 Src/stm32f1xx_hal_msp.o
                0x0000000008003638                HAL_I2C_MspInit
 .text.HAL_SPI_MspInit
                0x000000000800369c       0x74 Src/stm32f1xx_hal_msp.o
                0x000000000800369c                HAL_SPI_MspInit
 .text.HAL_TIM_Base_MspInit
                0x0000000008003710       0x40 Src/stm32f1xx_hal_msp.o
                0x0000000008003710                HAL_TIM_Base_MspInit
 .text.HAL_UART_MspInit
                0x0000000008003750       0x78 Src/stm32f1xx_hal_msp.o
                0x0000000008003750                HAL_UART_MspInit
 .text.NMI_Handler
                0x00000000080037c8        0x4 Src/stm32f1xx_it.o
                0x00000000080037c8                NMI_Handler
 .text.HardFault_Handler
                0x00000000080037cc        0x4 Src/stm32f1xx_it.o
                0x00000000080037cc                HardFault_Handler
 .text.MemManage_Handler
                0x00000000080037d0        0x4 Src/stm32f1xx_it.o
                0x00000000080037d0                MemManage_Handler
 .text.BusFault_Handler
                0x00000000080037d4        0x4 Src/stm32f1xx_it.o
                0x00000000080037d4                BusFault_Handler
 .text.UsageFault_Handler
                0x00000000080037d8        0x4 Src/stm32f1xx_it.o
                0x00000000080037d8                UsageFault_Handler
 .text.SVC_Handler
                0x00000000080037dc        0x4 Src/stm32f1xx_it.o
                0x00000000080037dc                SVC_Handler
 .text.DebugMon_Handler
                0x00000000080037e0        0x4 Src/stm32f1xx_it.o
                0x00000000080037e0                DebugMon_Handler
 .text.PendSV_Handler
                0x00000000080037e4        0x4 Src/stm32f1xx_it.o
                0x00000000080037e4                PendSV_Handler
 .text.SysTick_Handler
                0x00000000080037e8        0x4 Src/stm32f1xx_it.o
                0x00000000080037e8                SysTick_Handler
 .text.USB_LP_CAN1_RX0_IRQHandler
                0x00000000080037ec        0xc Src/stm32f1xx_it.o
                0x00000000080037ec                USB_LP_CAN1_RX0_IRQHandler
 .text.TIM1_UP_IRQHandler
                0x00000000080037f8       0x1c Src/stm32f1xx_it.o
                0x00000000080037f8                TIM1_UP_IRQHandler
 .text.SystemInit
                0x0000000008003814       0x50 Src/system_stm32f1xx.o
                0x0000000008003814                SystemInit
 .text.MX_USB_DEVICE_Init
                0x0000000008003864       0x58 Src/usb_device.o
                0x0000000008003864                MX_USB_DEVICE_Init
 .text.CDC_DeInit_FS
                0x00000000080038bc        0x4 Src/usbd_cdc_if.o
 .text.CDC_Control_FS
                0x00000000080038c0        0x4 Src/usbd_cdc_if.o
 .text.CDC_Receive_FS
                0x00000000080038c4       0x1c Src/usbd_cdc_if.o
 .text.CDC_Init_FS
                0x00000000080038e0       0x28 Src/usbd_cdc_if.o
 .text.HAL_PCD_MspInit
                0x0000000008003908       0x40 Src/usbd_conf.o
                0x0000000008003908                HAL_PCD_MspInit
 .text.HAL_PCD_SetupStageCallback
                0x0000000008003948        0xc Src/usbd_conf.o
                0x0000000008003948                HAL_PCD_SetupStageCallback
 .text.HAL_PCD_DataOutStageCallback
                0x0000000008003954       0x10 Src/usbd_conf.o
                0x0000000008003954                HAL_PCD_DataOutStageCallback
 .text.HAL_PCD_DataInStageCallback
                0x0000000008003964       0x10 Src/usbd_conf.o
                0x0000000008003964                HAL_PCD_DataInStageCallback
 .text.HAL_PCD_SOFCallback
                0x0000000008003974        0x8 Src/usbd_conf.o
                0x0000000008003974                HAL_PCD_SOFCallback
 .text.HAL_PCD_ResetCallback
                0x000000000800397c       0x24 Src/usbd_conf.o
                0x000000000800397c                HAL_PCD_ResetCallback
 .text.HAL_PCD_SuspendCallback
                0x00000000080039a0       0x20 Src/usbd_conf.o
                0x00000000080039a0                HAL_PCD_SuspendCallback
 .text.HAL_PCD_ResumeCallback
                0x00000000080039c0        0x8 Src/usbd_conf.o
                0x00000000080039c0                HAL_PCD_ResumeCallback
 .text.USBD_LL_Init
                0x00000000080039c8       0x84 Src/usbd_conf.o
                0x00000000080039c8                USBD_LL_Init
 .text.USBD_LL_Start
                0x0000000008003a4c       0x1c Src/usbd_conf.o
                0x0000000008003a4c                USBD_LL_Start
 .text.USBD_LL_OpenEP
                0x0000000008003a68       0x20 Src/usbd_conf.o
                0x0000000008003a68                USBD_LL_OpenEP
 .text.USBD_LL_CloseEP
                0x0000000008003a88       0x1c Src/usbd_conf.o
                0x0000000008003a88                USBD_LL_CloseEP
 .text.USBD_LL_StallEP
                0x0000000008003aa4       0x1c Src/usbd_conf.o
                0x0000000008003aa4                USBD_LL_StallEP
 .text.USBD_LL_ClearStallEP
                0x0000000008003ac0       0x1c Src/usbd_conf.o
                0x0000000008003ac0                USBD_LL_ClearStallEP
 .text.USBD_LL_IsStallEP
                0x0000000008003adc       0x20 Src/usbd_conf.o
                0x0000000008003adc                USBD_LL_IsStallEP
 .text.USBD_LL_SetUSBAddress
                0x0000000008003afc       0x1c Src/usbd_conf.o
                0x0000000008003afc                USBD_LL_SetUSBAddress
 .text.USBD_LL_Transmit
                0x0000000008003b18       0x1c Src/usbd_conf.o
                0x0000000008003b18                USBD_LL_Transmit
 .text.USBD_LL_PrepareReceive
                0x0000000008003b34       0x1c Src/usbd_conf.o
                0x0000000008003b34                USBD_LL_PrepareReceive
 .text.USBD_LL_GetRxDataSize
                0x0000000008003b50        0x8 Src/usbd_conf.o
                0x0000000008003b50                USBD_LL_GetRxDataSize
 .text.USBD_static_malloc
                0x0000000008003b58        0x8 Src/usbd_conf.o
                0x0000000008003b58                USBD_static_malloc
 .text.USBD_static_free
                0x0000000008003b60        0x4 Src/usbd_conf.o
                0x0000000008003b60                USBD_static_free
 .text.HAL_PCDEx_SetConnectionState
                0x0000000008003b64        0x4 Src/usbd_conf.o
                0x0000000008003b64                HAL_PCDEx_SetConnectionState
 .text.USBD_FS_DeviceDescriptor
                0x0000000008003b68        0xc Src/usbd_desc.o
                0x0000000008003b68                USBD_FS_DeviceDescriptor
 .text.USBD_FS_LangIDStrDescriptor
                0x0000000008003b74        0xc Src/usbd_desc.o
                0x0000000008003b74                USBD_FS_LangIDStrDescriptor
 .text.IntToUnicode
                0x0000000008003b80       0x30 Src/usbd_desc.o
 .text.USBD_FS_SerialStrDescriptor
                0x0000000008003bb0       0x48 Src/usbd_desc.o
                0x0000000008003bb0                USBD_FS_SerialStrDescriptor
 .text.USBD_FS_ManufacturerStrDescriptor
                0x0000000008003bf8       0x1c Src/usbd_desc.o
                0x0000000008003bf8                USBD_FS_ManufacturerStrDescriptor
 .text.USBD_FS_ProductStrDescriptor
                0x0000000008003c14       0x1c Src/usbd_desc.o
                0x0000000008003c14                USBD_FS_ProductStrDescriptor
 .text.USBD_FS_ConfigStrDescriptor
                0x0000000008003c30       0x1c Src/usbd_desc.o
                0x0000000008003c30                USBD_FS_ConfigStrDescriptor
 .text.USBD_FS_InterfaceStrDescriptor
                0x0000000008003c4c       0x1c Src/usbd_desc.o
                0x0000000008003c4c                USBD_FS_InterfaceStrDescriptor
 .text.Reset_Handler
                0x0000000008003c68       0x48 startup/startup_stm32f103xb.o
                0x0000000008003c68                Reset_Handler
 .text.Default_Handler
                0x0000000008003cb0        0x2 startup/startup_stm32f103xb.o
                0x0000000008003cb0                RTC_Alarm_IRQHandler
                0x0000000008003cb0                EXTI2_IRQHandler
                0x0000000008003cb0                TIM1_CC_IRQHandler
                0x0000000008003cb0                PVD_IRQHandler
                0x0000000008003cb0                EXTI3_IRQHandler
                0x0000000008003cb0                EXTI0_IRQHandler
                0x0000000008003cb0                I2C2_EV_IRQHandler
                0x0000000008003cb0                ADC1_2_IRQHandler
                0x0000000008003cb0                SPI1_IRQHandler
                0x0000000008003cb0                TAMPER_IRQHandler
                0x0000000008003cb0                DMA1_Channel4_IRQHandler
                0x0000000008003cb0                USART3_IRQHandler
                0x0000000008003cb0                RTC_IRQHandler
                0x0000000008003cb0                DMA1_Channel7_IRQHandler
                0x0000000008003cb0                CAN1_RX1_IRQHandler
                0x0000000008003cb0                TIM4_IRQHandler
                0x0000000008003cb0                I2C1_EV_IRQHandler
                0x0000000008003cb0                DMA1_Channel6_IRQHandler
                0x0000000008003cb0                TIM3_IRQHandler
                0x0000000008003cb0                RCC_IRQHandler
                0x0000000008003cb0                TIM1_TRG_COM_IRQHandler
                0x0000000008003cb0                DMA1_Channel1_IRQHandler
                0x0000000008003cb0                Default_Handler
                0x0000000008003cb0                EXTI15_10_IRQHandler
                0x0000000008003cb0                EXTI9_5_IRQHandler
                0x0000000008003cb0                SPI2_IRQHandler
                0x0000000008003cb0                DMA1_Channel5_IRQHandler
                0x0000000008003cb0                EXTI4_IRQHandler
                0x0000000008003cb0                USB_HP_CAN1_TX_IRQHandler
                0x0000000008003cb0                DMA1_Channel3_IRQHandler
                0x0000000008003cb0                WWDG_IRQHandler
                0x0000000008003cb0                TIM2_IRQHandler
                0x0000000008003cb0                TIM1_BRK_IRQHandler
                0x0000000008003cb0                EXTI1_IRQHandler
                0x0000000008003cb0                USART2_IRQHandler
                0x0000000008003cb0                I2C2_ER_IRQHandler
                0x0000000008003cb0                DMA1_Channel2_IRQHandler
                0x0000000008003cb0                CAN1_SCE_IRQHandler
                0x0000000008003cb0                FLASH_IRQHandler
                0x0000000008003cb0                USART1_IRQHandler
                0x0000000008003cb0                I2C1_ER_IRQHandler
                0x0000000008003cb0                USBWakeUp_IRQHandler
 *fill*         0x0000000008003cb2        0x2 
 .text.__libc_init_array
                0x0000000008003cb4       0x48 /home/mishko/Packages/STM32Ac6/plugins/fr.ac6.mcu.externaltools.arm-none.linux64_1.17.0.201812190825/tools/compiler/bin/../lib/gcc/arm-none-eabi/7.3.1/../../../../arm-none-eabi/lib/thumb/v7-m/libc_nano.a(lib_a-init.o)
                0x0000000008003cb4                __libc_init_array
 *(.glue_7)
 .glue_7        0x0000000008003cfc        0x0 linker stubs
 *(.glue_7t)
 .glue_7t       0x0000000008003cfc        0x0 linker stubs
 *(.eh_frame)
 .eh_frame      0x0000000008003cfc        0x0 /home/mishko/Packages/STM32Ac6/plugins/fr.ac6.mcu.externaltools.arm-none.linux64_1.17.0.201812190825/tools/compiler/bin/../lib/gcc/arm-none-eabi/7.3.1/thumb/v7-m/crtbegin.o
 *(.init)
 .init          0x0000000008003cfc        0x4 /home/mishko/Packages/STM32Ac6/plugins/fr.ac6.mcu.externaltools.arm-none.linux64_1.17.0.201812190825/tools/compiler/bin/../lib/gcc/arm-none-eabi/7.3.1/thumb/v7-m/crti.o
                0x0000000008003cfc                _init
 .init          0x0000000008003d00        0x8 /home/mishko/Packages/STM32Ac6/plugins/fr.ac6.mcu.externaltools.arm-none.linux64_1.17.0.201812190825/tools/compiler/bin/../lib/gcc/arm-none-eabi/7.3.1/thumb/v7-m/crtn.o
 *(.fini)
 .fini          0x0000000008003d08        0x4 /home/mishko/Packages/STM32Ac6/plugins/fr.ac6.mcu.externaltools.arm-none.linux64_1.17.0.201812190825/tools/compiler/bin/../lib/gcc/arm-none-eabi/7.3.1/thumb/v7-m/crti.o
                0x0000000008003d08                _fini
 .fini          0x0000000008003d0c        0x8 /home/mishko/Packages/STM32Ac6/plugins/fr.ac6.mcu.externaltools.arm-none.linux64_1.17.0.201812190825/tools/compiler/bin/../lib/gcc/arm-none-eabi/7.3.1/thumb/v7-m/crtn.o
                0x0000000008003d14                . = ALIGN (0x4)
                0x0000000008003d14                _etext = .

.vfp11_veneer   0x0000000008003d14        0x0
 .vfp11_veneer  0x0000000008003d14        0x0 linker stubs

.v4_bx          0x0000000008003d14        0x0
 .v4_bx         0x0000000008003d14        0x0 linker stubs

.iplt           0x0000000008003d14        0x0
 .iplt          0x0000000008003d14        0x0 /home/mishko/Packages/STM32Ac6/plugins/fr.ac6.mcu.externaltools.arm-none.linux64_1.17.0.201812190825/tools/compiler/bin/../lib/gcc/arm-none-eabi/7.3.1/thumb/v7-m/crtbegin.o

.rodata         0x0000000008003d14       0x74
                0x0000000008003d14                . = ALIGN (0x4)
 *(.rodata)
 .rodata        0x0000000008003d14       0x10 Drivers/STM32F1xx_HAL_Driver/Src/stm32f1xx_hal_rcc.o
 .rodata        0x0000000008003d24       0x18 Src/system_stm32f1xx.o
                0x0000000008003d24                AHBPrescTable
                0x0000000008003d34                APBPrescTable
 .rodata        0x0000000008003d3c        0x4 Src/usbd_conf.o
 *(.rodata*)
 .rodata.str1.4
                0x0000000008003d40       0x48 Src/usbd_desc.o
                                         0x46 (size before relaxing)
                0x0000000008003d88                . = ALIGN (0x4)

.rel.dyn        0x0000000008003d88        0x0
 .rel.iplt      0x0000000008003d88        0x0 /home/mishko/Packages/STM32Ac6/plugins/fr.ac6.mcu.externaltools.arm-none.linux64_1.17.0.201812190825/tools/compiler/bin/../lib/gcc/arm-none-eabi/7.3.1/thumb/v7-m/crtbegin.o

.ARM.extab
 *(.ARM.extab* .gnu.linkonce.armextab.*)

.ARM            0x0000000008003d88        0x0
                0x0000000008003d88                __exidx_start = .
 *(.ARM.exidx*)
                0x0000000008003d88                __exidx_end = .

.preinit_array  0x0000000008003d88        0x0
                0x0000000008003d88                PROVIDE (__preinit_array_start = .)
 *(.preinit_array*)
                0x0000000008003d88                PROVIDE (__preinit_array_end = .)

.init_array     0x0000000008003d88        0x4
                0x0000000008003d88                PROVIDE (__init_array_start = .)
 *(SORT_BY_NAME(.init_array.*))
 *(.init_array*)
 .init_array    0x0000000008003d88        0x4 /home/mishko/Packages/STM32Ac6/plugins/fr.ac6.mcu.externaltools.arm-none.linux64_1.17.0.201812190825/tools/compiler/bin/../lib/gcc/arm-none-eabi/7.3.1/thumb/v7-m/crtbegin.o
                0x0000000008003d8c                PROVIDE (__init_array_end = .)

.fini_array     0x0000000008003d8c        0x4
                [!provide]                        PROVIDE (__fini_array_start = .)
 *(SORT_BY_NAME(.fini_array.*))
 *(.fini_array*)
 .fini_array    0x0000000008003d8c        0x4 /home/mishko/Packages/STM32Ac6/plugins/fr.ac6.mcu.externaltools.arm-none.linux64_1.17.0.201812190825/tools/compiler/bin/../lib/gcc/arm-none-eabi/7.3.1/thumb/v7-m/crtbegin.o
                [!provide]                        PROVIDE (__fini_array_end = .)
                0x0000000008003d90                _sidata = LOADADDR (.data)

.data           0x0000000020000000      0x17c load address 0x0000000008003d90
                0x0000000020000000                . = ALIGN (0x4)
                0x0000000020000000                _sdata = .
 *(.data)
 .data          0x0000000020000000        0x8 Drivers/STM32F1xx_HAL_Driver/Src/stm32f1xx_hal.o
                0x0000000020000000                uwTickFreq
                0x0000000020000004                uwTickPrio
 .data          0x0000000020000008      0x110 Middlewares/ST/STM32_USB_Device_Library/Class/CDC/Src/usbd_cdc.o
                0x0000000020000008                USBD_CDC_CfgFSDesc
                0x000000002000004c                USBD_CDC_CfgHSDesc
                0x0000000020000090                USBD_CDC_OtherSpeedCfgDesc
                0x00000000200000e0                USBD_CDC
 .data          0x0000000020000118        0x4 Src/system_stm32f1xx.o
                0x0000000020000118                SystemCoreClock
 .data          0x000000002000011c       0x10 Src/usbd_cdc_if.o
                0x000000002000011c                USBD_Interface_fops_FS
 .data          0x000000002000012c       0x50 Src/usbd_desc.o
                0x000000002000012c                USBD_FS_DeviceDesc
                0x0000000020000140                USBD_LangIDDesc
                0x0000000020000144                USBD_StringSerial
                0x0000000020000160                FS_Desc
 *(.data*)
                0x000000002000017c                . = ALIGN (0x4)
                0x000000002000017c                _edata = .

.igot.plt       0x000000002000017c        0x0 load address 0x0000000008003f0c
 .igot.plt      0x000000002000017c        0x0 /home/mishko/Packages/STM32Ac6/plugins/fr.ac6.mcu.externaltools.arm-none.linux64_1.17.0.201812190825/tools/compiler/bin/../lib/gcc/arm-none-eabi/7.3.1/thumb/v7-m/crtbegin.o
                0x000000002000017c                . = ALIGN (0x4)

.bss            0x000000002000017c     0x1270 load address 0x0000000008003f0c
                0x000000002000017c                _sbss = .
                0x000000002000017c                __bss_start__ = _sbss
 *(.bss)
 .bss           0x000000002000017c       0x1c /home/mishko/Packages/STM32Ac6/plugins/fr.ac6.mcu.externaltools.arm-none.linux64_1.17.0.201812190825/tools/compiler/bin/../lib/gcc/arm-none-eabi/7.3.1/thumb/v7-m/crtbegin.o
 .bss           0x0000000020000198        0x1 Middlewares/ST/STM32_USB_Device_Library/Core/Src/usbd_ctlreq.o
 .bss           0x0000000020000199        0x1 Src/main.o
                0x0000000020000199                watchDogCnt
 *fill*         0x000000002000019a        0x2 
 .bss           0x000000002000019c      0x220 Src/usbd_conf.o
 *(.bss*)
 *(COMMON)
 COMMON         0x00000000200003bc        0x4 Drivers/STM32F1xx_HAL_Driver/Src/stm32f1xx_hal.o
                0x00000000200003bc                uwTick
 COMMON         0x00000000200003c0      0x12c Src/main.o
                0x00000000200003c0                hi2c1
                0x0000000020000414                huart1
                0x0000000020000454                htim1
                0x0000000020000494                hspi1
 COMMON         0x00000000200004ec      0x2c4 Src/usb_device.o
                0x00000000200004ec                hUsbDeviceFS
 COMMON         0x00000000200007b0      0x7d0 Src/usbd_cdc_if.o
                0x00000000200007b0                UserRxBufferFS
                0x0000000020000b98                UserTxBufferFS
 COMMON         0x0000000020000f80      0x26c Src/usbd_conf.o
                0x0000000020000f80                hpcd_USB_FS
 COMMON         0x00000000200011ec      0x200 Src/usbd_desc.o
                0x00000000200011ec                USBD_StrDesc
                0x00000000200013ec                . = ALIGN (0x4)
                0x00000000200013ec                _ebss = .
                0x00000000200013ec                __bss_end__ = _ebss

._user_heap_stack
                0x00000000200013ec      0x604 load address 0x0000000008003f0c
                0x00000000200013f0                . = ALIGN (0x8)
 *fill*         0x00000000200013ec        0x4 
                0x00000000200013f0                PROVIDE (end = .)
                [!provide]                        PROVIDE (_end = .)
                0x00000000200015f0                . = (. + _Min_Heap_Size)
 *fill*         0x00000000200013f0      0x200 
                0x00000000200019f0                . = (. + _Min_Stack_Size)
 *fill*         0x00000000200015f0      0x400 
                0x00000000200019f0                . = ALIGN (0x8)

/DISCARD/
 libc.a(*)
 libm.a(*)
 libgcc.a(*)

.ARM.attributes
                0x0000000000000000       0x29
 *(.ARM.attributes)
 .ARM.attributes
                0x0000000000000000       0x1d /home/mishko/Packages/STM32Ac6/plugins/fr.ac6.mcu.externaltools.arm-none.linux64_1.17.0.201812190825/tools/compiler/bin/../lib/gcc/arm-none-eabi/7.3.1/thumb/v7-m/crti.o
 .ARM.attributes
                0x000000000000001d       0x2d /home/mishko/Packages/STM32Ac6/plugins/fr.ac6.mcu.externaltools.arm-none.linux64_1.17.0.201812190825/tools/compiler/bin/../lib/gcc/arm-none-eabi/7.3.1/thumb/v7-m/crtbegin.o
 .ARM.attributes
                0x000000000000004a       0x33 Drivers/STM32F1xx_HAL_Driver/Src/stm32f1xx_hal.o
 .ARM.attributes
                0x000000000000007d       0x33 Drivers/STM32F1xx_HAL_Driver/Src/stm32f1xx_hal_cortex.o
 .ARM.attributes
                0x00000000000000b0       0x33 Drivers/STM32F1xx_HAL_Driver/Src/stm32f1xx_hal_gpio.o
 .ARM.attributes
                0x00000000000000e3       0x33 Drivers/STM32F1xx_HAL_Driver/Src/stm32f1xx_hal_i2c.o
 .ARM.attributes
                0x0000000000000116       0x33 Drivers/STM32F1xx_HAL_Driver/Src/stm32f1xx_hal_pcd.o
 .ARM.attributes
                0x0000000000000149       0x33 Drivers/STM32F1xx_HAL_Driver/Src/stm32f1xx_hal_pcd_ex.o
 .ARM.attributes
                0x000000000000017c       0x33 Drivers/STM32F1xx_HAL_Driver/Src/stm32f1xx_hal_rcc.o
 .ARM.attributes
                0x00000000000001af       0x33 Drivers/STM32F1xx_HAL_Driver/Src/stm32f1xx_hal_rcc_ex.o
 .ARM.attributes
                0x00000000000001e2       0x33 Drivers/STM32F1xx_HAL_Driver/Src/stm32f1xx_hal_spi.o
 .ARM.attributes
                0x0000000000000215       0x33 Drivers/STM32F1xx_HAL_Driver/Src/stm32f1xx_hal_tim.o
 .ARM.attributes
                0x0000000000000248       0x33 Drivers/STM32F1xx_HAL_Driver/Src/stm32f1xx_hal_tim_ex.o
 .ARM.attributes
                0x000000000000027b       0x33 Drivers/STM32F1xx_HAL_Driver/Src/stm32f1xx_hal_uart.o
 .ARM.attributes
                0x00000000000002ae       0x33 Drivers/STM32F1xx_HAL_Driver/Src/stm32f1xx_ll_usb.o
 .ARM.attributes
                0x00000000000002e1       0x33 Middlewares/ST/STM32_USB_Device_Library/Class/CDC/Src/usbd_cdc.o
 .ARM.attributes
                0x0000000000000314       0x33 Middlewares/ST/STM32_USB_Device_Library/Core/Src/usbd_core.o
 .ARM.attributes
                0x0000000000000347       0x33 Middlewares/ST/STM32_USB_Device_Library/Core/Src/usbd_ctlreq.o
 .ARM.attributes
                0x000000000000037a       0x33 Middlewares/ST/STM32_USB_Device_Library/Core/Src/usbd_ioreq.o
 .ARM.attributes
                0x00000000000003ad       0x33 Src/main.o
 .ARM.attributes
                0x00000000000003e0       0x33 Src/stm32f1xx_hal_msp.o
 .ARM.attributes
                0x0000000000000413       0x33 Src/stm32f1xx_it.o
 .ARM.attributes
                0x0000000000000446       0x33 Src/system_stm32f1xx.o
 .ARM.attributes
                0x0000000000000479       0x33 Src/usb_device.o
 .ARM.attributes
                0x00000000000004ac       0x33 Src/usbd_cdc_if.o
 .ARM.attributes
                0x00000000000004df       0x33 Src/usbd_conf.o
 .ARM.attributes
                0x0000000000000512       0x33 Src/usbd_desc.o
 .ARM.attributes
                0x0000000000000545       0x21 startup/startup_stm32f103xb.o
 .ARM.attributes
                0x0000000000000566       0x2d /home/mishko/Packages/STM32Ac6/plugins/fr.ac6.mcu.externaltools.arm-none.linux64_1.17.0.201812190825/tools/compiler/bin/../lib/gcc/arm-none-eabi/7.3.1/../../../../arm-none-eabi/lib/thumb/v7-m/libc_nano.a(lib_a-init.o)
 .ARM.attributes
                0x0000000000000593       0x1d /home/mishko/Packages/STM32Ac6/plugins/fr.ac6.mcu.externaltools.arm-none.linux64_1.17.0.201812190825/tools/compiler/bin/../lib/gcc/arm-none-eabi/7.3.1/thumb/v7-m/crtn.o
OUTPUT(voltmeterF100.elf elf32-littlearm)

.debug_info     0x0000000000000000    0x1fcd4
 .debug_info    0x0000000000000000      0x7d1 Drivers/STM32F1xx_HAL_Driver/Src/stm32f1xx_hal.o
 .debug_info    0x00000000000007d1      0xca8 Drivers/STM32F1xx_HAL_Driver/Src/stm32f1xx_hal_cortex.o
 .debug_info    0x0000000000001479      0x695 Drivers/STM32F1xx_HAL_Driver/Src/stm32f1xx_hal_gpio.o
 .debug_info    0x0000000000001b0e     0x3538 Drivers/STM32F1xx_HAL_Driver/Src/stm32f1xx_hal_i2c.o
 .debug_info    0x0000000000005046     0x1337 Drivers/STM32F1xx_HAL_Driver/Src/stm32f1xx_hal_pcd.o
 .debug_info    0x000000000000637d      0x754 Drivers/STM32F1xx_HAL_Driver/Src/stm32f1xx_hal_pcd_ex.o
 .debug_info    0x0000000000006ad1      0xa01 Drivers/STM32F1xx_HAL_Driver/Src/stm32f1xx_hal_rcc.o
 .debug_info    0x00000000000074d2      0x488 Drivers/STM32F1xx_HAL_Driver/Src/stm32f1xx_hal_rcc_ex.o
 .debug_info    0x000000000000795a     0x1da2 Drivers/STM32F1xx_HAL_Driver/Src/stm32f1xx_hal_spi.o
 .debug_info    0x00000000000096fc     0x3946 Drivers/STM32F1xx_HAL_Driver/Src/stm32f1xx_hal_tim.o
 .debug_info    0x000000000000d042     0x1449 Drivers/STM32F1xx_HAL_Driver/Src/stm32f1xx_hal_tim_ex.o
 .debug_info    0x000000000000e48b     0x16a8 Drivers/STM32F1xx_HAL_Driver/Src/stm32f1xx_hal_uart.o
 .debug_info    0x000000000000fb33     0x167f Drivers/STM32F1xx_HAL_Driver/Src/stm32f1xx_ll_usb.o
 .debug_info    0x00000000000111b2     0x1ab4 Middlewares/ST/STM32_USB_Device_Library/Class/CDC/Src/usbd_cdc.o
 .debug_info    0x0000000000012c66     0x1539 Middlewares/ST/STM32_USB_Device_Library/Core/Src/usbd_core.o
 .debug_info    0x000000000001419f     0x16ae Middlewares/ST/STM32_USB_Device_Library/Core/Src/usbd_ctlreq.o
 .debug_info    0x000000000001584d     0x102d Middlewares/ST/STM32_USB_Device_Library/Core/Src/usbd_ioreq.o
 .debug_info    0x000000000001687a     0x212a Src/main.o
 .debug_info    0x00000000000189a4     0x1376 Src/stm32f1xx_hal_msp.o
 .debug_info    0x0000000000019d1a      0xb34 Src/stm32f1xx_it.o
 .debug_info    0x000000000001a84e      0x43a Src/system_stm32f1xx.o
 .debug_info    0x000000000001ac88      0xf3c Src/usb_device.o
 .debug_info    0x000000000001bbc4     0x10f8 Src/usbd_cdc_if.o
 .debug_info    0x000000000001ccbc     0x2152 Src/usbd_conf.o
 .debug_info    0x000000000001ee0e      0xea4 Src/usbd_desc.o
 .debug_info    0x000000000001fcb2       0x22 startup/startup_stm32f103xb.o

.debug_abbrev   0x0000000000000000     0x44ce
 .debug_abbrev  0x0000000000000000      0x251 Drivers/STM32F1xx_HAL_Driver/Src/stm32f1xx_hal.o
 .debug_abbrev  0x0000000000000251      0x2fb Drivers/STM32F1xx_HAL_Driver/Src/stm32f1xx_hal_cortex.o
 .debug_abbrev  0x000000000000054c      0x1dc Drivers/STM32F1xx_HAL_Driver/Src/stm32f1xx_hal_gpio.o
 .debug_abbrev  0x0000000000000728      0x3d8 Drivers/STM32F1xx_HAL_Driver/Src/stm32f1xx_hal_i2c.o
 .debug_abbrev  0x0000000000000b00      0x338 Drivers/STM32F1xx_HAL_Driver/Src/stm32f1xx_hal_pcd.o
 .debug_abbrev  0x0000000000000e38      0x1b6 Drivers/STM32F1xx_HAL_Driver/Src/stm32f1xx_hal_pcd_ex.o
 .debug_abbrev  0x0000000000000fee      0x2a1 Drivers/STM32F1xx_HAL_Driver/Src/stm32f1xx_hal_rcc.o
 .debug_abbrev  0x000000000000128f      0x1c7 Drivers/STM32F1xx_HAL_Driver/Src/stm32f1xx_hal_rcc_ex.o
 .debug_abbrev  0x0000000000001456      0x376 Drivers/STM32F1xx_HAL_Driver/Src/stm32f1xx_hal_spi.o
 .debug_abbrev  0x00000000000017cc      0x352 Drivers/STM32F1xx_HAL_Driver/Src/stm32f1xx_hal_tim.o
 .debug_abbrev  0x0000000000001b1e      0x2ed Drivers/STM32F1xx_HAL_Driver/Src/stm32f1xx_hal_tim_ex.o
 .debug_abbrev  0x0000000000001e0b      0x309 Drivers/STM32F1xx_HAL_Driver/Src/stm32f1xx_hal_uart.o
 .debug_abbrev  0x0000000000002114      0x2d5 Drivers/STM32F1xx_HAL_Driver/Src/stm32f1xx_ll_usb.o
 .debug_abbrev  0x00000000000023e9      0x32c Middlewares/ST/STM32_USB_Device_Library/Class/CDC/Src/usbd_cdc.o
 .debug_abbrev  0x0000000000002715      0x327 Middlewares/ST/STM32_USB_Device_Library/Core/Src/usbd_core.o
 .debug_abbrev  0x0000000000002a3c      0x3cd Middlewares/ST/STM32_USB_Device_Library/Core/Src/usbd_ctlreq.o
 .debug_abbrev  0x0000000000002e09      0x223 Middlewares/ST/STM32_USB_Device_Library/Core/Src/usbd_ioreq.o
 .debug_abbrev  0x000000000000302c      0x399 Src/main.o
 .debug_abbrev  0x00000000000033c5      0x221 Src/stm32f1xx_hal_msp.o
 .debug_abbrev  0x00000000000035e6      0x1e1 Src/stm32f1xx_it.o
 .debug_abbrev  0x00000000000037c7      0x134 Src/system_stm32f1xx.o
 .debug_abbrev  0x00000000000038fb      0x22a Src/usb_device.o
 .debug_abbrev  0x0000000000003b25      0x2e6 Src/usbd_cdc_if.o
 .debug_abbrev  0x0000000000003e0b      0x354 Src/usbd_conf.o
 .debug_abbrev  0x000000000000415f      0x35d Src/usbd_desc.o
 .debug_abbrev  0x00000000000044bc       0x12 startup/startup_stm32f103xb.o

.debug_loc      0x0000000000000000    0x11aea
 .debug_loc     0x0000000000000000      0x10d Drivers/STM32F1xx_HAL_Driver/Src/stm32f1xx_hal.o
 .debug_loc     0x000000000000010d      0x588 Drivers/STM32F1xx_HAL_Driver/Src/stm32f1xx_hal_cortex.o
 .debug_loc     0x0000000000000695      0x3a9 Drivers/STM32F1xx_HAL_Driver/Src/stm32f1xx_hal_gpio.o
 .debug_loc     0x0000000000000a3e     0x3486 Drivers/STM32F1xx_HAL_Driver/Src/stm32f1xx_hal_i2c.o
 .debug_loc     0x0000000000003ec4      0xb16 Drivers/STM32F1xx_HAL_Driver/Src/stm32f1xx_hal_pcd.o
 .debug_loc     0x00000000000049da       0xea Drivers/STM32F1xx_HAL_Driver/Src/stm32f1xx_hal_pcd_ex.o
 .debug_loc     0x0000000000004ac4      0x492 Drivers/STM32F1xx_HAL_Driver/Src/stm32f1xx_hal_rcc.o
 .debug_loc     0x0000000000004f56      0x2f2 Drivers/STM32F1xx_HAL_Driver/Src/stm32f1xx_hal_rcc_ex.o
 .debug_loc     0x0000000000005248     0x1bb6 Drivers/STM32F1xx_HAL_Driver/Src/stm32f1xx_hal_spi.o
 .debug_loc     0x0000000000006dfe     0x4438 Drivers/STM32F1xx_HAL_Driver/Src/stm32f1xx_hal_tim.o
 .debug_loc     0x000000000000b236     0x1145 Drivers/STM32F1xx_HAL_Driver/Src/stm32f1xx_hal_tim_ex.o
 .debug_loc     0x000000000000c37b     0x14b5 Drivers/STM32F1xx_HAL_Driver/Src/stm32f1xx_hal_uart.o
 .debug_loc     0x000000000000d830     0x16c7 Drivers/STM32F1xx_HAL_Driver/Src/stm32f1xx_ll_usb.o
 .debug_loc     0x000000000000eef7      0x6a9 Middlewares/ST/STM32_USB_Device_Library/Class/CDC/Src/usbd_cdc.o
 .debug_loc     0x000000000000f5a0      0x76c Middlewares/ST/STM32_USB_Device_Library/Core/Src/usbd_core.o
 .debug_loc     0x000000000000fd0c      0xb72 Middlewares/ST/STM32_USB_Device_Library/Core/Src/usbd_ctlreq.o
 .debug_loc     0x000000000001087e      0x23c Middlewares/ST/STM32_USB_Device_Library/Core/Src/usbd_ioreq.o
 .debug_loc     0x0000000000010aba       0xf1 Src/main.o
 .debug_loc     0x0000000000010bab      0x108 Src/stm32f1xx_hal_msp.o
 .debug_loc     0x0000000000010cb3       0xcd Src/system_stm32f1xx.o
 .debug_loc     0x0000000000010d80       0xf4 Src/usbd_cdc_if.o
 .debug_loc     0x0000000000010e74      0x922 Src/usbd_conf.o
 .debug_loc     0x0000000000011796      0x354 Src/usbd_desc.o

.debug_aranges  0x0000000000000000     0x1118
 .debug_aranges
                0x0000000000000000       0xd8 Drivers/STM32F1xx_HAL_Driver/Src/stm32f1xx_hal.o
 .debug_aranges
                0x00000000000000d8       0x90 Drivers/STM32F1xx_HAL_Driver/Src/stm32f1xx_hal_cortex.o
 .debug_aranges
                0x0000000000000168       0x58 Drivers/STM32F1xx_HAL_Driver/Src/stm32f1xx_hal_gpio.o
 .debug_aranges
                0x00000000000001c0      0x1a8 Drivers/STM32F1xx_HAL_Driver/Src/stm32f1xx_hal_i2c.o
 .debug_aranges
                0x0000000000000368       0xc0 Drivers/STM32F1xx_HAL_Driver/Src/stm32f1xx_hal_pcd.o
 .debug_aranges
                0x0000000000000428       0x28 Drivers/STM32F1xx_HAL_Driver/Src/stm32f1xx_hal_pcd_ex.o
 .debug_aranges
                0x0000000000000450       0x88 Drivers/STM32F1xx_HAL_Driver/Src/stm32f1xx_hal_rcc.o
 .debug_aranges
                0x00000000000004d8       0x30 Drivers/STM32F1xx_HAL_Driver/Src/stm32f1xx_hal_rcc_ex.o
 .debug_aranges
                0x0000000000000508      0x188 Drivers/STM32F1xx_HAL_Driver/Src/stm32f1xx_hal_spi.o
 .debug_aranges
                0x0000000000000690      0x278 Drivers/STM32F1xx_HAL_Driver/Src/stm32f1xx_hal_tim.o
 .debug_aranges
                0x0000000000000908       0xf0 Drivers/STM32F1xx_HAL_Driver/Src/stm32f1xx_hal_tim_ex.o
 .debug_aranges
                0x00000000000009f8      0x168 Drivers/STM32F1xx_HAL_Driver/Src/stm32f1xx_hal_uart.o
 .debug_aranges
                0x0000000000000b60       0xe0 Drivers/STM32F1xx_HAL_Driver/Src/stm32f1xx_ll_usb.o
 .debug_aranges
                0x0000000000000c40       0x90 Middlewares/ST/STM32_USB_Device_Library/Class/CDC/Src/usbd_cdc.o
 .debug_aranges
                0x0000000000000cd0       0xa8 Middlewares/ST/STM32_USB_Device_Library/Core/Src/usbd_core.o
 .debug_aranges
                0x0000000000000d78       0x48 Middlewares/ST/STM32_USB_Device_Library/Core/Src/usbd_ctlreq.o
 .debug_aranges
                0x0000000000000dc0       0x50 Middlewares/ST/STM32_USB_Device_Library/Core/Src/usbd_ioreq.o
 .debug_aranges
                0x0000000000000e10       0x38 Src/main.o
 .debug_aranges
                0x0000000000000e48       0x60 Src/stm32f1xx_hal_msp.o
 .debug_aranges
                0x0000000000000ea8       0x58 Src/stm32f1xx_it.o
 .debug_aranges
                0x0000000000000f00       0x28 Src/system_stm32f1xx.o
 .debug_aranges
                0x0000000000000f28       0x20 Src/usb_device.o
 .debug_aranges
                0x0000000000000f48       0x40 Src/usbd_cdc_if.o
 .debug_aranges
                0x0000000000000f88      0x110 Src/usbd_conf.o
 .debug_aranges
                0x0000000000001098       0x58 Src/usbd_desc.o
 .debug_aranges
                0x00000000000010f0       0x28 startup/startup_stm32f103xb.o

.debug_ranges   0x0000000000000000     0x2210
 .debug_ranges  0x0000000000000000       0xc8 Drivers/STM32F1xx_HAL_Driver/Src/stm32f1xx_hal.o
 .debug_ranges  0x00000000000000c8      0x148 Drivers/STM32F1xx_HAL_Driver/Src/stm32f1xx_hal_cortex.o
 .debug_ranges  0x0000000000000210       0x68 Drivers/STM32F1xx_HAL_Driver/Src/stm32f1xx_hal_gpio.o
 .debug_ranges  0x0000000000000278      0x5c8 Drivers/STM32F1xx_HAL_Driver/Src/stm32f1xx_hal_i2c.o
 .debug_ranges  0x0000000000000840      0x190 Drivers/STM32F1xx_HAL_Driver/Src/stm32f1xx_hal_pcd.o
 .debug_ranges  0x00000000000009d0       0x18 Drivers/STM32F1xx_HAL_Driver/Src/stm32f1xx_hal_pcd_ex.o
 .debug_ranges  0x00000000000009e8       0xd8 Drivers/STM32F1xx_HAL_Driver/Src/stm32f1xx_hal_rcc.o
 .debug_ranges  0x0000000000000ac0       0x58 Drivers/STM32F1xx_HAL_Driver/Src/stm32f1xx_hal_rcc_ex.o
 .debug_ranges  0x0000000000000b18      0x328 Drivers/STM32F1xx_HAL_Driver/Src/stm32f1xx_hal_spi.o
 .debug_ranges  0x0000000000000e40      0x558 Drivers/STM32F1xx_HAL_Driver/Src/stm32f1xx_hal_tim.o
 .debug_ranges  0x0000000000001398      0x1d0 Drivers/STM32F1xx_HAL_Driver/Src/stm32f1xx_hal_tim_ex.o
 .debug_ranges  0x0000000000001568      0x200 Drivers/STM32F1xx_HAL_Driver/Src/stm32f1xx_hal_uart.o
 .debug_ranges  0x0000000000001768      0x3e8 Drivers/STM32F1xx_HAL_Driver/Src/stm32f1xx_ll_usb.o
 .debug_ranges  0x0000000000001b50       0x80 Middlewares/ST/STM32_USB_Device_Library/Class/CDC/Src/usbd_cdc.o
 .debug_ranges  0x0000000000001bd0       0x98 Middlewares/ST/STM32_USB_Device_Library/Core/Src/usbd_core.o
 .debug_ranges  0x0000000000001c68       0xf0 Middlewares/ST/STM32_USB_Device_Library/Core/Src/usbd_ctlreq.o
 .debug_ranges  0x0000000000001d58       0x40 Middlewares/ST/STM32_USB_Device_Library/Core/Src/usbd_ioreq.o
 .debug_ranges  0x0000000000001d98       0xd0 Src/main.o
 .debug_ranges  0x0000000000001e68      0x150 Src/stm32f1xx_hal_msp.o
 .debug_ranges  0x0000000000001fb8       0x48 Src/stm32f1xx_it.o
 .debug_ranges  0x0000000000002000       0x18 Src/system_stm32f1xx.o
 .debug_ranges  0x0000000000002018       0x10 Src/usb_device.o
 .debug_ranges  0x0000000000002028       0x30 Src/usbd_cdc_if.o
 .debug_ranges  0x0000000000002058      0x130 Src/usbd_conf.o
 .debug_ranges  0x0000000000002188       0x68 Src/usbd_desc.o
 .debug_ranges  0x00000000000021f0       0x20 startup/startup_stm32f103xb.o

.debug_macro    0x0000000000000000    0x1821b
 .debug_macro   0x0000000000000000      0x1f6 Drivers/STM32F1xx_HAL_Driver/Src/stm32f1xx_hal.o
 .debug_macro   0x00000000000001f6      0xa60 Drivers/STM32F1xx_HAL_Driver/Src/stm32f1xx_hal.o
 .debug_macro   0x0000000000000c56      0x22d Drivers/STM32F1xx_HAL_Driver/Src/stm32f1xx_hal.o
 .debug_macro   0x0000000000000e83       0x2e Drivers/STM32F1xx_HAL_Driver/Src/stm32f1xx_hal.o
 .debug_macro   0x0000000000000eb1       0x22 Drivers/STM32F1xx_HAL_Driver/Src/stm32f1xx_hal.o
 .debug_macro   0x0000000000000ed3       0x22 Drivers/STM32F1xx_HAL_Driver/Src/stm32f1xx_hal.o
 .debug_macro   0x0000000000000ef5       0x8e Drivers/STM32F1xx_HAL_Driver/Src/stm32f1xx_hal.o
 .debug_macro   0x0000000000000f83       0x51 Drivers/STM32F1xx_HAL_Driver/Src/stm32f1xx_hal.o
 .debug_macro   0x0000000000000fd4       0xef Drivers/STM32F1xx_HAL_Driver/Src/stm32f1xx_hal.o
 .debug_macro   0x00000000000010c3       0x6a Drivers/STM32F1xx_HAL_Driver/Src/stm32f1xx_hal.o
 .debug_macro   0x000000000000112d      0x1df Drivers/STM32F1xx_HAL_Driver/Src/stm32f1xx_hal.o
 .debug_macro   0x000000000000130c       0x1c Drivers/STM32F1xx_HAL_Driver/Src/stm32f1xx_hal.o
 .debug_macro   0x0000000000001328       0x22 Drivers/STM32F1xx_HAL_Driver/Src/stm32f1xx_hal.o
 .debug_macro   0x000000000000134a       0xc3 Drivers/STM32F1xx_HAL_Driver/Src/stm32f1xx_hal.o
 .debug_macro   0x000000000000140d      0xd23 Drivers/STM32F1xx_HAL_Driver/Src/stm32f1xx_hal.o
 .debug_macro   0x0000000000002130     0xe09e Drivers/STM32F1xx_HAL_Driver/Src/stm32f1xx_hal.o
 .debug_macro   0x00000000000101ce       0x43 Drivers/STM32F1xx_HAL_Driver/Src/stm32f1xx_hal.o
 .debug_macro   0x0000000000010211      0x174 Drivers/STM32F1xx_HAL_Driver/Src/stm32f1xx_hal.o
 .debug_macro   0x0000000000010385       0x4e Drivers/STM32F1xx_HAL_Driver/Src/stm32f1xx_hal.o
 .debug_macro   0x00000000000103d3      0x5be Drivers/STM32F1xx_HAL_Driver/Src/stm32f1xx_hal.o
 .debug_macro   0x0000000000010991      0x289 Drivers/STM32F1xx_HAL_Driver/Src/stm32f1xx_hal.o
 .debug_macro   0x0000000000010c1a      0x1cb Drivers/STM32F1xx_HAL_Driver/Src/stm32f1xx_hal.o
 .debug_macro   0x0000000000010de5      0x114 Drivers/STM32F1xx_HAL_Driver/Src/stm32f1xx_hal.o
 .debug_macro   0x0000000000010ef9      0x1b2 Drivers/STM32F1xx_HAL_Driver/Src/stm32f1xx_hal.o
 .debug_macro   0x00000000000110ab       0x27 Drivers/STM32F1xx_HAL_Driver/Src/stm32f1xx_hal.o
 .debug_macro   0x00000000000110d2      0x136 Drivers/STM32F1xx_HAL_Driver/Src/stm32f1xx_hal.o
 .debug_macro   0x0000000000011208      0x1bc Drivers/STM32F1xx_HAL_Driver/Src/stm32f1xx_hal.o
 .debug_macro   0x00000000000113c4       0x34 Drivers/STM32F1xx_HAL_Driver/Src/stm32f1xx_hal.o
 .debug_macro   0x00000000000113f8       0x3c Drivers/STM32F1xx_HAL_Driver/Src/stm32f1xx_hal.o
 .debug_macro   0x0000000000011434       0x57 Drivers/STM32F1xx_HAL_Driver/Src/stm32f1xx_hal.o
 .debug_macro   0x000000000001148b       0x88 Drivers/STM32F1xx_HAL_Driver/Src/stm32f1xx_hal.o
 .debug_macro   0x0000000000011513      0x241 Drivers/STM32F1xx_HAL_Driver/Src/stm32f1xx_hal.o
 .debug_macro   0x0000000000011754      0x280 Drivers/STM32F1xx_HAL_Driver/Src/stm32f1xx_hal.o
 .debug_macro   0x00000000000119d4      0x141 Drivers/STM32F1xx_HAL_Driver/Src/stm32f1xx_hal.o
 .debug_macro   0x0000000000011b15      0x217 Drivers/STM32F1xx_HAL_Driver/Src/stm32f1xx_hal.o
 .debug_macro   0x0000000000011d2c      0x88b Drivers/STM32F1xx_HAL_Driver/Src/stm32f1xx_hal.o
 .debug_macro   0x00000000000125b7      0x26b Drivers/STM32F1xx_HAL_Driver/Src/stm32f1xx_hal.o
 .debug_macro   0x0000000000012822       0x65 Drivers/STM32F1xx_HAL_Driver/Src/stm32f1xx_hal.o
 .debug_macro   0x0000000000012887      0x249 Drivers/STM32F1xx_HAL_Driver/Src/stm32f1xx_hal.o
 .debug_macro   0x0000000000012ad0       0x83 Drivers/STM32F1xx_HAL_Driver/Src/stm32f1xx_hal.o
 .debug_macro   0x0000000000012b53      0x1d2 Drivers/STM32F1xx_HAL_Driver/Src/stm32f1xx_hal_cortex.o
 .debug_macro   0x0000000000012d25      0x23d Drivers/STM32F1xx_HAL_Driver/Src/stm32f1xx_hal_gpio.o
 .debug_macro   0x0000000000012f62      0x212 Drivers/STM32F1xx_HAL_Driver/Src/stm32f1xx_hal_i2c.o
 .debug_macro   0x0000000000013174      0x1de Drivers/STM32F1xx_HAL_Driver/Src/stm32f1xx_hal_pcd.o
 .debug_macro   0x0000000000013352      0x1d2 Drivers/STM32F1xx_HAL_Driver/Src/stm32f1xx_hal_pcd_ex.o
 .debug_macro   0x0000000000013524      0x1e4 Drivers/STM32F1xx_HAL_Driver/Src/stm32f1xx_hal_rcc.o
 .debug_macro   0x0000000000013708      0x1d2 Drivers/STM32F1xx_HAL_Driver/Src/stm32f1xx_hal_rcc_ex.o
 .debug_macro   0x00000000000138da      0x1da Drivers/STM32F1xx_HAL_Driver/Src/stm32f1xx_hal_spi.o
 .debug_macro   0x0000000000013ab4      0x1d3 Drivers/STM32F1xx_HAL_Driver/Src/stm32f1xx_hal_tim.o
 .debug_macro   0x0000000000013c87      0x1d2 Drivers/STM32F1xx_HAL_Driver/Src/stm32f1xx_hal_tim_ex.o
 .debug_macro   0x0000000000013e59      0x1d3 Drivers/STM32F1xx_HAL_Driver/Src/stm32f1xx_hal_uart.o
 .debug_macro   0x000000000001402c      0x1d2 Drivers/STM32F1xx_HAL_Driver/Src/stm32f1xx_ll_usb.o
 .debug_macro   0x00000000000141fe      0x3e9 Middlewares/ST/STM32_USB_Device_Library/Class/CDC/Src/usbd_cdc.o
 .debug_macro   0x00000000000145e7       0x58 Middlewares/ST/STM32_USB_Device_Library/Class/CDC/Src/usbd_cdc.o
 .debug_macro   0x000000000001463f       0x18 Middlewares/ST/STM32_USB_Device_Library/Class/CDC/Src/usbd_cdc.o
 .debug_macro   0x0000000000014657       0x94 Middlewares/ST/STM32_USB_Device_Library/Class/CDC/Src/usbd_cdc.o
 .debug_macro   0x00000000000146eb       0x35 Middlewares/ST/STM32_USB_Device_Library/Class/CDC/Src/usbd_cdc.o
 .debug_macro   0x0000000000014720       0x34 Middlewares/ST/STM32_USB_Device_Library/Class/CDC/Src/usbd_cdc.o
 .debug_macro   0x0000000000014754       0x16 Middlewares/ST/STM32_USB_Device_Library/Class/CDC/Src/usbd_cdc.o
 .debug_macro   0x000000000001476a       0x57 Middlewares/ST/STM32_USB_Device_Library/Class/CDC/Src/usbd_cdc.o
 .debug_macro   0x00000000000147c1       0x97 Middlewares/ST/STM32_USB_Device_Library/Class/CDC/Src/usbd_cdc.o
 .debug_macro   0x0000000000014858      0x330 Middlewares/ST/STM32_USB_Device_Library/Class/CDC/Src/usbd_cdc.o
 .debug_macro   0x0000000000014b88       0xfd Middlewares/ST/STM32_USB_Device_Library/Class/CDC/Src/usbd_cdc.o
 .debug_macro   0x0000000000014c85       0x10 Middlewares/ST/STM32_USB_Device_Library/Class/CDC/Src/usbd_cdc.o
 .debug_macro   0x0000000000014c95       0x58 Middlewares/ST/STM32_USB_Device_Library/Class/CDC/Src/usbd_cdc.o
 .debug_macro   0x0000000000014ced       0x1f Middlewares/ST/STM32_USB_Device_Library/Class/CDC/Src/usbd_cdc.o
 .debug_macro   0x0000000000014d0c       0x43 Middlewares/ST/STM32_USB_Device_Library/Class/CDC/Src/usbd_cdc.o
 .debug_macro   0x0000000000014d4f       0x20 Middlewares/ST/STM32_USB_Device_Library/Class/CDC/Src/usbd_cdc.o
 .debug_macro   0x0000000000014d6f      0x18e Middlewares/ST/STM32_USB_Device_Library/Class/CDC/Src/usbd_cdc.o
 .debug_macro   0x0000000000014efd       0x10 Middlewares/ST/STM32_USB_Device_Library/Class/CDC/Src/usbd_cdc.o
 .debug_macro   0x0000000000014f0d       0x1c Middlewares/ST/STM32_USB_Device_Library/Class/CDC/Src/usbd_cdc.o
 .debug_macro   0x0000000000014f29       0x52 Middlewares/ST/STM32_USB_Device_Library/Class/CDC/Src/usbd_cdc.o
 .debug_macro   0x0000000000014f7b       0x40 Middlewares/ST/STM32_USB_Device_Library/Class/CDC/Src/usbd_cdc.o
 .debug_macro   0x0000000000014fbb       0x10 Middlewares/ST/STM32_USB_Device_Library/Class/CDC/Src/usbd_cdc.o
 .debug_macro   0x0000000000014fcb       0x40 Middlewares/ST/STM32_USB_Device_Library/Class/CDC/Src/usbd_cdc.o
 .debug_macro   0x000000000001500b       0xd7 Middlewares/ST/STM32_USB_Device_Library/Class/CDC/Src/usbd_cdc.o
 .debug_macro   0x00000000000150e2       0x1c Middlewares/ST/STM32_USB_Device_Library/Class/CDC/Src/usbd_cdc.o
 .debug_macro   0x00000000000150fe       0x3d Middlewares/ST/STM32_USB_Device_Library/Class/CDC/Src/usbd_cdc.o
 .debug_macro   0x000000000001513b       0x16 Middlewares/ST/STM32_USB_Device_Library/Class/CDC/Src/usbd_cdc.o
 .debug_macro   0x0000000000015151      0x16f Middlewares/ST/STM32_USB_Device_Library/Class/CDC/Src/usbd_cdc.o
 .debug_macro   0x00000000000152c0       0x16 Middlewares/ST/STM32_USB_Device_Library/Class/CDC/Src/usbd_cdc.o
 .debug_macro   0x00000000000152d6       0x35 Middlewares/ST/STM32_USB_Device_Library/Class/CDC/Src/usbd_cdc.o
 .debug_macro   0x000000000001530b       0x16 Middlewares/ST/STM32_USB_Device_Library/Class/CDC/Src/usbd_cdc.o
 .debug_macro   0x0000000000015321       0x29 Middlewares/ST/STM32_USB_Device_Library/Class/CDC/Src/usbd_cdc.o
 .debug_macro   0x000000000001534a       0x16 Middlewares/ST/STM32_USB_Device_Library/Class/CDC/Src/usbd_cdc.o
 .debug_macro   0x0000000000015360       0xbd Middlewares/ST/STM32_USB_Device_Library/Class/CDC/Src/usbd_cdc.o
 .debug_macro   0x000000000001541d       0x64 Middlewares/ST/STM32_USB_Device_Library/Class/CDC/Src/usbd_cdc.o
 .debug_macro   0x0000000000015481       0x60 Middlewares/ST/STM32_USB_Device_Library/Class/CDC/Src/usbd_cdc.o
 .debug_macro   0x00000000000154e1      0x1c8 Middlewares/ST/STM32_USB_Device_Library/Class/CDC/Src/usbd_cdc.o
 .debug_macro   0x00000000000156a9       0x8f Middlewares/ST/STM32_USB_Device_Library/Class/CDC/Src/usbd_cdc.o
 .debug_macro   0x0000000000015738      0x3d0 Middlewares/ST/STM32_USB_Device_Library/Core/Src/usbd_core.o
 .debug_macro   0x0000000000015b08      0x1ce Middlewares/ST/STM32_USB_Device_Library/Core/Src/usbd_core.o
 .debug_macro   0x0000000000015cd6      0x3da Middlewares/ST/STM32_USB_Device_Library/Core/Src/usbd_ctlreq.o
 .debug_macro   0x00000000000160b0      0x3d6 Middlewares/ST/STM32_USB_Device_Library/Core/Src/usbd_ioreq.o
 .debug_macro   0x0000000000016486      0x3c2 Src/main.o
 .debug_macro   0x0000000000016848       0x5e Src/main.o
 .debug_macro   0x00000000000168a6      0x32a Src/main.o
 .debug_macro   0x0000000000016bd0      0x1e1 Src/stm32f1xx_hal_msp.o
 .debug_macro   0x0000000000016db1      0x1eb Src/stm32f1xx_it.o
 .debug_macro   0x0000000000016f9c      0x1d8 Src/system_stm32f1xx.o
 .debug_macro   0x0000000000017174      0x40a Src/usb_device.o
 .debug_macro   0x000000000001757e       0x6a Src/usb_device.o
 .debug_macro   0x00000000000175e8       0x22 Src/usb_device.o
 .debug_macro   0x000000000001760a      0x3fb Src/usbd_cdc_if.o
 .debug_macro   0x0000000000017a05      0x3ed Src/usbd_conf.o
 .debug_macro   0x0000000000017df2      0x40d Src/usbd_desc.o
 .debug_macro   0x00000000000181ff       0x1c Src/usbd_desc.o

.debug_line     0x0000000000000000    0x13bf7
 .debug_line    0x0000000000000000      0x939 Drivers/STM32F1xx_HAL_Driver/Src/stm32f1xx_hal.o
 .debug_line    0x0000000000000939      0x98c Drivers/STM32F1xx_HAL_Driver/Src/stm32f1xx_hal_cortex.o
 .debug_line    0x00000000000012c5      0x931 Drivers/STM32F1xx_HAL_Driver/Src/stm32f1xx_hal_gpio.o
 .debug_line    0x0000000000001bf6     0x210b Drivers/STM32F1xx_HAL_Driver/Src/stm32f1xx_hal_i2c.o
 .debug_line    0x0000000000003d01      0xc11 Drivers/STM32F1xx_HAL_Driver/Src/stm32f1xx_hal_pcd.o
 .debug_line    0x0000000000004912      0x790 Drivers/STM32F1xx_HAL_Driver/Src/stm32f1xx_hal_pcd_ex.o
 .debug_line    0x00000000000050a2      0xb36 Drivers/STM32F1xx_HAL_Driver/Src/stm32f1xx_hal_rcc.o
 .debug_line    0x0000000000005bd8      0x85f Drivers/STM32F1xx_HAL_Driver/Src/stm32f1xx_hal_rcc_ex.o
 .debug_line    0x0000000000006437     0x1377 Drivers/STM32F1xx_HAL_Driver/Src/stm32f1xx_hal_spi.o
 .debug_line    0x00000000000077ae     0x1ba8 Drivers/STM32F1xx_HAL_Driver/Src/stm32f1xx_hal_tim.o
 .debug_line    0x0000000000009356      0xd48 Drivers/STM32F1xx_HAL_Driver/Src/stm32f1xx_hal_tim_ex.o
 .debug_line    0x000000000000a09e     0x12de Drivers/STM32F1xx_HAL_Driver/Src/stm32f1xx_hal_uart.o
 .debug_line    0x000000000000b37c      0xb6a Drivers/STM32F1xx_HAL_Driver/Src/stm32f1xx_ll_usb.o
 .debug_line    0x000000000000bee6      0xc42 Middlewares/ST/STM32_USB_Device_Library/Class/CDC/Src/usbd_cdc.o
 .debug_line    0x000000000000cb28      0xbea Middlewares/ST/STM32_USB_Device_Library/Core/Src/usbd_core.o
 .debug_line    0x000000000000d712      0xb7a Middlewares/ST/STM32_USB_Device_Library/Core/Src/usbd_ctlreq.o
 .debug_line    0x000000000000e28c      0xa3e Middlewares/ST/STM32_USB_Device_Library/Core/Src/usbd_ioreq.o
 .debug_line    0x000000000000ecca      0xad0 Src/main.o
 .debug_line    0x000000000000f79a      0x89e Src/stm32f1xx_hal_msp.o
 .debug_line    0x0000000000010038      0x7d9 Src/stm32f1xx_it.o
 .debug_line    0x0000000000010811      0x795 Src/system_stm32f1xx.o
 .debug_line    0x0000000000010fa6      0xa68 Src/usb_device.o
 .debug_line    0x0000000000011a0e      0xa90 Src/usbd_cdc_if.o
 .debug_line    0x000000000001249e      0xc84 Src/usbd_conf.o
 .debug_line    0x0000000000013122      0xa58 Src/usbd_desc.o
 .debug_line    0x0000000000013b7a       0x7d startup/startup_stm32f103xb.o

.debug_str      0x0000000000000000    0x7a9b0
 .debug_str     0x0000000000000000    0x703e0 Drivers/STM32F1xx_HAL_Driver/Src/stm32f1xx_hal.o
                                      0x70729 (size before relaxing)
 .debug_str     0x00000000000703e0      0x2e1 Drivers/STM32F1xx_HAL_Driver/Src/stm32f1xx_hal_cortex.o
                                      0x706f2 (size before relaxing)
 .debug_str     0x00000000000706c1      0x3a3 Drivers/STM32F1xx_HAL_Driver/Src/stm32f1xx_hal_gpio.o
                                      0x7041d (size before relaxing)
 .debug_str     0x0000000000070a64      0xfce Drivers/STM32F1xx_HAL_Driver/Src/stm32f1xx_hal_i2c.o
                                      0x7109d (size before relaxing)
 .debug_str     0x0000000000071a32      0x7d1 Drivers/STM32F1xx_HAL_Driver/Src/stm32f1xx_hal_pcd.o
                                      0x70898 (size before relaxing)
 .debug_str     0x0000000000072203      0x170 Drivers/STM32F1xx_HAL_Driver/Src/stm32f1xx_hal_pcd_ex.o
                                      0x704e0 (size before relaxing)
 .debug_str     0x0000000000072373      0x353 Drivers/STM32F1xx_HAL_Driver/Src/stm32f1xx_hal_rcc.o
                                      0x7047d (size before relaxing)
 .debug_str     0x00000000000726c6      0x12b Drivers/STM32F1xx_HAL_Driver/Src/stm32f1xx_hal_rcc_ex.o
                                      0x70204 (size before relaxing)
 .debug_str     0x00000000000727f1      0x6ea Drivers/STM32F1xx_HAL_Driver/Src/stm32f1xx_hal_spi.o
                                      0x70980 (size before relaxing)
 .debug_str     0x0000000000072edb      0xfe8 Drivers/STM32F1xx_HAL_Driver/Src/stm32f1xx_hal_tim.o
                                      0x71274 (size before relaxing)
 .debug_str     0x0000000000073ec3      0x548 Drivers/STM32F1xx_HAL_Driver/Src/stm32f1xx_hal_tim_ex.o
                                      0x70a8c (size before relaxing)
 .debug_str     0x000000000007440b      0x68d Drivers/STM32F1xx_HAL_Driver/Src/stm32f1xx_hal_uart.o
                                      0x709bc (size before relaxing)
 .debug_str     0x0000000000074a98      0x191 Drivers/STM32F1xx_HAL_Driver/Src/stm32f1xx_ll_usb.o
                                      0x7054a (size before relaxing)
 .debug_str     0x0000000000074c29     0x527c Middlewares/ST/STM32_USB_Device_Library/Class/CDC/Src/usbd_cdc.o
                                      0x756f6 (size before relaxing)
 .debug_str     0x0000000000079ea5      0x294 Middlewares/ST/STM32_USB_Device_Library/Core/Src/usbd_core.o
                                      0x7505d (size before relaxing)
 .debug_str     0x000000000007a139      0x120 Middlewares/ST/STM32_USB_Device_Library/Core/Src/usbd_ctlreq.o
                                      0x74f77 (size before relaxing)
 .debug_str     0x000000000007a259       0x51 Middlewares/ST/STM32_USB_Device_Library/Core/Src/usbd_ioreq.o
                                      0x74ea4 (size before relaxing)
 .debug_str     0x000000000007a2aa      0x11d Src/main.o
                                      0x75860 (size before relaxing)
 .debug_str     0x000000000007a3c7       0x25 Src/stm32f1xx_hal_msp.o
                                      0x70f55 (size before relaxing)
 .debug_str     0x000000000007a3ec       0xc4 Src/stm32f1xx_it.o
                                      0x708fe (size before relaxing)
 .debug_str     0x000000000007a4b0       0x69 Src/system_stm32f1xx.o
                                      0x700ce (size before relaxing)
 .debug_str     0x000000000007a519       0xce Src/usb_device.o
                                      0x751e7 (size before relaxing)
 .debug_str     0x000000000007a5e7       0xa7 Src/usbd_cdc_if.o
                                      0x75253 (size before relaxing)
 .debug_str     0x000000000007a68e       0x65 Src/usbd_conf.o
                                      0x75c89 (size before relaxing)
 .debug_str     0x000000000007a6f3      0x24d Src/usbd_desc.o
                                      0x74dd5 (size before relaxing)
 .debug_str     0x000000000007a940       0x70 startup/startup_stm32f103xb.o

.comment        0x0000000000000000       0x7f
 .comment       0x0000000000000000       0x7f Drivers/STM32F1xx_HAL_Driver/Src/stm32f1xx_hal.o
                                         0x80 (size before relaxing)
 .comment       0x000000000000007f       0x80 Drivers/STM32F1xx_HAL_Driver/Src/stm32f1xx_hal_cortex.o
 .comment       0x000000000000007f       0x80 Drivers/STM32F1xx_HAL_Driver/Src/stm32f1xx_hal_gpio.o
 .comment       0x000000000000007f       0x80 Drivers/STM32F1xx_HAL_Driver/Src/stm32f1xx_hal_i2c.o
 .comment       0x000000000000007f       0x80 Drivers/STM32F1xx_HAL_Driver/Src/stm32f1xx_hal_pcd.o
 .comment       0x000000000000007f       0x80 Drivers/STM32F1xx_HAL_Driver/Src/stm32f1xx_hal_pcd_ex.o
 .comment       0x000000000000007f       0x80 Drivers/STM32F1xx_HAL_Driver/Src/stm32f1xx_hal_rcc.o
 .comment       0x000000000000007f       0x80 Drivers/STM32F1xx_HAL_Driver/Src/stm32f1xx_hal_rcc_ex.o
 .comment       0x000000000000007f       0x80 Drivers/STM32F1xx_HAL_Driver/Src/stm32f1xx_hal_spi.o
 .comment       0x000000000000007f       0x80 Drivers/STM32F1xx_HAL_Driver/Src/stm32f1xx_hal_tim.o
 .comment       0x000000000000007f       0x80 Drivers/STM32F1xx_HAL_Driver/Src/stm32f1xx_hal_tim_ex.o
 .comment       0x000000000000007f       0x80 Drivers/STM32F1xx_HAL_Driver/Src/stm32f1xx_hal_uart.o
 .comment       0x000000000000007f       0x80 Drivers/STM32F1xx_HAL_Driver/Src/stm32f1xx_ll_usb.o
 .comment       0x000000000000007f       0x80 Middlewares/ST/STM32_USB_Device_Library/Class/CDC/Src/usbd_cdc.o
 .comment       0x000000000000007f       0x80 Middlewares/ST/STM32_USB_Device_Library/Core/Src/usbd_core.o
 .comment       0x000000000000007f       0x80 Middlewares/ST/STM32_USB_Device_Library/Core/Src/usbd_ctlreq.o
 .comment       0x000000000000007f       0x80 Middlewares/ST/STM32_USB_Device_Library/Core/Src/usbd_ioreq.o
 .comment       0x000000000000007f       0x80 Src/main.o
 .comment       0x000000000000007f       0x80 Src/stm32f1xx_hal_msp.o
 .comment       0x000000000000007f       0x80 Src/stm32f1xx_it.o
 .comment       0x000000000000007f       0x80 Src/system_stm32f1xx.o
 .comment       0x000000000000007f       0x80 Src/usb_device.o
 .comment       0x000000000000007f       0x80 Src/usbd_cdc_if.o
 .comment       0x000000000000007f       0x80 Src/usbd_conf.o
 .comment       0x000000000000007f       0x80 Src/usbd_desc.o

.debug_frame    0x0000000000000000     0x3934
 .debug_frame   0x0000000000000000      0x1d4 Drivers/STM32F1xx_HAL_Driver/Src/stm32f1xx_hal.o
 .debug_frame   0x00000000000001d4      0x138 Drivers/STM32F1xx_HAL_Driver/Src/stm32f1xx_hal_cortex.o
 .debug_frame   0x000000000000030c      0x110 Drivers/STM32F1xx_HAL_Driver/Src/stm32f1xx_hal_gpio.o
 .debug_frame   0x000000000000041c      0x8ac Drivers/STM32F1xx_HAL_Driver/Src/stm32f1xx_hal_i2c.o
 .debug_frame   0x0000000000000cc8      0x2e4 Drivers/STM32F1xx_HAL_Driver/Src/stm32f1xx_hal_pcd.o
 .debug_frame   0x0000000000000fac       0x50 Drivers/STM32F1xx_HAL_Driver/Src/stm32f1xx_hal_pcd_ex.o
 .debug_frame   0x0000000000000ffc      0x18c Drivers/STM32F1xx_HAL_Driver/Src/stm32f1xx_hal_rcc.o
 .debug_frame   0x0000000000001188       0x78 Drivers/STM32F1xx_HAL_Driver/Src/stm32f1xx_hal_rcc_ex.o
 .debug_frame   0x0000000000001200      0x640 Drivers/STM32F1xx_HAL_Driver/Src/stm32f1xx_hal_spi.o
 .debug_frame   0x0000000000001840      0xa10 Drivers/STM32F1xx_HAL_Driver/Src/stm32f1xx_hal_tim.o
 .debug_frame   0x0000000000002250      0x37c Drivers/STM32F1xx_HAL_Driver/Src/stm32f1xx_hal_tim_ex.o
 .debug_frame   0x00000000000025cc      0x540 Drivers/STM32F1xx_HAL_Driver/Src/stm32f1xx_hal_uart.o
 .debug_frame   0x0000000000002b0c      0x2b4 Drivers/STM32F1xx_HAL_Driver/Src/stm32f1xx_ll_usb.o
 .debug_frame   0x0000000000002dc0      0x184 Middlewares/ST/STM32_USB_Device_Library/Class/CDC/Src/usbd_cdc.o
 .debug_frame   0x0000000000002f44      0x1c4 Middlewares/ST/STM32_USB_Device_Library/Core/Src/usbd_core.o
 .debug_frame   0x0000000000003108       0xc0 Middlewares/ST/STM32_USB_Device_Library/Core/Src/usbd_ctlreq.o
 .debug_frame   0x00000000000031c8       0xb8 Middlewares/ST/STM32_USB_Device_Library/Core/Src/usbd_ioreq.o
 .debug_frame   0x0000000000003280       0x84 Src/main.o
 .debug_frame   0x0000000000003304      0x104 Src/stm32f1xx_hal_msp.o
 .debug_frame   0x0000000000003408       0xc8 Src/stm32f1xx_it.o
 .debug_frame   0x00000000000034d0       0x3c Src/system_stm32f1xx.o
 .debug_frame   0x000000000000350c       0x30 Src/usb_device.o
 .debug_frame   0x000000000000353c       0x7c Src/usbd_cdc_if.o
 .debug_frame   0x00000000000035b8      0x28c Src/usbd_conf.o
 .debug_frame   0x0000000000003844       0xc4 Src/usbd_desc.o
 .debug_frame   0x0000000000003908       0x2c /home/mishko/Packages/STM32Ac6/plugins/fr.ac6.mcu.externaltools.arm-none.linux64_1.17.0.201812190825/tools/compiler/bin/../lib/gcc/arm-none-eabi/7.3.1/../../../../arm-none-eabi/lib/thumb/v7-m/libc_nano.a(lib_a-init.o)
