Archive member included to satisfy reference by file (symbol)

/home/mishko/Packages/STM32Ac6/plugins/fr.ac6.mcu.externaltools.arm-none.linux64_1.17.0.201812190825/tools/compiler/bin/../lib/gcc/arm-none-eabi/7.3.1/../../../../arm-none-eabi/lib/thumb/v7-m/libc_nano.a(lib_a-errno.o)
                              Src/syscalls.o (__errno)
/home/mishko/Packages/STM32Ac6/plugins/fr.ac6.mcu.externaltools.arm-none.linux64_1.17.0.201812190825/tools/compiler/bin/../lib/gcc/arm-none-eabi/7.3.1/../../../../arm-none-eabi/lib/thumb/v7-m/libc_nano.a(lib_a-exit.o)
                              /home/mishko/Packages/STM32Ac6/plugins/fr.ac6.mcu.externaltools.arm-none.linux64_1.17.0.201812190825/tools/compiler/bin/../lib/gcc/arm-none-eabi/7.3.1/../../../../arm-none-eabi/lib/thumb/v7-m/crt0.o (exit)
/home/mishko/Packages/STM32Ac6/plugins/fr.ac6.mcu.externaltools.arm-none.linux64_1.17.0.201812190825/tools/compiler/bin/../lib/gcc/arm-none-eabi/7.3.1/../../../../arm-none-eabi/lib/thumb/v7-m/libc_nano.a(lib_a-impure.o)
                              /home/mishko/Packages/STM32Ac6/plugins/fr.ac6.mcu.externaltools.arm-none.linux64_1.17.0.201812190825/tools/compiler/bin/../lib/gcc/arm-none-eabi/7.3.1/../../../../arm-none-eabi/lib/thumb/v7-m/libc_nano.a(lib_a-exit.o) (_global_impure_ptr)
/home/mishko/Packages/STM32Ac6/plugins/fr.ac6.mcu.externaltools.arm-none.linux64_1.17.0.201812190825/tools/compiler/bin/../lib/gcc/arm-none-eabi/7.3.1/../../../../arm-none-eabi/lib/thumb/v7-m/libc_nano.a(lib_a-init.o)
                              /home/mishko/Packages/STM32Ac6/plugins/fr.ac6.mcu.externaltools.arm-none.linux64_1.17.0.201812190825/tools/compiler/bin/../lib/gcc/arm-none-eabi/7.3.1/../../../../arm-none-eabi/lib/thumb/v7-m/crt0.o (__libc_init_array)
/home/mishko/Packages/STM32Ac6/plugins/fr.ac6.mcu.externaltools.arm-none.linux64_1.17.0.201812190825/tools/compiler/bin/../lib/gcc/arm-none-eabi/7.3.1/../../../../arm-none-eabi/lib/thumb/v7-m/libc_nano.a(lib_a-memset.o)
                              /home/mishko/Packages/STM32Ac6/plugins/fr.ac6.mcu.externaltools.arm-none.linux64_1.17.0.201812190825/tools/compiler/bin/../lib/gcc/arm-none-eabi/7.3.1/../../../../arm-none-eabi/lib/thumb/v7-m/crt0.o (memset)

Allocating common symbols
Common symbol       size              file

hUsbDeviceFS        0x2c4             Src/usb_device.o
hi2c1               0x54              Src/main.o
uwTick              0x4               Drivers/STM32F1xx_HAL_Driver/Src/stm32f1xx_hal.o
pFlash              0x20              Drivers/STM32F1xx_HAL_Driver/Src/stm32f1xx_hal_flash.o
UserRxBufferFS      0x3e8             Src/usbd_cdc_if.o
huart1              0x40              Src/main.o
UserTxBufferFS      0x3e8             Src/usbd_cdc_if.o
hspi1               0x58              Src/main.o
hpcd_USB_FS         0x26c             Src/usbd_conf.o
USBD_StrDesc        0x200             Src/usbd_desc.o

Discarded input sections

 .text          0x0000000000000000        0x0 /home/mishko/Packages/STM32Ac6/plugins/fr.ac6.mcu.externaltools.arm-none.linux64_1.17.0.201812190825/tools/compiler/bin/../lib/gcc/arm-none-eabi/7.3.1/thumb/v7-m/crti.o
 .data          0x0000000000000000        0x0 /home/mishko/Packages/STM32Ac6/plugins/fr.ac6.mcu.externaltools.arm-none.linux64_1.17.0.201812190825/tools/compiler/bin/../lib/gcc/arm-none-eabi/7.3.1/thumb/v7-m/crti.o
 .bss           0x0000000000000000        0x0 /home/mishko/Packages/STM32Ac6/plugins/fr.ac6.mcu.externaltools.arm-none.linux64_1.17.0.201812190825/tools/compiler/bin/../lib/gcc/arm-none-eabi/7.3.1/thumb/v7-m/crti.o
 .data          0x0000000000000000        0x4 /home/mishko/Packages/STM32Ac6/plugins/fr.ac6.mcu.externaltools.arm-none.linux64_1.17.0.201812190825/tools/compiler/bin/../lib/gcc/arm-none-eabi/7.3.1/thumb/v7-m/crtbegin.o
 .text          0x0000000000000000       0x74 /home/mishko/Packages/STM32Ac6/plugins/fr.ac6.mcu.externaltools.arm-none.linux64_1.17.0.201812190825/tools/compiler/bin/../lib/gcc/arm-none-eabi/7.3.1/../../../../arm-none-eabi/lib/thumb/v7-m/crt0.o
 .data          0x0000000000000000        0x0 /home/mishko/Packages/STM32Ac6/plugins/fr.ac6.mcu.externaltools.arm-none.linux64_1.17.0.201812190825/tools/compiler/bin/../lib/gcc/arm-none-eabi/7.3.1/../../../../arm-none-eabi/lib/thumb/v7-m/crt0.o
 .bss           0x0000000000000000        0x0 /home/mishko/Packages/STM32Ac6/plugins/fr.ac6.mcu.externaltools.arm-none.linux64_1.17.0.201812190825/tools/compiler/bin/../lib/gcc/arm-none-eabi/7.3.1/../../../../arm-none-eabi/lib/thumb/v7-m/crt0.o
 .ARM.extab     0x0000000000000000        0x0 /home/mishko/Packages/STM32Ac6/plugins/fr.ac6.mcu.externaltools.arm-none.linux64_1.17.0.201812190825/tools/compiler/bin/../lib/gcc/arm-none-eabi/7.3.1/../../../../arm-none-eabi/lib/thumb/v7-m/crt0.o
 .ARM.exidx     0x0000000000000000        0x8 /home/mishko/Packages/STM32Ac6/plugins/fr.ac6.mcu.externaltools.arm-none.linux64_1.17.0.201812190825/tools/compiler/bin/../lib/gcc/arm-none-eabi/7.3.1/../../../../arm-none-eabi/lib/thumb/v7-m/crt0.o
[...]
Memory Configuration

Name             Origin             Length             Attributes
RAM              0x0000000020000000 0x0000000000005000 xrw
FLASH            0x0000000008000000 0x0000000000010000 xr
*default*        0x0000000000000000 0xffffffffffffffff

Linker script and memory map

LOAD /home/mishko/Packages/STM32Ac6/plugins/fr.ac6.mcu.externaltools.arm-none.linux64_1.17.0.201812190825/tools/compiler/bin/../lib/gcc/arm-none-eabi/7.3.1/thumb/v7-m/crti.o
LOAD /home/mishko/Packages/STM32Ac6/plugins/fr.ac6.mcu.externaltools.arm-none.linux64_1.17.0.201812190825/tools/compiler/bin/../lib/gcc/arm-none-eabi/7.3.1/thumb/v7-m/crtbegin.o
LOAD /home/mishko/Packages/STM32Ac6/plugins/fr.ac6.mcu.externaltools.arm-none.linux64_1.17.0.201812190825/tools/compiler/bin/../lib/gcc/arm-none-eabi/7.3.1/../../../../arm-none-eabi/lib/thumb/v7-m/crt0.o
LOAD Drivers/STM32F1xx_HAL_Driver/Src/stm32f1xx_hal.o
LOAD Drivers/STM32F1xx_HAL_Driver/Src/stm32f1xx_hal_cortex.o
LOAD Drivers/STM32F1xx_HAL_Driver/Src/stm32f1xx_hal_dma.o
LOAD Drivers/STM32F1xx_HAL_Driver/Src/stm32f1xx_hal_exti.o
LOAD Drivers/STM32F1xx_HAL_Driver/Src/stm32f1xx_hal_flash.o
LOAD Drivers/STM32F1xx_HAL_Driver/Src/stm32f1xx_hal_flash_ex.o
LOAD Drivers/STM32F1xx_HAL_Driver/Src/stm32f1xx_hal_gpio.o
LOAD Drivers/STM32F1xx_HAL_Driver/Src/stm32f1xx_hal_gpio_ex.o
LOAD Drivers/STM32F1xx_HAL_Driver/Src/stm32f1xx_hal_i2c.o
LOAD Drivers/STM32F1xx_HAL_Driver/Src/stm32f1xx_hal_pcd.o
LOAD Drivers/STM32F1xx_HAL_Driver/Src/stm32f1xx_hal_pcd_ex.o
LOAD Drivers/STM32F1xx_HAL_Driver/Src/stm32f1xx_hal_pwr.o
LOAD Drivers/STM32F1xx_HAL_Driver/Src/stm32f1xx_hal_rcc.o
LOAD Drivers/STM32F1xx_HAL_Driver/Src/stm32f1xx_hal_rcc_ex.o
LOAD Drivers/STM32F1xx_HAL_Driver/Src/stm32f1xx_hal_spi.o
LOAD Drivers/STM32F1xx_HAL_Driver/Src/stm32f1xx_hal_tim.o
LOAD Drivers/STM32F1xx_HAL_Driver/Src/stm32f1xx_hal_tim_ex.o
LOAD Drivers/STM32F1xx_HAL_Driver/Src/stm32f1xx_hal_uart.o
LOAD Drivers/STM32F1xx_HAL_Driver/Src/stm32f1xx_ll_usb.o
LOAD Middlewares/ST/STM32_USB_Device_Library/Class/CDC/Src/usbd_cdc.o
LOAD Middlewares/ST/STM32_USB_Device_Library/Core/Src/usbd_core.o
LOAD Middlewares/ST/STM32_USB_Device_Library/Core/Src/usbd_ctlreq.o
LOAD Middlewares/ST/STM32_USB_Device_Library/Core/Src/usbd_ioreq.o
LOAD Src/main.o
LOAD Src/stm32f1xx_hal_msp.o
LOAD Src/stm32f1xx_it.o
LOAD Src/syscalls.o
LOAD Src/system_stm32f1xx.o
LOAD Src/usb_device.o
LOAD Src/usbd_cdc_if.o
LOAD Src/usbd_conf.o
LOAD Src/usbd_desc.o
LOAD startup/startup_stm32f103xb.o
LOAD /home/mishko/Packages/STM32Ac6/plugins/fr.ac6.mcu.externaltools.arm-none.linux64_1.17.0.201812190825/tools/compiler/bin/../lib/gcc/arm-none-eabi/7.3.1/../../../../arm-none-eabi/lib/thumb/v7-m/libm.a
START GROUP
LOAD /home/mishko/Packages/STM32Ac6/plugins/fr.ac6.mcu.externaltools.arm-none.linux64_1.17.0.201812190825/tools/compiler/bin/../lib/gcc/arm-none-eabi/7.3.1/thumb/v7-m/libgcc.a
LOAD /home/mishko/Packages/STM32Ac6/plugins/fr.ac6.mcu.externaltools.arm-none.linux64_1.17.0.201812190825/tools/compiler/bin/../lib/gcc/arm-none-eabi/7.3.1/../../../../arm-none-eabi/lib/thumb/v7-m/libc_nano.a
END GROUP
START GROUP
LOAD /home/mishko/Packages/STM32Ac6/plugins/fr.ac6.mcu.externaltools.arm-none.linux64_1.17.0.201812190825/tools/compiler/bin/../lib/gcc/arm-none-eabi/7.3.1/thumb/v7-m/libgcc.a
LOAD /home/mishko/Packages/STM32Ac6/plugins/fr.ac6.mcu.externaltools.arm-none.linux64_1.17.0.201812190825/tools/compiler/bin/../lib/gcc/arm-none-eabi/7.3.1/../../../../arm-none-eabi/lib/thumb/v7-m/libc_nano.a
LOAD /home/mishko/Packages/STM32Ac6/plugins/fr.ac6.mcu.externaltools.arm-none.linux64_1.17.0.201812190825/tools/compiler/bin/../lib/gcc/arm-none-eabi/7.3.1/../../../../arm-none-eabi/lib/thumb/v7-m/libnosys.a
END GROUP
START GROUP
LOAD /home/mishko/Packages/STM32Ac6/plugins/fr.ac6.mcu.externaltools.arm-none.linux64_1.17.0.201812190825/tools/compiler/bin/../lib/gcc/arm-none-eabi/7.3.1/thumb/v7-m/libgcc.a
LOAD /home/mishko/Packages/STM32Ac6/plugins/fr.ac6.mcu.externaltools.arm-none.linux64_1.17.0.201812190825/tools/compiler/bin/../lib/gcc/arm-none-eabi/7.3.1/../../../../arm-none-eabi/lib/thumb/v7-m/libc_nano.a
LOAD /home/mishko/Packages/STM32Ac6/plugins/fr.ac6.mcu.externaltools.arm-none.linux64_1.17.0.201812190825/tools/compiler/bin/../lib/gcc/arm-none-eabi/7.3.1/../../../../arm-none-eabi/lib/thumb/v7-m/libnosys.a
END GROUP
LOAD /home/mishko/Packages/STM32Ac6/plugins/fr.ac6.mcu.externaltools.arm-none.linux64_1.17.0.201812190825/tools/compiler/bin/../lib/gcc/arm-none-eabi/7.3.1/thumb/v7-m/crtend.o
LOAD /home/mishko/Packages/STM32Ac6/plugins/fr.ac6.mcu.externaltools.arm-none.linux64_1.17.0.201812190825/tools/compiler/bin/../lib/gcc/arm-none-eabi/7.3.1/thumb/v7-m/crtn.o
                0x0000000020005000                _estack = 0x20005000
                0x0000000000000200                _Min_Heap_Size = 0x200
                0x0000000000000400                _Min_Stack_Size = 0x400

.isr_vector     0x0000000008000000      0x10c
                0x0000000008000000                . = ALIGN (0x4)
 *(.isr_vector)
 .isr_vector    0x0000000008000000      0x10c startup/startup_stm32f103xb.o
                0x0000000008000000                g_pfnVectors
                0x000000000800010c                . = ALIGN (0x4)

.text           0x000000000800010c     0x36e0
                0x000000000800010c                . = ALIGN (0x4)
 *(.text)
 .text          0x000000000800010c       0x40 /home/mishko/Packages/STM32Ac6/plugins/fr.ac6.mcu.externaltools.arm-none.linux64_1.17.0.201812190825/tools/compiler/bin/../lib/gcc/arm-none-eabi/7.3.1/thumb/v7-m/crtbegin.o
 *(.text*)
 .text.HAL_InitTick
                0x000000000800014c       0x44 Drivers/STM32F1xx_HAL_Driver/Src/stm32f1xx_hal.o
                0x000000000800014c                HAL_InitTick
 .text.HAL_Init
                0x0000000008000190       0x24 Drivers/STM32F1xx_HAL_Driver/Src/stm32f1xx_hal.o
                0x0000000008000190                HAL_Init
 .text.HAL_IncTick
                0x00000000080001b4       0x18 Drivers/STM32F1xx_HAL_Driver/Src/stm32f1xx_hal.o
                0x00000000080001b4                HAL_IncTick
 .text.HAL_GetTick
                0x00000000080001cc        0xc Drivers/STM32F1xx_HAL_Driver/Src/stm32f1xx_hal.o
                0x00000000080001cc                HAL_GetTick
 .text.HAL_Delay
                0x00000000080001d8       0x24 Drivers/STM32F1xx_HAL_Driver/Src/stm32f1xx_hal.o
                0x00000000080001d8                HAL_Delay
 .text.HAL_NVIC_SetPriorityGrouping
                0x00000000080001fc       0x24 Drivers/STM32F1xx_HAL_Driver/Src/stm32f1xx_hal_cortex.o
                0x00000000080001fc                HAL_NVIC_SetPriorityGrouping
 .text.HAL_NVIC_SetPriority
                0x0000000008000220       0x6c Drivers/STM32F1xx_HAL_Driver/Src/stm32f1xx_hal_cortex.o
                0x0000000008000220                HAL_NVIC_SetPriority
 .text.HAL_NVIC_EnableIRQ
                0x000000000800028c       0x1c Drivers/STM32F1xx_HAL_Driver/Src/stm32f1xx_hal_cortex.o
                0x000000000800028c                HAL_NVIC_EnableIRQ
 .text.HAL_SYSTICK_Config
                0x00000000080002a8       0x30 Drivers/STM32F1xx_HAL_Driver/Src/stm32f1xx_hal_cortex.o
                0x00000000080002a8                HAL_SYSTICK_Config
 .text.HAL_GPIO_Init
                0x00000000080002d8      0x1f4 Drivers/STM32F1xx_HAL_Driver/Src/stm32f1xx_hal_gpio.o
                0x00000000080002d8                HAL_GPIO_Init
 .text.HAL_GPIO_ReadPin
                0x00000000080004cc        0xc Drivers/STM32F1xx_HAL_Driver/Src/stm32f1xx_hal_gpio.o
                0x00000000080004cc                HAL_GPIO_ReadPin
 .text.HAL_GPIO_WritePin
                0x00000000080004d8        0x8 Drivers/STM32F1xx_HAL_Driver/Src/stm32f1xx_hal_gpio.o
                0x00000000080004d8                HAL_GPIO_WritePin
 .text.HAL_GPIO_TogglePin
                0x00000000080004e0        0xc Drivers/STM32F1xx_HAL_Driver/Src/stm32f1xx_hal_gpio.o
                0x00000000080004e0                HAL_GPIO_TogglePin
 .text.HAL_I2C_Init
                0x00000000080004ec      0x170 Drivers/STM32F1xx_HAL_Driver/Src/stm32f1xx_hal_i2c.o
                0x00000000080004ec                HAL_I2C_Init
 .text.HAL_PCD_Init
                0x000000000800065c       0xfc Drivers/STM32F1xx_HAL_Driver/Src/stm32f1xx_hal_pcd.o
                0x000000000800065c                HAL_PCD_Init
 .text.HAL_PCD_Start
                0x0000000008000758       0x30 Drivers/STM32F1xx_HAL_Driver/Src/stm32f1xx_hal_pcd.o
                0x0000000008000758                HAL_PCD_Start
 .text.HAL_PCD_SetAddress
                0x0000000008000788       0x28 Drivers/STM32F1xx_HAL_Driver/Src/stm32f1xx_hal_pcd.o
                0x0000000008000788                HAL_PCD_SetAddress
 .text.HAL_PCD_EP_Open
                0x00000000080007b0       0x64 Drivers/STM32F1xx_HAL_Driver/Src/stm32f1xx_hal_pcd.o
                0x00000000080007b0                HAL_PCD_EP_Open
 .text.HAL_PCD_EP_Close
                0x0000000008000814       0x58 Drivers/STM32F1xx_HAL_Driver/Src/stm32f1xx_hal_pcd.o
                0x0000000008000814                HAL_PCD_EP_Close
 .text.HAL_PCD_EP_Receive
                0x000000000800086c       0x30 Drivers/STM32F1xx_HAL_Driver/Src/stm32f1xx_hal_pcd.o
                0x000000000800086c                HAL_PCD_EP_Receive
 .text.HAL_PCD_EP_GetRxCount
                0x000000000800089c       0x10 Drivers/STM32F1xx_HAL_Driver/Src/stm32f1xx_hal_pcd.o
                0x000000000800089c                HAL_PCD_EP_GetRxCount
 .text.HAL_PCD_EP_Transmit
                0x00000000080008ac       0x2c Drivers/STM32F1xx_HAL_Driver/Src/stm32f1xx_hal_pcd.o
                0x00000000080008ac                HAL_PCD_EP_Transmit
 .text.HAL_PCD_IRQHandler
                0x00000000080008d8      0x48c Drivers/STM32F1xx_HAL_Driver/Src/stm32f1xx_hal_pcd.o
                0x00000000080008d8                HAL_PCD_IRQHandler
 .text.HAL_PCD_EP_SetStall
                0x0000000008000d64       0x78 Drivers/STM32F1xx_HAL_Driver/Src/stm32f1xx_hal_pcd.o
                0x0000000008000d64                HAL_PCD_EP_SetStall
 .text.HAL_PCD_EP_ClrStall
                0x0000000008000ddc       0x70 Drivers/STM32F1xx_HAL_Driver/Src/stm32f1xx_hal_pcd.o
                0x0000000008000ddc                HAL_PCD_EP_ClrStall
 .text.HAL_PCDEx_PMAConfig
                0x0000000008000e4c       0x38 Drivers/STM32F1xx_HAL_Driver/Src/stm32f1xx_hal_pcd_ex.o
                0x0000000008000e4c                HAL_PCDEx_PMAConfig
 .text.HAL_RCC_OscConfig
                0x0000000008000e84      0x3f0 Drivers/STM32F1xx_HAL_Driver/Src/stm32f1xx_hal_rcc.o
                0x0000000008000e84                HAL_RCC_OscConfig
 .text.HAL_RCC_GetSysClockFreq
                0x0000000008001274       0x6c Drivers/STM32F1xx_HAL_Driver/Src/stm32f1xx_hal_rcc.o
                0x0000000008001274                HAL_RCC_GetSysClockFreq
 .text.HAL_RCC_ClockConfig
                0x00000000080012e0      0x140 Drivers/STM32F1xx_HAL_Driver/Src/stm32f1xx_hal_rcc.o
                0x00000000080012e0                HAL_RCC_ClockConfig
 .text.HAL_RCC_GetPCLK1Freq
                0x0000000008001420       0x20 Drivers/STM32F1xx_HAL_Driver/Src/stm32f1xx_hal_rcc.o
                0x0000000008001420                HAL_RCC_GetPCLK1Freq
 .text.HAL_RCC_GetPCLK2Freq
                0x0000000008001440       0x20 Drivers/STM32F1xx_HAL_Driver/Src/stm32f1xx_hal_rcc.o
                0x0000000008001440                HAL_RCC_GetPCLK2Freq
 .text.HAL_RCCEx_PeriphCLKConfig
                0x0000000008001460      0x104 Drivers/STM32F1xx_HAL_Driver/Src/stm32f1xx_hal_rcc_ex.o
                0x0000000008001460                HAL_RCCEx_PeriphCLKConfig
 .text.SPI_WaitFlagStateUntilTimeout.constprop.6
                0x0000000008001564       0x84 Drivers/STM32F1xx_HAL_Driver/Src/stm32f1xx_hal_spi.o
 .text.HAL_SPI_TransmitReceive.part.2
                0x00000000080015e8      0x1e8 Drivers/STM32F1xx_HAL_Driver/Src/stm32f1xx_hal_spi.o
 .text.HAL_SPI_Init
                0x00000000080017d0       0x80 Drivers/STM32F1xx_HAL_Driver/Src/stm32f1xx_hal_spi.o
                0x00000000080017d0                HAL_SPI_Init
 .text.HAL_SPI_TransmitReceive
                0x0000000008001850       0x18 Drivers/STM32F1xx_HAL_Driver/Src/stm32f1xx_hal_spi.o
                0x0000000008001850                HAL_SPI_TransmitReceive
 .text.UART_SetConfig
                0x0000000008001868       0x80 Drivers/STM32F1xx_HAL_Driver/Src/stm32f1xx_hal_uart.o
 .text.UART_WaitOnFlagUntilTimeout.constprop.3
                0x00000000080018e8       0x58 Drivers/STM32F1xx_HAL_Driver/Src/stm32f1xx_hal_uart.o
 .text.HAL_UART_Init
                0x0000000008001940       0x60 Drivers/STM32F1xx_HAL_Driver/Src/stm32f1xx_hal_uart.o
                0x0000000008001940                HAL_UART_Init
 .text.HAL_UART_Transmit
                0x00000000080019a0       0xbc Drivers/STM32F1xx_HAL_Driver/Src/stm32f1xx_hal_uart.o
                0x00000000080019a0                HAL_UART_Transmit
 .text.USB_CoreInit
                0x0000000008001a5c       0x10 Drivers/STM32F1xx_HAL_Driver/Src/stm32f1xx_ll_usb.o
                0x0000000008001a5c                USB_CoreInit
 .text.USB_EnableGlobalInt
                0x0000000008001a6c       0x14 Drivers/STM32F1xx_HAL_Driver/Src/stm32f1xx_ll_usb.o
                0x0000000008001a6c                USB_EnableGlobalInt
 .text.USB_DisableGlobalInt
                0x0000000008001a80       0x14 Drivers/STM32F1xx_HAL_Driver/Src/stm32f1xx_ll_usb.o
                0x0000000008001a80                USB_DisableGlobalInt
 .text.USB_SetCurrentMode
                0x0000000008001a94        0x4 Drivers/STM32F1xx_HAL_Driver/Src/stm32f1xx_ll_usb.o
                0x0000000008001a94                USB_SetCurrentMode
 .text.USB_DevInit
                0x0000000008001a98       0x34 Drivers/STM32F1xx_HAL_Driver/Src/stm32f1xx_ll_usb.o
                0x0000000008001a98                USB_DevInit
 .text.USB_ActivateEndpoint
                0x0000000008001acc      0x310 Drivers/STM32F1xx_HAL_Driver/Src/stm32f1xx_ll_usb.o
                0x0000000008001acc                USB_ActivateEndpoint
 .text.USB_DeactivateEndpoint
                0x0000000008001ddc      0x1ac Drivers/STM32F1xx_HAL_Driver/Src/stm32f1xx_ll_usb.o
                0x0000000008001ddc                USB_DeactivateEndpoint
 .text.USB_EPStartXfer
                0x0000000008001f88      0x25c Drivers/STM32F1xx_HAL_Driver/Src/stm32f1xx_ll_usb.o
                0x0000000008001f88                USB_EPStartXfer
 .text.USB_EPSetStall
                0x00000000080021e4       0x44 Drivers/STM32F1xx_HAL_Driver/Src/stm32f1xx_ll_usb.o
                0x00000000080021e4                USB_EPSetStall
 .text.USB_EPClearStall
                0x0000000008002228       0xa8 Drivers/STM32F1xx_HAL_Driver/Src/stm32f1xx_ll_usb.o
                0x0000000008002228                USB_EPClearStall
 .text.USB_SetDevAddress
                0x00000000080022d0        0xc Drivers/STM32F1xx_HAL_Driver/Src/stm32f1xx_ll_usb.o
                0x00000000080022d0                USB_SetDevAddress
 .text.USB_DevConnect
                0x00000000080022dc        0x4 Drivers/STM32F1xx_HAL_Driver/Src/stm32f1xx_ll_usb.o
                0x00000000080022dc                USB_DevConnect
 .text.USB_DevDisconnect
                0x00000000080022e0        0x4 Drivers/STM32F1xx_HAL_Driver/Src/stm32f1xx_ll_usb.o
                0x00000000080022e0                USB_DevDisconnect
 .text.USB_ReadInterrupts
                0x00000000080022e4        0x8 Drivers/STM32F1xx_HAL_Driver/Src/stm32f1xx_ll_usb.o
                0x00000000080022e4                USB_ReadInterrupts
 .text.USB_EP0_OutStart
                0x00000000080022ec        0x4 Drivers/STM32F1xx_HAL_Driver/Src/stm32f1xx_ll_usb.o
                0x00000000080022ec                USB_EP0_OutStart
 .text.USB_ReadPMA
                0x00000000080022f0       0x4c Drivers/STM32F1xx_HAL_Driver/Src/stm32f1xx_ll_usb.o
                0x00000000080022f0                USB_ReadPMA
 .text.USBD_CDC_EP0_RxReady
                0x000000000800233c       0x2c Middlewares/ST/STM32_USB_Device_Library/Class/CDC/Src/usbd_cdc.o
 .text.USBD_CDC_GetFSCfgDesc
                0x0000000008002368        0xc Middlewares/ST/STM32_USB_Device_Library/Class/CDC/Src/usbd_cdc.o
 .text.USBD_CDC_GetHSCfgDesc
                0x0000000008002374        0xc Middlewares/ST/STM32_USB_Device_Library/Class/CDC/Src/usbd_cdc.o
 .text.USBD_CDC_GetOtherSpeedCfgDesc
                0x0000000008002380        0xc Middlewares/ST/STM32_USB_Device_Library/Class/CDC/Src/usbd_cdc.o
 .text.USBD_CDC_GetDeviceQualifierDescriptor
                0x000000000800238c        0xc Middlewares/ST/STM32_USB_Device_Library/Class/CDC/Src/usbd_cdc.o
                0x000000000800238c                USBD_CDC_GetDeviceQualifierDescriptor
 .text.USBD_CDC_DataOut
                0x0000000008002398       0x30 Middlewares/ST/STM32_USB_Device_Library/Class/CDC/Src/usbd_cdc.o
 .text.USBD_CDC_DataIn
                0x00000000080023c8       0x44 Middlewares/ST/STM32_USB_Device_Library/Class/CDC/Src/usbd_cdc.o
 .text.USBD_CDC_Setup
                0x000000000800240c       0xc8 Middlewares/ST/STM32_USB_Device_Library/Class/CDC/Src/usbd_cdc.o
 .text.USBD_CDC_DeInit
                0x00000000080024d4       0x44 Middlewares/ST/STM32_USB_Device_Library/Class/CDC/Src/usbd_cdc.o
 .text.USBD_CDC_Init
                0x0000000008002518       0xac Middlewares/ST/STM32_USB_Device_Library/Class/CDC/Src/usbd_cdc.o
 .text.USBD_CDC_RegisterInterface
                0x00000000080025c4       0x10 Middlewares/ST/STM32_USB_Device_Library/Class/CDC/Src/usbd_cdc.o
                0x00000000080025c4                USBD_CDC_RegisterInterface
 .text.USBD_CDC_SetTxBuffer
                0x00000000080025d4       0x10 Middlewares/ST/STM32_USB_Device_Library/Class/CDC/Src/usbd_cdc.o
                0x00000000080025d4                USBD_CDC_SetTxBuffer
 .text.USBD_CDC_SetRxBuffer
                0x00000000080025e4        0xc Middlewares/ST/STM32_USB_Device_Library/Class/CDC/Src/usbd_cdc.o
                0x00000000080025e4                USBD_CDC_SetRxBuffer
 .text.USBD_CDC_ReceivePacket
                0x00000000080025f0       0x30 Middlewares/ST/STM32_USB_Device_Library/Class/CDC/Src/usbd_cdc.o
                0x00000000080025f0                USBD_CDC_ReceivePacket
 .text.USBD_Init
                0x0000000008002620       0x2c Middlewares/ST/STM32_USB_Device_Library/Core/Src/usbd_core.o
                0x0000000008002620                USBD_Init
 .text.USBD_RegisterClass
                0x000000000800264c       0x10 Middlewares/ST/STM32_USB_Device_Library/Core/Src/usbd_core.o
                0x000000000800264c                USBD_RegisterClass
 .text.USBD_Start
                0x000000000800265c        0xc Middlewares/ST/STM32_USB_Device_Library/Core/Src/usbd_core.o
                0x000000000800265c                USBD_Start
 .text.USBD_SetClassConfig
                0x0000000008002668       0x14 Middlewares/ST/STM32_USB_Device_Library/Core/Src/usbd_core.o
                0x0000000008002668                USBD_SetClassConfig
 .text.USBD_ClrClassConfig
                0x000000000800267c       0x10 Middlewares/ST/STM32_USB_Device_Library/Core/Src/usbd_core.o
                0x000000000800267c                USBD_ClrClassConfig
 .text.USBD_LL_SetupStage
                0x000000000800268c       0x60 Middlewares/ST/STM32_USB_Device_Library/Core/Src/usbd_core.o
                0x000000000800268c                USBD_LL_SetupStage
 .text.USBD_LL_DataOutStage
                0x00000000080026ec       0x80 Middlewares/ST/STM32_USB_Device_Library/Core/Src/usbd_core.o
                0x00000000080026ec                USBD_LL_DataOutStage
 .text.USBD_LL_DataInStage
                0x000000000800276c       0xc0 Middlewares/ST/STM32_USB_Device_Library/Core/Src/usbd_core.o
                0x000000000800276c                USBD_LL_DataInStage
 .text.USBD_LL_Reset
                0x000000000800282c       0x50 Middlewares/ST/STM32_USB_Device_Library/Core/Src/usbd_core.o
                0x000000000800282c                USBD_LL_Reset
 .text.USBD_LL_SetSpeed
                0x000000000800287c        0x8 Middlewares/ST/STM32_USB_Device_Library/Core/Src/usbd_core.o
                0x000000000800287c                USBD_LL_SetSpeed
 .text.USBD_LL_Suspend
                0x0000000008002884       0x14 Middlewares/ST/STM32_USB_Device_Library/Core/Src/usbd_core.o
                0x0000000008002884                USBD_LL_Suspend
 .text.USBD_LL_Resume
                0x0000000008002898       0x14 Middlewares/ST/STM32_USB_Device_Library/Core/Src/usbd_core.o
                0x0000000008002898                USBD_LL_Resume
 .text.USBD_LL_SOF
                0x00000000080028ac       0x1c Middlewares/ST/STM32_USB_Device_Library/Core/Src/usbd_core.o
                0x00000000080028ac                USBD_LL_SOF
 .text.USBD_StdDevReq
                0x00000000080028c8      0x2fc Middlewares/ST/STM32_USB_Device_Library/Core/Src/usbd_ctlreq.o
                0x00000000080028c8                USBD_StdDevReq
 .text.USBD_StdItfReq
                0x0000000008002bc4       0x58 Middlewares/ST/STM32_USB_Device_Library/Core/Src/usbd_ctlreq.o
                0x0000000008002bc4                USBD_StdItfReq
 .text.USBD_StdEPReq
                0x0000000008002c1c      0x12c Middlewares/ST/STM32_USB_Device_Library/Core/Src/usbd_ctlreq.o
                0x0000000008002c1c                USBD_StdEPReq
 .text.USBD_ParseSetupRequest
                0x0000000008002d48       0x28 Middlewares/ST/STM32_USB_Device_Library/Core/Src/usbd_ctlreq.o
                0x0000000008002d48                USBD_ParseSetupRequest
 .text.USBD_CtlError
                0x0000000008002d70       0x18 Middlewares/ST/STM32_USB_Device_Library/Core/Src/usbd_ctlreq.o
                0x0000000008002d70                USBD_CtlError
 .text.USBD_GetString
                0x0000000008002d88       0x4c Middlewares/ST/STM32_USB_Device_Library/Core/Src/usbd_ctlreq.o
                0x0000000008002d88                USBD_GetString
 .text.USBD_CtlSendData
                0x0000000008002dd4       0x1c Middlewares/ST/STM32_USB_Device_Library/Core/Src/usbd_ioreq.o
                0x0000000008002dd4                USBD_CtlSendData
 .text.USBD_CtlContinueSendData
                0x0000000008002df0       0x10 Middlewares/ST/STM32_USB_Device_Library/Core/Src/usbd_ioreq.o
                0x0000000008002df0                USBD_CtlContinueSendData
 .text.USBD_CtlPrepareRx
                0x0000000008002e00       0x20 Middlewares/ST/STM32_USB_Device_Library/Core/Src/usbd_ioreq.o
                0x0000000008002e00                USBD_CtlPrepareRx
 .text.USBD_CtlContinueRx
                0x0000000008002e20       0x10 Middlewares/ST/STM32_USB_Device_Library/Core/Src/usbd_ioreq.o
                0x0000000008002e20                USBD_CtlContinueRx
 .text.USBD_CtlSendStatus
                0x0000000008002e30       0x18 Middlewares/ST/STM32_USB_Device_Library/Core/Src/usbd_ioreq.o
                0x0000000008002e30                USBD_CtlSendStatus
 .text.USBD_CtlReceiveStatus
                0x0000000008002e48       0x18 Middlewares/ST/STM32_USB_Device_Library/Core/Src/usbd_ioreq.o
                0x0000000008002e48                USBD_CtlReceiveStatus
 .text.SystemClock_Config
                0x0000000008002e60       0x78 Src/main.o
                0x0000000008002e60                SystemClock_Config
 .text.startup.main
                0x0000000008002ed8      0x24c Src/main.o
                0x0000000008002ed8                main
 .text.Error_Handler
                0x0000000008003124        0x4 Src/main.o
                0x0000000008003124                Error_Handler
 .text.HAL_MspInit
                0x0000000008003128       0x44 Src/stm32f1xx_hal_msp.o
                0x0000000008003128                HAL_MspInit
 .text.HAL_I2C_MspInit
                0x000000000800316c       0x64 Src/stm32f1xx_hal_msp.o
                0x000000000800316c                HAL_I2C_MspInit
 .text.HAL_SPI_MspInit
                0x00000000080031d0       0x74 Src/stm32f1xx_hal_msp.o
                0x00000000080031d0                HAL_SPI_MspInit
 .text.HAL_UART_MspInit
                0x0000000008003244       0x78 Src/stm32f1xx_hal_msp.o
                0x0000000008003244                HAL_UART_MspInit
 .text.NMI_Handler
                0x00000000080032bc        0x4 Src/stm32f1xx_it.o
                0x00000000080032bc                NMI_Handler
 .text.HardFault_Handler
                0x00000000080032c0        0x4 Src/stm32f1xx_it.o
                0x00000000080032c0                HardFault_Handler
 .text.MemManage_Handler
                0x00000000080032c4        0x4 Src/stm32f1xx_it.o
                0x00000000080032c4                MemManage_Handler
 .text.BusFault_Handler
                0x00000000080032c8        0x4 Src/stm32f1xx_it.o
                0x00000000080032c8                BusFault_Handler
 .text.UsageFault_Handler
                0x00000000080032cc        0x4 Src/stm32f1xx_it.o
                0x00000000080032cc                UsageFault_Handler
 .text.SVC_Handler
                0x00000000080032d0        0x4 Src/stm32f1xx_it.o
                0x00000000080032d0                SVC_Handler
 .text.DebugMon_Handler
                0x00000000080032d4        0x4 Src/stm32f1xx_it.o
                0x00000000080032d4                DebugMon_Handler
 .text.PendSV_Handler
                0x00000000080032d8        0x4 Src/stm32f1xx_it.o
                0x00000000080032d8                PendSV_Handler
 .text.SysTick_Handler
                0x00000000080032dc        0x4 Src/stm32f1xx_it.o
                0x00000000080032dc                SysTick_Handler
 .text.USB_LP_CAN1_RX0_IRQHandler
                0x00000000080032e0        0xc Src/stm32f1xx_it.o
                0x00000000080032e0                USB_LP_CAN1_RX0_IRQHandler
 .text.SystemInit
                0x00000000080032ec       0x50 Src/system_stm32f1xx.o
                0x00000000080032ec                SystemInit
 .text.MX_USB_DEVICE_Init
                0x000000000800333c       0x58 Src/usb_device.o
                0x000000000800333c                MX_USB_DEVICE_Init
 .text.CDC_DeInit_FS
                0x0000000008003394        0x4 Src/usbd_cdc_if.o
 .text.CDC_Control_FS
                0x0000000008003398        0x4 Src/usbd_cdc_if.o
 .text.CDC_Receive_FS
                0x000000000800339c       0x1c Src/usbd_cdc_if.o
 .text.CDC_Init_FS
                0x00000000080033b8       0x28 Src/usbd_cdc_if.o
 .text.HAL_PCD_MspInit
                0x00000000080033e0       0x40 Src/usbd_conf.o
                0x00000000080033e0                HAL_PCD_MspInit
 .text.HAL_PCD_SetupStageCallback
                0x0000000008003420        0xc Src/usbd_conf.o
                0x0000000008003420                HAL_PCD_SetupStageCallback
 .text.HAL_PCD_DataOutStageCallback
                0x000000000800342c       0x10 Src/usbd_conf.o
                0x000000000800342c                HAL_PCD_DataOutStageCallback
 .text.HAL_PCD_DataInStageCallback
                0x000000000800343c       0x10 Src/usbd_conf.o
                0x000000000800343c                HAL_PCD_DataInStageCallback
 .text.HAL_PCD_SOFCallback
                0x000000000800344c        0x8 Src/usbd_conf.o
                0x000000000800344c                HAL_PCD_SOFCallback
 .text.HAL_PCD_ResetCallback
                0x0000000008003454       0x24 Src/usbd_conf.o
                0x0000000008003454                HAL_PCD_ResetCallback
 .text.HAL_PCD_SuspendCallback
                0x0000000008003478       0x20 Src/usbd_conf.o
                0x0000000008003478                HAL_PCD_SuspendCallback
 .text.HAL_PCD_ResumeCallback
                0x0000000008003498        0x8 Src/usbd_conf.o
                0x0000000008003498                HAL_PCD_ResumeCallback
 .text.USBD_LL_Init
                0x00000000080034a0       0x84 Src/usbd_conf.o
                0x00000000080034a0                USBD_LL_Init
 .text.USBD_LL_Start
                0x0000000008003524       0x1c Src/usbd_conf.o
                0x0000000008003524                USBD_LL_Start
 .text.USBD_LL_OpenEP
                0x0000000008003540       0x20 Src/usbd_conf.o
                0x0000000008003540                USBD_LL_OpenEP
 .text.USBD_LL_CloseEP
                0x0000000008003560       0x1c Src/usbd_conf.o
                0x0000000008003560                USBD_LL_CloseEP
 .text.USBD_LL_StallEP
                0x000000000800357c       0x1c Src/usbd_conf.o
                0x000000000800357c                USBD_LL_StallEP
 .text.USBD_LL_ClearStallEP
                0x0000000008003598       0x1c Src/usbd_conf.o
                0x0000000008003598                USBD_LL_ClearStallEP
 .text.USBD_LL_IsStallEP
                0x00000000080035b4       0x20 Src/usbd_conf.o
                0x00000000080035b4                USBD_LL_IsStallEP
 .text.USBD_LL_SetUSBAddress
                0x00000000080035d4       0x1c Src/usbd_conf.o
                0x00000000080035d4                USBD_LL_SetUSBAddress
 .text.USBD_LL_Transmit
                0x00000000080035f0       0x1c Src/usbd_conf.o
                0x00000000080035f0                USBD_LL_Transmit
 .text.USBD_LL_PrepareReceive
                0x000000000800360c       0x1c Src/usbd_conf.o
                0x000000000800360c                USBD_LL_PrepareReceive
 .text.USBD_LL_GetRxDataSize
                0x0000000008003628        0x8 Src/usbd_conf.o
                0x0000000008003628                USBD_LL_GetRxDataSize
 .text.USBD_static_malloc
                0x0000000008003630        0x8 Src/usbd_conf.o
                0x0000000008003630                USBD_static_malloc
 .text.USBD_static_free
                0x0000000008003638        0x4 Src/usbd_conf.o
                0x0000000008003638                USBD_static_free
 .text.HAL_PCDEx_SetConnectionState
                0x000000000800363c        0x4 Src/usbd_conf.o
                0x000000000800363c                HAL_PCDEx_SetConnectionState
 .text.USBD_FS_DeviceDescriptor
                0x0000000008003640        0xc Src/usbd_desc.o
                0x0000000008003640                USBD_FS_DeviceDescriptor
 .text.USBD_FS_LangIDStrDescriptor
                0x000000000800364c        0xc Src/usbd_desc.o
                0x000000000800364c                USBD_FS_LangIDStrDescriptor
 .text.IntToUnicode
                0x0000000008003658       0x30 Src/usbd_desc.o
 .text.USBD_FS_SerialStrDescriptor
                0x0000000008003688       0x48 Src/usbd_desc.o
                0x0000000008003688                USBD_FS_SerialStrDescriptor
 .text.USBD_FS_ManufacturerStrDescriptor
                0x00000000080036d0       0x1c Src/usbd_desc.o
                0x00000000080036d0                USBD_FS_ManufacturerStrDescriptor
 .text.USBD_FS_ProductStrDescriptor
                0x00000000080036ec       0x1c Src/usbd_desc.o
                0x00000000080036ec                USBD_FS_ProductStrDescriptor
 .text.USBD_FS_ConfigStrDescriptor
                0x0000000008003708       0x1c Src/usbd_desc.o
                0x0000000008003708                USBD_FS_ConfigStrDescriptor
 .text.USBD_FS_InterfaceStrDescriptor
                0x0000000008003724       0x1c Src/usbd_desc.o
                0x0000000008003724                USBD_FS_InterfaceStrDescriptor
 .text.Reset_Handler
                0x0000000008003740       0x48 startup/startup_stm32f103xb.o
                0x0000000008003740                Reset_Handler
 .text.Default_Handler
                0x0000000008003788        0x2 startup/startup_stm32f103xb.o
                0x0000000008003788                RTC_Alarm_IRQHandler
                0x0000000008003788                EXTI2_IRQHandler
                0x0000000008003788                TIM1_CC_IRQHandler
                0x0000000008003788                PVD_IRQHandler
                0x0000000008003788                EXTI3_IRQHandler
                0x0000000008003788                EXTI0_IRQHandler
                0x0000000008003788                I2C2_EV_IRQHandler
                0x0000000008003788                ADC1_2_IRQHandler
                0x0000000008003788                SPI1_IRQHandler
                0x0000000008003788                TAMPER_IRQHandler
                0x0000000008003788                DMA1_Channel4_IRQHandler
                0x0000000008003788                USART3_IRQHandler
                0x0000000008003788                RTC_IRQHandler
                0x0000000008003788                DMA1_Channel7_IRQHandler
                0x0000000008003788                CAN1_RX1_IRQHandler
                0x0000000008003788                TIM4_IRQHandler
                0x0000000008003788                I2C1_EV_IRQHandler
                0x0000000008003788                DMA1_Channel6_IRQHandler
                0x0000000008003788                TIM3_IRQHandler
                0x0000000008003788                RCC_IRQHandler
                0x0000000008003788                TIM1_TRG_COM_IRQHandler
                0x0000000008003788                DMA1_Channel1_IRQHandler
                0x0000000008003788                Default_Handler
                0x0000000008003788                EXTI15_10_IRQHandler
                0x0000000008003788                EXTI9_5_IRQHandler
                0x0000000008003788                SPI2_IRQHandler
                0x0000000008003788                DMA1_Channel5_IRQHandler
                0x0000000008003788                EXTI4_IRQHandler
                0x0000000008003788                USB_HP_CAN1_TX_IRQHandler
                0x0000000008003788                DMA1_Channel3_IRQHandler
                0x0000000008003788                TIM1_UP_IRQHandler
                0x0000000008003788                WWDG_IRQHandler
                0x0000000008003788                TIM2_IRQHandler
                0x0000000008003788                TIM1_BRK_IRQHandler
                0x0000000008003788                EXTI1_IRQHandler
                0x0000000008003788                USART2_IRQHandler
                0x0000000008003788                I2C2_ER_IRQHandler
                0x0000000008003788                DMA1_Channel2_IRQHandler
                0x0000000008003788                CAN1_SCE_IRQHandler
                0x0000000008003788                FLASH_IRQHandler
                0x0000000008003788                USART1_IRQHandler
                0x0000000008003788                I2C1_ER_IRQHandler
                0x0000000008003788                USBWakeUp_IRQHandler
 *fill*         0x000000000800378a        0x2 
 .text.__libc_init_array
                0x000000000800378c       0x48 /home/mishko/Packages/STM32Ac6/plugins/fr.ac6.mcu.externaltools.arm-none.linux64_1.17.0.201812190825/tools/compiler/bin/../lib/gcc/arm-none-eabi/7.3.1/../../../../arm-none-eabi/lib/thumb/v7-m/libc_nano.a(lib_a-init.o)
                0x000000000800378c                __libc_init_array
 *(.glue_7)
 .glue_7        0x00000000080037d4        0x0 linker stubs
 *(.glue_7t)
 .glue_7t       0x00000000080037d4        0x0 linker stubs
 *(.eh_frame)
 .eh_frame      0x00000000080037d4        0x0 /home/mishko/Packages/STM32Ac6/plugins/fr.ac6.mcu.externaltools.arm-none.linux64_1.17.0.201812190825/tools/compiler/bin/../lib/gcc/arm-none-eabi/7.3.1/thumb/v7-m/crtbegin.o
 *(.init)
 .init          0x00000000080037d4        0x4 /home/mishko/Packages/STM32Ac6/plugins/fr.ac6.mcu.externaltools.arm-none.linux64_1.17.0.201812190825/tools/compiler/bin/../lib/gcc/arm-none-eabi/7.3.1/thumb/v7-m/crti.o
                0x00000000080037d4                _init
 .init          0x00000000080037d8        0x8 /home/mishko/Packages/STM32Ac6/plugins/fr.ac6.mcu.externaltools.arm-none.linux64_1.17.0.201812190825/tools/compiler/bin/../lib/gcc/arm-none-eabi/7.3.1/thumb/v7-m/crtn.o
 *(.fini)
 .fini          0x00000000080037e0        0x4 /home/mishko/Packages/STM32Ac6/plugins/fr.ac6.mcu.externaltools.arm-none.linux64_1.17.0.201812190825/tools/compiler/bin/../lib/gcc/arm-none-eabi/7.3.1/thumb/v7-m/crti.o
                0x00000000080037e0                _fini
 .fini          0x00000000080037e4        0x8 /home/mishko/Packages/STM32Ac6/plugins/fr.ac6.mcu.externaltools.arm-none.linux64_1.17.0.201812190825/tools/compiler/bin/../lib/gcc/arm-none-eabi/7.3.1/thumb/v7-m/crtn.o
                0x00000000080037ec                . = ALIGN (0x4)
                0x00000000080037ec                _etext = .

.vfp11_veneer   0x00000000080037ec        0x0
 .vfp11_veneer  0x00000000080037ec        0x0 linker stubs

.v4_bx          0x00000000080037ec        0x0
 .v4_bx         0x00000000080037ec        0x0 linker stubs

.iplt           0x00000000080037ec        0x0
 .iplt          0x00000000080037ec        0x0 /home/mishko/Packages/STM32Ac6/plugins/fr.ac6.mcu.externaltools.arm-none.linux64_1.17.0.201812190825/tools/compiler/bin/../lib/gcc/arm-none-eabi/7.3.1/thumb/v7-m/crtbegin.o

.rodata         0x00000000080037ec       0x74
                0x00000000080037ec                . = ALIGN (0x4)
 *(.rodata)
 .rodata        0x00000000080037ec       0x10 Drivers/STM32F1xx_HAL_Driver/Src/stm32f1xx_hal_rcc.o
 .rodata        0x00000000080037fc       0x18 Src/system_stm32f1xx.o
                0x00000000080037fc                AHBPrescTable
                0x000000000800380c                APBPrescTable
 .rodata        0x0000000008003814        0x4 Src/usbd_conf.o
 *(.rodata*)
 .rodata.str1.4
                0x0000000008003818       0x48 Src/usbd_desc.o
                                         0x46 (size before relaxing)
                0x0000000008003860                . = ALIGN (0x4)

.rel.dyn        0x0000000008003860        0x0
 .rel.iplt      0x0000000008003860        0x0 /home/mishko/Packages/STM32Ac6/plugins/fr.ac6.mcu.externaltools.arm-none.linux64_1.17.0.201812190825/tools/compiler/bin/../lib/gcc/arm-none-eabi/7.3.1/thumb/v7-m/crtbegin.o

.ARM.extab
 *(.ARM.extab* .gnu.linkonce.armextab.*)

.ARM            0x0000000008003860        0x0
                0x0000000008003860                __exidx_start = .
 *(.ARM.exidx*)
                0x0000000008003860                __exidx_end = .

.preinit_array  0x0000000008003860        0x0
                0x0000000008003860                PROVIDE (__preinit_array_start = .)
 *(.preinit_array*)
                0x0000000008003860                PROVIDE (__preinit_array_end = .)

.init_array     0x0000000008003860        0x4
                0x0000000008003860                PROVIDE (__init_array_start = .)
 *(SORT_BY_NAME(.init_array.*))
 *(.init_array*)
 .init_array    0x0000000008003860        0x4 /home/mishko/Packages/STM32Ac6/plugins/fr.ac6.mcu.externaltools.arm-none.linux64_1.17.0.201812190825/tools/compiler/bin/../lib/gcc/arm-none-eabi/7.3.1/thumb/v7-m/crtbegin.o
                0x0000000008003864                PROVIDE (__init_array_end = .)

.fini_array     0x0000000008003864        0x4
                [!provide]                        PROVIDE (__fini_array_start = .)
 *(SORT_BY_NAME(.fini_array.*))
 *(.fini_array*)
 .fini_array    0x0000000008003864        0x4 /home/mishko/Packages/STM32Ac6/plugins/fr.ac6.mcu.externaltools.arm-none.linux64_1.17.0.201812190825/tools/compiler/bin/../lib/gcc/arm-none-eabi/7.3.1/thumb/v7-m/crtbegin.o
                [!provide]                        PROVIDE (__fini_array_end = .)
                0x0000000008003868                _sidata = LOADADDR (.data)

.data           0x0000000020000000      0x17c load address 0x0000000008003868
                0x0000000020000000                . = ALIGN (0x4)
                0x0000000020000000                _sdata = .
 *(.data)
 .data          0x0000000020000000        0x8 Drivers/STM32F1xx_HAL_Driver/Src/stm32f1xx_hal.o
                0x0000000020000000                uwTickFreq
                0x0000000020000004                uwTickPrio
 .data          0x0000000020000008      0x110 Middlewares/ST/STM32_USB_Device_Library/Class/CDC/Src/usbd_cdc.o
                0x0000000020000008                USBD_CDC_CfgFSDesc
                0x000000002000004c                USBD_CDC_CfgHSDesc
                0x0000000020000090                USBD_CDC_OtherSpeedCfgDesc
                0x00000000200000e0                USBD_CDC
 .data          0x0000000020000118        0x4 Src/system_stm32f1xx.o
                0x0000000020000118                SystemCoreClock
 .data          0x000000002000011c       0x10 Src/usbd_cdc_if.o
                0x000000002000011c                USBD_Interface_fops_FS
 .data          0x000000002000012c       0x50 Src/usbd_desc.o
                0x000000002000012c                USBD_FS_DeviceDesc
                0x0000000020000140                USBD_LangIDDesc
                0x0000000020000144                USBD_StringSerial
                0x0000000020000160                FS_Desc
 *(.data*)
                0x000000002000017c                . = ALIGN (0x4)
                0x000000002000017c                _edata = .

.igot.plt       0x000000002000017c        0x0 load address 0x00000000080039e4
 .igot.plt      0x000000002000017c        0x0 /home/mishko/Packages/STM32Ac6/plugins/fr.ac6.mcu.externaltools.arm-none.linux64_1.17.0.201812190825/tools/compiler/bin/../lib/gcc/arm-none-eabi/7.3.1/thumb/v7-m/crtbegin.o
                0x000000002000017c                . = ALIGN (0x4)

.bss            0x000000002000017c     0x1230 load address 0x00000000080039e4
                0x000000002000017c                _sbss = .
                0x000000002000017c                __bss_start__ = _sbss
 *(.bss)
 .bss           0x000000002000017c       0x1c /home/mishko/Packages/STM32Ac6/plugins/fr.ac6.mcu.externaltools.arm-none.linux64_1.17.0.201812190825/tools/compiler/bin/../lib/gcc/arm-none-eabi/7.3.1/thumb/v7-m/crtbegin.o
 .bss           0x0000000020000198        0x1 Middlewares/ST/STM32_USB_Device_Library/Core/Src/usbd_ctlreq.o
 *fill*         0x0000000020000199        0x3 
 .bss           0x000000002000019c      0x220 Src/usbd_conf.o
 *(.bss*)
 *(COMMON)
 COMMON         0x00000000200003bc        0x4 Drivers/STM32F1xx_HAL_Driver/Src/stm32f1xx_hal.o
                0x00000000200003bc                uwTick
 COMMON         0x00000000200003c0       0xec Src/main.o
                0x00000000200003c0                hi2c1
                0x0000000020000414                huart1
                0x0000000020000454                hspi1
 COMMON         0x00000000200004ac      0x2c4 Src/usb_device.o
                0x00000000200004ac                hUsbDeviceFS
 COMMON         0x0000000020000770      0x7d0 Src/usbd_cdc_if.o
                0x0000000020000770                UserRxBufferFS
                0x0000000020000b58                UserTxBufferFS
 COMMON         0x0000000020000f40      0x26c Src/usbd_conf.o
                0x0000000020000f40                hpcd_USB_FS
 COMMON         0x00000000200011ac      0x200 Src/usbd_desc.o
                0x00000000200011ac                USBD_StrDesc
                0x00000000200013ac                . = ALIGN (0x4)
                0x00000000200013ac                _ebss = .
                0x00000000200013ac                __bss_end__ = _ebss

._user_heap_stack
                0x00000000200013ac      0x604 load address 0x00000000080039e4
                0x00000000200013b0                . = ALIGN (0x8)
 *fill*         0x00000000200013ac        0x4 
                0x00000000200013b0                PROVIDE (end = .)
                [!provide]                        PROVIDE (_end = .)
                0x00000000200015b0                . = (. + _Min_Heap_Size)
 *fill*         0x00000000200013b0      0x200 
                0x00000000200019b0                . = (. + _Min_Stack_Size)
 *fill*         0x00000000200015b0      0x400 
                0x00000000200019b0                . = ALIGN (0x8)

/DISCARD/
 libc.a(*)
 libm.a(*)
 libgcc.a(*)

.ARM.attributes
                0x0000000000000000       0x29
 *(.ARM.attributes)
 .ARM.attributes
                0x0000000000000000       0x1d /home/mishko/Packages/STM32Ac6/plugins/fr.ac6.mcu.externaltools.arm-none.linux64_1.17.0.201812190825/tools/compiler/bin/../lib/gcc/arm-none-eabi/7.3.1/thumb/v7-m/crti.o
 .ARM.attributes
                0x000000000000001d       0x2d /home/mishko/Packages/STM32Ac6/plugins/fr.ac6.mcu.externaltools.arm-none.linux64_1.17.0.201812190825/tools/compiler/bin/../lib/gcc/arm-none-eabi/7.3.1/thumb/v7-m/crtbegin.o
 .ARM.attributes
                0x000000000000004a       0x33 Drivers/STM32F1xx_HAL_Driver/Src/stm32f1xx_hal.o
 .ARM.attributes
                0x000000000000007d       0x33 Drivers/STM32F1xx_HAL_Driver/Src/stm32f1xx_hal_cortex.o
 .ARM.attributes
                0x00000000000000b0       0x33 Drivers/STM32F1xx_HAL_Driver/Src/stm32f1xx_hal_gpio.o
 .ARM.attributes
                0x00000000000000e3       0x33 Drivers/STM32F1xx_HAL_Driver/Src/stm32f1xx_hal_i2c.o
 .ARM.attributes
                0x0000000000000116       0x33 Drivers/STM32F1xx_HAL_Driver/Src/stm32f1xx_hal_pcd.o
 .ARM.attributes
                0x0000000000000149       0x33 Drivers/STM32F1xx_HAL_Driver/Src/stm32f1xx_hal_pcd_ex.o
 .ARM.attributes
                0x000000000000017c       0x33 Drivers/STM32F1xx_HAL_Driver/Src/stm32f1xx_hal_rcc.o
 .ARM.attributes
                0x00000000000001af       0x33 Drivers/STM32F1xx_HAL_Driver/Src/stm32f1xx_hal_rcc_ex.o
 .ARM.attributes
                0x00000000000001e2       0x33 Drivers/STM32F1xx_HAL_Driver/Src/stm32f1xx_hal_spi.o
 .ARM.attributes
                0x0000000000000215       0x33 Drivers/STM32F1xx_HAL_Driver/Src/stm32f1xx_hal_uart.o
 .ARM.attributes
                0x0000000000000248       0x33 Drivers/STM32F1xx_HAL_Driver/Src/stm32f1xx_ll_usb.o
 .ARM.attributes
                0x000000000000027b       0x33 Middlewares/ST/STM32_USB_Device_Library/Class/CDC/Src/usbd_cdc.o
 .ARM.attributes
                0x00000000000002ae       0x33 Middlewares/ST/STM32_USB_Device_Library/Core/Src/usbd_core.o
 .ARM.attributes
                0x00000000000002e1       0x33 Middlewares/ST/STM32_USB_Device_Library/Core/Src/usbd_ctlreq.o
 .ARM.attributes
                0x0000000000000314       0x33 Middlewares/ST/STM32_USB_Device_Library/Core/Src/usbd_ioreq.o
 .ARM.attributes
                0x0000000000000347       0x33 Src/main.o
 .ARM.attributes
                0x000000000000037a       0x33 Src/stm32f1xx_hal_msp.o
 .ARM.attributes
                0x00000000000003ad       0x33 Src/stm32f1xx_it.o
 .ARM.attributes
                0x00000000000003e0       0x33 Src/system_stm32f1xx.o
 .ARM.attributes
                0x0000000000000413       0x33 Src/usb_device.o
 .ARM.attributes
                0x0000000000000446       0x33 Src/usbd_cdc_if.o
 .ARM.attributes
                0x0000000000000479       0x33 Src/usbd_conf.o
 .ARM.attributes
                0x00000000000004ac       0x33 Src/usbd_desc.o
 .ARM.attributes
                0x00000000000004df       0x21 startup/startup_stm32f103xb.o
 .ARM.attributes
                0x0000000000000500       0x2d /home/mishko/Packages/STM32Ac6/plugins/fr.ac6.mcu.externaltools.arm-none.linux64_1.17.0.201812190825/tools/compiler/bin/../lib/gcc/arm-none-eabi/7.3.1/../../../../arm-none-eabi/lib/thumb/v7-m/libc_nano.a(lib_a-init.o)
 .ARM.attributes
                0x000000000000052d       0x1d /home/mishko/Packages/STM32Ac6/plugins/fr.ac6.mcu.externaltools.arm-none.linux64_1.17.0.201812190825/tools/compiler/bin/../lib/gcc/arm-none-eabi/7.3.1/thumb/v7-m/crtn.o
OUTPUT(voltmeterF100.elf elf32-littlearm)

.debug_info     0x0000000000000000    0x1a0fa
 .debug_info    0x0000000000000000      0x7d1 Drivers/STM32F1xx_HAL_Driver/Src/stm32f1xx_hal.o
 .debug_info    0x00000000000007d1      0xca8 Drivers/STM32F1xx_HAL_Driver/Src/stm32f1xx_hal_cortex.o
 .debug_info    0x0000000000001479      0x695 Drivers/STM32F1xx_HAL_Driver/Src/stm32f1xx_hal_gpio.o
 .debug_info    0x0000000000001b0e     0x3538 Drivers/STM32F1xx_HAL_Driver/Src/stm32f1xx_hal_i2c.o
 .debug_info    0x0000000000005046     0x1337 Drivers/STM32F1xx_HAL_Driver/Src/stm32f1xx_hal_pcd.o
 .debug_info    0x000000000000637d      0x754 Drivers/STM32F1xx_HAL_Driver/Src/stm32f1xx_hal_pcd_ex.o
 .debug_info    0x0000000000006ad1      0xa01 Drivers/STM32F1xx_HAL_Driver/Src/stm32f1xx_hal_rcc.o
 .debug_info    0x00000000000074d2      0x488 Drivers/STM32F1xx_HAL_Driver/Src/stm32f1xx_hal_rcc_ex.o
 .debug_info    0x000000000000795a     0x1da2 Drivers/STM32F1xx_HAL_Driver/Src/stm32f1xx_hal_spi.o
 .debug_info    0x00000000000096fc     0x16a8 Drivers/STM32F1xx_HAL_Driver/Src/stm32f1xx_hal_uart.o
 .debug_info    0x000000000000ada4     0x167f Drivers/STM32F1xx_HAL_Driver/Src/stm32f1xx_ll_usb.o
 .debug_info    0x000000000000c423     0x1ab4 Middlewares/ST/STM32_USB_Device_Library/Class/CDC/Src/usbd_cdc.o
 .debug_info    0x000000000000ded7     0x1539 Middlewares/ST/STM32_USB_Device_Library/Core/Src/usbd_core.o
 .debug_info    0x000000000000f410     0x16ae Middlewares/ST/STM32_USB_Device_Library/Core/Src/usbd_ctlreq.o
 .debug_info    0x0000000000010abe     0x102d Middlewares/ST/STM32_USB_Device_Library/Core/Src/usbd_ioreq.o
 .debug_info    0x0000000000011aeb     0x1bfa Src/main.o
 .debug_info    0x00000000000136e5      0xef2 Src/stm32f1xx_hal_msp.o
 .debug_info    0x00000000000145d7      0x69d Src/stm32f1xx_it.o
 .debug_info    0x0000000000014c74      0x43a Src/system_stm32f1xx.o
 .debug_info    0x00000000000150ae      0xf3c Src/usb_device.o
 .debug_info    0x0000000000015fea     0x10f8 Src/usbd_cdc_if.o
 .debug_info    0x00000000000170e2     0x2152 Src/usbd_conf.o
 .debug_info    0x0000000000019234      0xea4 Src/usbd_desc.o
 .debug_info    0x000000000001a0d8       0x22 startup/startup_stm32f103xb.o

.debug_abbrev   0x0000000000000000     0x3ddc
 .debug_abbrev  0x0000000000000000      0x251 Drivers/STM32F1xx_HAL_Driver/Src/stm32f1xx_hal.o
 .debug_abbrev  0x0000000000000251      0x2fb Drivers/STM32F1xx_HAL_Driver/Src/stm32f1xx_hal_cortex.o
 .debug_abbrev  0x000000000000054c      0x1dc Drivers/STM32F1xx_HAL_Driver/Src/stm32f1xx_hal_gpio.o
 .debug_abbrev  0x0000000000000728      0x3d8 Drivers/STM32F1xx_HAL_Driver/Src/stm32f1xx_hal_i2c.o
 .debug_abbrev  0x0000000000000b00      0x338 Drivers/STM32F1xx_HAL_Driver/Src/stm32f1xx_hal_pcd.o
 .debug_abbrev  0x0000000000000e38      0x1b6 Drivers/STM32F1xx_HAL_Driver/Src/stm32f1xx_hal_pcd_ex.o
 .debug_abbrev  0x0000000000000fee      0x2a1 Drivers/STM32F1xx_HAL_Driver/Src/stm32f1xx_hal_rcc.o
 .debug_abbrev  0x000000000000128f      0x1c7 Drivers/STM32F1xx_HAL_Driver/Src/stm32f1xx_hal_rcc_ex.o
 .debug_abbrev  0x0000000000001456      0x376 Drivers/STM32F1xx_HAL_Driver/Src/stm32f1xx_hal_spi.o
 .debug_abbrev  0x00000000000017cc      0x309 Drivers/STM32F1xx_HAL_Driver/Src/stm32f1xx_hal_uart.o
 .debug_abbrev  0x0000000000001ad5      0x2d5 Drivers/STM32F1xx_HAL_Driver/Src/stm32f1xx_ll_usb.o
 .debug_abbrev  0x0000000000001daa      0x32c Middlewares/ST/STM32_USB_Device_Library/Class/CDC/Src/usbd_cdc.o
 .debug_abbrev  0x00000000000020d6      0x327 Middlewares/ST/STM32_USB_Device_Library/Core/Src/usbd_core.o
 .debug_abbrev  0x00000000000023fd      0x3cd Middlewares/ST/STM32_USB_Device_Library/Core/Src/usbd_ctlreq.o
 .debug_abbrev  0x00000000000027ca      0x223 Middlewares/ST/STM32_USB_Device_Library/Core/Src/usbd_ioreq.o
 .debug_abbrev  0x00000000000029ed      0x35b Src/main.o
 .debug_abbrev  0x0000000000002d48      0x1e7 Src/stm32f1xx_hal_msp.o
 .debug_abbrev  0x0000000000002f2f      0x1a6 Src/stm32f1xx_it.o
 .debug_abbrev  0x00000000000030d5      0x134 Src/system_stm32f1xx.o
 .debug_abbrev  0x0000000000003209      0x22a Src/usb_device.o
 .debug_abbrev  0x0000000000003433      0x2e6 Src/usbd_cdc_if.o
 .debug_abbrev  0x0000000000003719      0x354 Src/usbd_conf.o
 .debug_abbrev  0x0000000000003a6d      0x35d Src/usbd_desc.o
 .debug_abbrev  0x0000000000003dca       0x12 startup/startup_stm32f103xb.o

.debug_loc      0x0000000000000000     0xc49b
 .debug_loc     0x0000000000000000      0x10d Drivers/STM32F1xx_HAL_Driver/Src/stm32f1xx_hal.o
 .debug_loc     0x000000000000010d      0x588 Drivers/STM32F1xx_HAL_Driver/Src/stm32f1xx_hal_cortex.o
 .debug_loc     0x0000000000000695      0x3a9 Drivers/STM32F1xx_HAL_Driver/Src/stm32f1xx_hal_gpio.o
 .debug_loc     0x0000000000000a3e     0x3486 Drivers/STM32F1xx_HAL_Driver/Src/stm32f1xx_hal_i2c.o
 .debug_loc     0x0000000000003ec4      0xb16 Drivers/STM32F1xx_HAL_Driver/Src/stm32f1xx_hal_pcd.o
 .debug_loc     0x00000000000049da       0xea Drivers/STM32F1xx_HAL_Driver/Src/stm32f1xx_hal_pcd_ex.o
 .debug_loc     0x0000000000004ac4      0x492 Drivers/STM32F1xx_HAL_Driver/Src/stm32f1xx_hal_rcc.o
 .debug_loc     0x0000000000004f56      0x2f2 Drivers/STM32F1xx_HAL_Driver/Src/stm32f1xx_hal_rcc_ex.o
 .debug_loc     0x0000000000005248     0x1bb6 Drivers/STM32F1xx_HAL_Driver/Src/stm32f1xx_hal_spi.o
 .debug_loc     0x0000000000006dfe     0x14b5 Drivers/STM32F1xx_HAL_Driver/Src/stm32f1xx_hal_uart.o
 .debug_loc     0x00000000000082b3     0x16c7 Drivers/STM32F1xx_HAL_Driver/Src/stm32f1xx_ll_usb.o
 .debug_loc     0x000000000000997a      0x6a9 Middlewares/ST/STM32_USB_Device_Library/Class/CDC/Src/usbd_cdc.o
 .debug_loc     0x000000000000a023      0x76c Middlewares/ST/STM32_USB_Device_Library/Core/Src/usbd_core.o
 .debug_loc     0x000000000000a78f      0xb72 Middlewares/ST/STM32_USB_Device_Library/Core/Src/usbd_ctlreq.o
 .debug_loc     0x000000000000b301      0x23c Middlewares/ST/STM32_USB_Device_Library/Core/Src/usbd_ioreq.o
 .debug_loc     0x000000000000b53d       0x61 Src/main.o
 .debug_loc     0x000000000000b59e       0xc6 Src/stm32f1xx_hal_msp.o
 .debug_loc     0x000000000000b664       0xcd Src/system_stm32f1xx.o
 .debug_loc     0x000000000000b731       0xf4 Src/usbd_cdc_if.o
 .debug_loc     0x000000000000b825      0x922 Src/usbd_conf.o
 .debug_loc     0x000000000000c147      0x354 Src/usbd_desc.o

.debug_aranges  0x0000000000000000      0xd90
 .debug_aranges
                0x0000000000000000       0xd8 Drivers/STM32F1xx_HAL_Driver/Src/stm32f1xx_hal.o
 .debug_aranges
                0x00000000000000d8       0x90 Drivers/STM32F1xx_HAL_Driver/Src/stm32f1xx_hal_cortex.o
 .debug_aranges
                0x0000000000000168       0x58 Drivers/STM32F1xx_HAL_Driver/Src/stm32f1xx_hal_gpio.o
 .debug_aranges
                0x00000000000001c0      0x1a8 Drivers/STM32F1xx_HAL_Driver/Src/stm32f1xx_hal_i2c.o
 .debug_aranges
                0x0000000000000368       0xc0 Drivers/STM32F1xx_HAL_Driver/Src/stm32f1xx_hal_pcd.o
 .debug_aranges
                0x0000000000000428       0x28 Drivers/STM32F1xx_HAL_Driver/Src/stm32f1xx_hal_pcd_ex.o
 .debug_aranges
                0x0000000000000450       0x88 Drivers/STM32F1xx_HAL_Driver/Src/stm32f1xx_hal_rcc.o
 .debug_aranges
                0x00000000000004d8       0x30 Drivers/STM32F1xx_HAL_Driver/Src/stm32f1xx_hal_rcc_ex.o
 .debug_aranges
                0x0000000000000508      0x188 Drivers/STM32F1xx_HAL_Driver/Src/stm32f1xx_hal_spi.o
 .debug_aranges
                0x0000000000000690      0x168 Drivers/STM32F1xx_HAL_Driver/Src/stm32f1xx_hal_uart.o
 .debug_aranges
                0x00000000000007f8       0xe0 Drivers/STM32F1xx_HAL_Driver/Src/stm32f1xx_ll_usb.o
 .debug_aranges
                0x00000000000008d8       0x90 Middlewares/ST/STM32_USB_Device_Library/Class/CDC/Src/usbd_cdc.o
 .debug_aranges
                0x0000000000000968       0xa8 Middlewares/ST/STM32_USB_Device_Library/Core/Src/usbd_core.o
 .debug_aranges
                0x0000000000000a10       0x48 Middlewares/ST/STM32_USB_Device_Library/Core/Src/usbd_ctlreq.o
 .debug_aranges
                0x0000000000000a58       0x50 Middlewares/ST/STM32_USB_Device_Library/Core/Src/usbd_ioreq.o
 .debug_aranges
                0x0000000000000aa8       0x30 Src/main.o
 .debug_aranges
                0x0000000000000ad8       0x50 Src/stm32f1xx_hal_msp.o
 .debug_aranges
                0x0000000000000b28       0x50 Src/stm32f1xx_it.o
 .debug_aranges
                0x0000000000000b78       0x28 Src/system_stm32f1xx.o
 .debug_aranges
                0x0000000000000ba0       0x20 Src/usb_device.o
 .debug_aranges
                0x0000000000000bc0       0x40 Src/usbd_cdc_if.o
 .debug_aranges
                0x0000000000000c00      0x110 Src/usbd_conf.o
 .debug_aranges
                0x0000000000000d10       0x58 Src/usbd_desc.o
 .debug_aranges
                0x0000000000000d68       0x28 startup/startup_stm32f103xb.o

.debug_ranges   0x0000000000000000     0x1aa8
 .debug_ranges  0x0000000000000000       0xc8 Drivers/STM32F1xx_HAL_Driver/Src/stm32f1xx_hal.o
 .debug_ranges  0x00000000000000c8      0x148 Drivers/STM32F1xx_HAL_Driver/Src/stm32f1xx_hal_cortex.o
 .debug_ranges  0x0000000000000210       0x68 Drivers/STM32F1xx_HAL_Driver/Src/stm32f1xx_hal_gpio.o
 .debug_ranges  0x0000000000000278      0x5c8 Drivers/STM32F1xx_HAL_Driver/Src/stm32f1xx_hal_i2c.o
 .debug_ranges  0x0000000000000840      0x190 Drivers/STM32F1xx_HAL_Driver/Src/stm32f1xx_hal_pcd.o
 .debug_ranges  0x00000000000009d0       0x18 Drivers/STM32F1xx_HAL_Driver/Src/stm32f1xx_hal_pcd_ex.o
 .debug_ranges  0x00000000000009e8       0xd8 Drivers/STM32F1xx_HAL_Driver/Src/stm32f1xx_hal_rcc.o
 .debug_ranges  0x0000000000000ac0       0x58 Drivers/STM32F1xx_HAL_Driver/Src/stm32f1xx_hal_rcc_ex.o
 .debug_ranges  0x0000000000000b18      0x328 Drivers/STM32F1xx_HAL_Driver/Src/stm32f1xx_hal_spi.o
 .debug_ranges  0x0000000000000e40      0x200 Drivers/STM32F1xx_HAL_Driver/Src/stm32f1xx_hal_uart.o
 .debug_ranges  0x0000000000001040      0x3e8 Drivers/STM32F1xx_HAL_Driver/Src/stm32f1xx_ll_usb.o
 .debug_ranges  0x0000000000001428       0x80 Middlewares/ST/STM32_USB_Device_Library/Class/CDC/Src/usbd_cdc.o
 .debug_ranges  0x00000000000014a8       0x98 Middlewares/ST/STM32_USB_Device_Library/Core/Src/usbd_core.o
 .debug_ranges  0x0000000000001540       0xf0 Middlewares/ST/STM32_USB_Device_Library/Core/Src/usbd_ctlreq.o
 .debug_ranges  0x0000000000001630       0x40 Middlewares/ST/STM32_USB_Device_Library/Core/Src/usbd_ioreq.o
 .debug_ranges  0x0000000000001670       0xd8 Src/main.o
 .debug_ranges  0x0000000000001748      0x110 Src/stm32f1xx_hal_msp.o
 .debug_ranges  0x0000000000001858       0x40 Src/stm32f1xx_it.o
 .debug_ranges  0x0000000000001898       0x18 Src/system_stm32f1xx.o
 .debug_ranges  0x00000000000018b0       0x10 Src/usb_device.o
 .debug_ranges  0x00000000000018c0       0x30 Src/usbd_cdc_if.o
 .debug_ranges  0x00000000000018f0      0x130 Src/usbd_conf.o
 .debug_ranges  0x0000000000001a20       0x68 Src/usbd_desc.o
 .debug_ranges  0x0000000000001a88       0x20 startup/startup_stm32f103xb.o

.debug_macro    0x0000000000000000    0x17402
 .debug_macro   0x0000000000000000      0x1e1 Drivers/STM32F1xx_HAL_Driver/Src/stm32f1xx_hal.o
 .debug_macro   0x00000000000001e1      0xa60 Drivers/STM32F1xx_HAL_Driver/Src/stm32f1xx_hal.o
 .debug_macro   0x0000000000000c41      0x227 Drivers/STM32F1xx_HAL_Driver/Src/stm32f1xx_hal.o
 .debug_macro   0x0000000000000e68       0x2e Drivers/STM32F1xx_HAL_Driver/Src/stm32f1xx_hal.o
 .debug_macro   0x0000000000000e96       0x22 Drivers/STM32F1xx_HAL_Driver/Src/stm32f1xx_hal.o
 .debug_macro   0x0000000000000eb8       0x22 Drivers/STM32F1xx_HAL_Driver/Src/stm32f1xx_hal.o
 .debug_macro   0x0000000000000eda       0x8e Drivers/STM32F1xx_HAL_Driver/Src/stm32f1xx_hal.o
 .debug_macro   0x0000000000000f68       0x51 Drivers/STM32F1xx_HAL_Driver/Src/stm32f1xx_hal.o
 .debug_macro   0x0000000000000fb9       0xef Drivers/STM32F1xx_HAL_Driver/Src/stm32f1xx_hal.o
 .debug_macro   0x00000000000010a8       0x6a Drivers/STM32F1xx_HAL_Driver/Src/stm32f1xx_hal.o
 .debug_macro   0x0000000000001112      0x1df Drivers/STM32F1xx_HAL_Driver/Src/stm32f1xx_hal.o
 .debug_macro   0x00000000000012f1       0x1c Drivers/STM32F1xx_HAL_Driver/Src/stm32f1xx_hal.o
 .debug_macro   0x000000000000130d       0x22 Drivers/STM32F1xx_HAL_Driver/Src/stm32f1xx_hal.o
 .debug_macro   0x000000000000132f       0xc3 Drivers/STM32F1xx_HAL_Driver/Src/stm32f1xx_hal.o
 .debug_macro   0x00000000000013f2      0xd23 Drivers/STM32F1xx_HAL_Driver/Src/stm32f1xx_hal.o
 .debug_macro   0x0000000000002115     0xe09e Drivers/STM32F1xx_HAL_Driver/Src/stm32f1xx_hal.o
 .debug_macro   0x00000000000101b3       0x43 Drivers/STM32F1xx_HAL_Driver/Src/stm32f1xx_hal.o
 .debug_macro   0x00000000000101f6      0x174 Drivers/STM32F1xx_HAL_Driver/Src/stm32f1xx_hal.o
 .debug_macro   0x000000000001036a       0x4e Drivers/STM32F1xx_HAL_Driver/Src/stm32f1xx_hal.o
 .debug_macro   0x00000000000103b8      0x5be Drivers/STM32F1xx_HAL_Driver/Src/stm32f1xx_hal.o
 .debug_macro   0x0000000000010976      0x289 Drivers/STM32F1xx_HAL_Driver/Src/stm32f1xx_hal.o
 .debug_macro   0x0000000000010bff      0x1cb Drivers/STM32F1xx_HAL_Driver/Src/stm32f1xx_hal.o
 .debug_macro   0x0000000000010dca      0x114 Drivers/STM32F1xx_HAL_Driver/Src/stm32f1xx_hal.o
 .debug_macro   0x0000000000010ede      0x1b2 Drivers/STM32F1xx_HAL_Driver/Src/stm32f1xx_hal.o
 .debug_macro   0x0000000000011090       0x27 Drivers/STM32F1xx_HAL_Driver/Src/stm32f1xx_hal.o
 .debug_macro   0x00000000000110b7      0x136 Drivers/STM32F1xx_HAL_Driver/Src/stm32f1xx_hal.o
 .debug_macro   0x00000000000111ed      0x1bc Drivers/STM32F1xx_HAL_Driver/Src/stm32f1xx_hal.o
 .debug_macro   0x00000000000113a9       0x34 Drivers/STM32F1xx_HAL_Driver/Src/stm32f1xx_hal.o
 .debug_macro   0x00000000000113dd       0x3c Drivers/STM32F1xx_HAL_Driver/Src/stm32f1xx_hal.o
 .debug_macro   0x0000000000011419       0x57 Drivers/STM32F1xx_HAL_Driver/Src/stm32f1xx_hal.o
 .debug_macro   0x0000000000011470       0x88 Drivers/STM32F1xx_HAL_Driver/Src/stm32f1xx_hal.o
 .debug_macro   0x00000000000114f8      0x241 Drivers/STM32F1xx_HAL_Driver/Src/stm32f1xx_hal.o
 .debug_macro   0x0000000000011739      0x280 Drivers/STM32F1xx_HAL_Driver/Src/stm32f1xx_hal.o
 .debug_macro   0x00000000000119b9      0x141 Drivers/STM32F1xx_HAL_Driver/Src/stm32f1xx_hal.o
 .debug_macro   0x0000000000011afa      0x217 Drivers/STM32F1xx_HAL_Driver/Src/stm32f1xx_hal.o
 .debug_macro   0x0000000000011d11      0x26b Drivers/STM32F1xx_HAL_Driver/Src/stm32f1xx_hal.o
 .debug_macro   0x0000000000011f7c       0x65 Drivers/STM32F1xx_HAL_Driver/Src/stm32f1xx_hal.o
 .debug_macro   0x0000000000011fe1      0x249 Drivers/STM32F1xx_HAL_Driver/Src/stm32f1xx_hal.o
 .debug_macro   0x000000000001222a       0x83 Drivers/STM32F1xx_HAL_Driver/Src/stm32f1xx_hal.o
 .debug_macro   0x00000000000122ad      0x1bd Drivers/STM32F1xx_HAL_Driver/Src/stm32f1xx_hal_cortex.o
 .debug_macro   0x000000000001246a      0x228 Drivers/STM32F1xx_HAL_Driver/Src/stm32f1xx_hal_gpio.o
 .debug_macro   0x0000000000012692      0x1fd Drivers/STM32F1xx_HAL_Driver/Src/stm32f1xx_hal_i2c.o
 .debug_macro   0x000000000001288f      0x1c9 Drivers/STM32F1xx_HAL_Driver/Src/stm32f1xx_hal_pcd.o
 .debug_macro   0x0000000000012a58      0x1bd Drivers/STM32F1xx_HAL_Driver/Src/stm32f1xx_hal_pcd_ex.o
 .debug_macro   0x0000000000012c15      0x1cf Drivers/STM32F1xx_HAL_Driver/Src/stm32f1xx_hal_rcc.o
 .debug_macro   0x0000000000012de4      0x1bd Drivers/STM32F1xx_HAL_Driver/Src/stm32f1xx_hal_rcc_ex.o
 .debug_macro   0x0000000000012fa1      0x1c5 Drivers/STM32F1xx_HAL_Driver/Src/stm32f1xx_hal_spi.o
 .debug_macro   0x0000000000013166      0x1be Drivers/STM32F1xx_HAL_Driver/Src/stm32f1xx_hal_uart.o
 .debug_macro   0x0000000000013324      0x1bd Drivers/STM32F1xx_HAL_Driver/Src/stm32f1xx_ll_usb.o
 .debug_macro   0x00000000000134e1      0x3d4 Middlewares/ST/STM32_USB_Device_Library/Class/CDC/Src/usbd_cdc.o
 .debug_macro   0x00000000000138b5       0x58 Middlewares/ST/STM32_USB_Device_Library/Class/CDC/Src/usbd_cdc.o
 .debug_macro   0x000000000001390d       0x18 Middlewares/ST/STM32_USB_Device_Library/Class/CDC/Src/usbd_cdc.o
 .debug_macro   0x0000000000013925       0x94 Middlewares/ST/STM32_USB_Device_Library/Class/CDC/Src/usbd_cdc.o
 .debug_macro   0x00000000000139b9       0x35 Middlewares/ST/STM32_USB_Device_Library/Class/CDC/Src/usbd_cdc.o
 .debug_macro   0x00000000000139ee       0x34 Middlewares/ST/STM32_USB_Device_Library/Class/CDC/Src/usbd_cdc.o
 .debug_macro   0x0000000000013a22       0x16 Middlewares/ST/STM32_USB_Device_Library/Class/CDC/Src/usbd_cdc.o
 .debug_macro   0x0000000000013a38       0x57 Middlewares/ST/STM32_USB_Device_Library/Class/CDC/Src/usbd_cdc.o
 .debug_macro   0x0000000000013a8f       0x97 Middlewares/ST/STM32_USB_Device_Library/Class/CDC/Src/usbd_cdc.o
 .debug_macro   0x0000000000013b26      0x330 Middlewares/ST/STM32_USB_Device_Library/Class/CDC/Src/usbd_cdc.o
 .debug_macro   0x0000000000013e56       0xfd Middlewares/ST/STM32_USB_Device_Library/Class/CDC/Src/usbd_cdc.o
 .debug_macro   0x0000000000013f53       0x10 Middlewares/ST/STM32_USB_Device_Library/Class/CDC/Src/usbd_cdc.o
 .debug_macro   0x0000000000013f63       0x58 Middlewares/ST/STM32_USB_Device_Library/Class/CDC/Src/usbd_cdc.o
 .debug_macro   0x0000000000013fbb       0x1f Middlewares/ST/STM32_USB_Device_Library/Class/CDC/Src/usbd_cdc.o
 .debug_macro   0x0000000000013fda       0x43 Middlewares/ST/STM32_USB_Device_Library/Class/CDC/Src/usbd_cdc.o
 .debug_macro   0x000000000001401d       0x20 Middlewares/ST/STM32_USB_Device_Library/Class/CDC/Src/usbd_cdc.o
 .debug_macro   0x000000000001403d      0x18e Middlewares/ST/STM32_USB_Device_Library/Class/CDC/Src/usbd_cdc.o
 .debug_macro   0x00000000000141cb       0x10 Middlewares/ST/STM32_USB_Device_Library/Class/CDC/Src/usbd_cdc.o
 .debug_macro   0x00000000000141db       0x1c Middlewares/ST/STM32_USB_Device_Library/Class/CDC/Src/usbd_cdc.o
 .debug_macro   0x00000000000141f7       0x52 Middlewares/ST/STM32_USB_Device_Library/Class/CDC/Src/usbd_cdc.o
 .debug_macro   0x0000000000014249       0x40 Middlewares/ST/STM32_USB_Device_Library/Class/CDC/Src/usbd_cdc.o
 .debug_macro   0x0000000000014289       0x10 Middlewares/ST/STM32_USB_Device_Library/Class/CDC/Src/usbd_cdc.o
 .debug_macro   0x0000000000014299       0x40 Middlewares/ST/STM32_USB_Device_Library/Class/CDC/Src/usbd_cdc.o
 .debug_macro   0x00000000000142d9       0xd7 Middlewares/ST/STM32_USB_Device_Library/Class/CDC/Src/usbd_cdc.o
 .debug_macro   0x00000000000143b0       0x1c Middlewares/ST/STM32_USB_Device_Library/Class/CDC/Src/usbd_cdc.o
 .debug_macro   0x00000000000143cc       0x3d Middlewares/ST/STM32_USB_Device_Library/Class/CDC/Src/usbd_cdc.o
 .debug_macro   0x0000000000014409       0x16 Middlewares/ST/STM32_USB_Device_Library/Class/CDC/Src/usbd_cdc.o
 .debug_macro   0x000000000001441f      0x16f Middlewares/ST/STM32_USB_Device_Library/Class/CDC/Src/usbd_cdc.o
 .debug_macro   0x000000000001458e       0x16 Middlewares/ST/STM32_USB_Device_Library/Class/CDC/Src/usbd_cdc.o
 .debug_macro   0x00000000000145a4       0x35 Middlewares/ST/STM32_USB_Device_Library/Class/CDC/Src/usbd_cdc.o
 .debug_macro   0x00000000000145d9       0x16 Middlewares/ST/STM32_USB_Device_Library/Class/CDC/Src/usbd_cdc.o
 .debug_macro   0x00000000000145ef       0x29 Middlewares/ST/STM32_USB_Device_Library/Class/CDC/Src/usbd_cdc.o
 .debug_macro   0x0000000000014618       0x16 Middlewares/ST/STM32_USB_Device_Library/Class/CDC/Src/usbd_cdc.o
 .debug_macro   0x000000000001462e       0xbd Middlewares/ST/STM32_USB_Device_Library/Class/CDC/Src/usbd_cdc.o
 .debug_macro   0x00000000000146eb       0x64 Middlewares/ST/STM32_USB_Device_Library/Class/CDC/Src/usbd_cdc.o
 .debug_macro   0x000000000001474f       0x60 Middlewares/ST/STM32_USB_Device_Library/Class/CDC/Src/usbd_cdc.o
 .debug_macro   0x00000000000147af      0x1c8 Middlewares/ST/STM32_USB_Device_Library/Class/CDC/Src/usbd_cdc.o
 .debug_macro   0x0000000000014977       0x8f Middlewares/ST/STM32_USB_Device_Library/Class/CDC/Src/usbd_cdc.o
 .debug_macro   0x0000000000014a06      0x3bb Middlewares/ST/STM32_USB_Device_Library/Core/Src/usbd_core.o
 .debug_macro   0x0000000000014dc1      0x1ce Middlewares/ST/STM32_USB_Device_Library/Core/Src/usbd_core.o
 .debug_macro   0x0000000000014f8f      0x3c5 Middlewares/ST/STM32_USB_Device_Library/Core/Src/usbd_ctlreq.o
 .debug_macro   0x0000000000015354      0x3c1 Middlewares/ST/STM32_USB_Device_Library/Core/Src/usbd_ioreq.o
 .debug_macro   0x0000000000015715      0x3ad Src/main.o
 .debug_macro   0x0000000000015ac2       0x5e Src/main.o
 .debug_macro   0x0000000000015b20      0x32a Src/main.o
 .debug_macro   0x0000000000015e4a      0x1cc Src/stm32f1xx_hal_msp.o
 .debug_macro   0x0000000000016016      0x1d6 Src/stm32f1xx_it.o
 .debug_macro   0x00000000000161ec      0x1c3 Src/system_stm32f1xx.o
 .debug_macro   0x00000000000163af      0x3f5 Src/usb_device.o
 .debug_macro   0x00000000000167a4       0x6a Src/usb_device.o
 .debug_macro   0x000000000001680e       0x22 Src/usb_device.o
 .debug_macro   0x0000000000016830      0x3e6 Src/usbd_cdc_if.o
 .debug_macro   0x0000000000016c16      0x3d8 Src/usbd_conf.o
 .debug_macro   0x0000000000016fee      0x3f8 Src/usbd_desc.o
 .debug_macro   0x00000000000173e6       0x1c Src/usbd_desc.o

.debug_line     0x0000000000000000    0x102cf
 .debug_line    0x0000000000000000      0x89c Drivers/STM32F1xx_HAL_Driver/Src/stm32f1xx_hal.o
 .debug_line    0x000000000000089c      0x8ef Drivers/STM32F1xx_HAL_Driver/Src/stm32f1xx_hal_cortex.o
 .debug_line    0x000000000000118b      0x894 Drivers/STM32F1xx_HAL_Driver/Src/stm32f1xx_hal_gpio.o
 .debug_line    0x0000000000001a1f     0x206e Drivers/STM32F1xx_HAL_Driver/Src/stm32f1xx_hal_i2c.o
 .debug_line    0x0000000000003a8d      0xb74 Drivers/STM32F1xx_HAL_Driver/Src/stm32f1xx_hal_pcd.o
 .debug_line    0x0000000000004601      0x6f3 Drivers/STM32F1xx_HAL_Driver/Src/stm32f1xx_hal_pcd_ex.o
 .debug_line    0x0000000000004cf4      0xa99 Drivers/STM32F1xx_HAL_Driver/Src/stm32f1xx_hal_rcc.o
 .debug_line    0x000000000000578d      0x7c2 Drivers/STM32F1xx_HAL_Driver/Src/stm32f1xx_hal_rcc_ex.o
 .debug_line    0x0000000000005f4f     0x12da Drivers/STM32F1xx_HAL_Driver/Src/stm32f1xx_hal_spi.o
 .debug_line    0x0000000000007229     0x1241 Drivers/STM32F1xx_HAL_Driver/Src/stm32f1xx_hal_uart.o
 .debug_line    0x000000000000846a      0xacd Drivers/STM32F1xx_HAL_Driver/Src/stm32f1xx_ll_usb.o
 .debug_line    0x0000000000008f37      0xb6f Middlewares/ST/STM32_USB_Device_Library/Class/CDC/Src/usbd_cdc.o
 .debug_line    0x0000000000009aa6      0xb32 Middlewares/ST/STM32_USB_Device_Library/Core/Src/usbd_core.o
 .debug_line    0x000000000000a5d8      0xac2 Middlewares/ST/STM32_USB_Device_Library/Core/Src/usbd_ctlreq.o
 .debug_line    0x000000000000b09a      0x986 Middlewares/ST/STM32_USB_Device_Library/Core/Src/usbd_ioreq.o
 .debug_line    0x000000000000ba20      0x9ac Src/main.o
 .debug_line    0x000000000000c3cc      0x7c2 Src/stm32f1xx_hal_msp.o
 .debug_line    0x000000000000cb8e      0x729 Src/stm32f1xx_it.o
 .debug_line    0x000000000000d2b7      0x6f8 Src/system_stm32f1xx.o
 .debug_line    0x000000000000d9af      0x995 Src/usb_device.o
 .debug_line    0x000000000000e344      0x9bd Src/usbd_cdc_if.o
 .debug_line    0x000000000000ed01      0xbb1 Src/usbd_conf.o
 .debug_line    0x000000000000f8b2      0x9a0 Src/usbd_desc.o
 .debug_line    0x0000000000010252       0x7d startup/startup_stm32f103xb.o

.debug_str      0x0000000000000000    0x732ce
 .debug_str     0x0000000000000000    0x6a2aa Drivers/STM32F1xx_HAL_Driver/Src/stm32f1xx_hal.o
                                      0x6a5f3 (size before relaxing)
 .debug_str     0x000000000006a2aa      0x2e1 Drivers/STM32F1xx_HAL_Driver/Src/stm32f1xx_hal_cortex.o
                                      0x6a5bc (size before relaxing)
 .debug_str     0x000000000006a58b      0x3a3 Drivers/STM32F1xx_HAL_Driver/Src/stm32f1xx_hal_gpio.o
                                      0x6a2e7 (size before relaxing)
 .debug_str     0x000000000006a92e      0xfce Drivers/STM32F1xx_HAL_Driver/Src/stm32f1xx_hal_i2c.o
                                      0x6af67 (size before relaxing)
 .debug_str     0x000000000006b8fc      0x7d1 Drivers/STM32F1xx_HAL_Driver/Src/stm32f1xx_hal_pcd.o
                                      0x6a762 (size before relaxing)
 .debug_str     0x000000000006c0cd      0x170 Drivers/STM32F1xx_HAL_Driver/Src/stm32f1xx_hal_pcd_ex.o
                                      0x6a3aa (size before relaxing)
 .debug_str     0x000000000006c23d      0x353 Drivers/STM32F1xx_HAL_Driver/Src/stm32f1xx_hal_rcc.o
                                      0x6a347 (size before relaxing)
 .debug_str     0x000000000006c590      0x12b Drivers/STM32F1xx_HAL_Driver/Src/stm32f1xx_hal_rcc_ex.o
                                      0x6a0ce (size before relaxing)
 .debug_str     0x000000000006c6bb      0x6ea Drivers/STM32F1xx_HAL_Driver/Src/stm32f1xx_hal_spi.o
                                      0x6a84a (size before relaxing)
 .debug_str     0x000000000006cda5      0x693 Drivers/STM32F1xx_HAL_Driver/Src/stm32f1xx_hal_uart.o
                                      0x6a886 (size before relaxing)
 .debug_str     0x000000000006d438      0x191 Drivers/STM32F1xx_HAL_Driver/Src/stm32f1xx_ll_usb.o
                                      0x6a414 (size before relaxing)
 .debug_str     0x000000000006d5c9     0x5282 Middlewares/ST/STM32_USB_Device_Library/Class/CDC/Src/usbd_cdc.o
                                      0x6f5c0 (size before relaxing)
 .debug_str     0x000000000007284b      0x294 Middlewares/ST/STM32_USB_Device_Library/Core/Src/usbd_core.o
                                      0x6ef27 (size before relaxing)
 .debug_str     0x0000000000072adf      0x120 Middlewares/ST/STM32_USB_Device_Library/Core/Src/usbd_ctlreq.o
                                      0x6ee41 (size before relaxing)
 .debug_str     0x0000000000072bff       0x51 Middlewares/ST/STM32_USB_Device_Library/Core/Src/usbd_ioreq.o
                                      0x6ed6e (size before relaxing)
 .debug_str     0x0000000000072c50       0xe0 Src/main.o
                                      0x6f401 (size before relaxing)
 .debug_str     0x0000000000072d30       0x1b Src/stm32f1xx_hal_msp.o
                                      0x6a8fd (size before relaxing)
 .debug_str     0x0000000000072d4b       0xc4 Src/stm32f1xx_it.o
                                      0x6a429 (size before relaxing)
 .debug_str     0x0000000000072e0f       0x69 Src/system_stm32f1xx.o
                                      0x69f98 (size before relaxing)
 .debug_str     0x0000000000072e78       0xce Src/usb_device.o
                                      0x6f0b1 (size before relaxing)
 .debug_str     0x0000000000072f46       0xa7 Src/usbd_cdc_if.o
                                      0x6f11d (size before relaxing)
 .debug_str     0x0000000000072fed       0x65 Src/usbd_conf.o
                                      0x6fb53 (size before relaxing)
 .debug_str     0x0000000000073052      0x24d Src/usbd_desc.o
                                      0x6ec9f (size before relaxing)
 .debug_str     0x000000000007329f       0x2f startup/startup_stm32f103xb.o
                                         0x70 (size before relaxing)

.comment        0x0000000000000000       0x7f
 .comment       0x0000000000000000       0x7f Drivers/STM32F1xx_HAL_Driver/Src/stm32f1xx_hal.o
                                         0x80 (size before relaxing)
 .comment       0x000000000000007f       0x80 Drivers/STM32F1xx_HAL_Driver/Src/stm32f1xx_hal_cortex.o
 .comment       0x000000000000007f       0x80 Drivers/STM32F1xx_HAL_Driver/Src/stm32f1xx_hal_gpio.o
 .comment       0x000000000000007f       0x80 Drivers/STM32F1xx_HAL_Driver/Src/stm32f1xx_hal_i2c.o
 .comment       0x000000000000007f       0x80 Drivers/STM32F1xx_HAL_Driver/Src/stm32f1xx_hal_pcd.o
 .comment       0x000000000000007f       0x80 Drivers/STM32F1xx_HAL_Driver/Src/stm32f1xx_hal_pcd_ex.o
 .comment       0x000000000000007f       0x80 Drivers/STM32F1xx_HAL_Driver/Src/stm32f1xx_hal_rcc.o
 .comment       0x000000000000007f       0x80 Drivers/STM32F1xx_HAL_Driver/Src/stm32f1xx_hal_rcc_ex.o
 .comment       0x000000000000007f       0x80 Drivers/STM32F1xx_HAL_Driver/Src/stm32f1xx_hal_spi.o
 .comment       0x000000000000007f       0x80 Drivers/STM32F1xx_HAL_Driver/Src/stm32f1xx_hal_uart.o
 .comment       0x000000000000007f       0x80 Drivers/STM32F1xx_HAL_Driver/Src/stm32f1xx_ll_usb.o
 .comment       0x000000000000007f       0x80 Middlewares/ST/STM32_USB_Device_Library/Class/CDC/Src/usbd_cdc.o
 .comment       0x000000000000007f       0x80 Middlewares/ST/STM32_USB_Device_Library/Core/Src/usbd_core.o
 .comment       0x000000000000007f       0x80 Middlewares/ST/STM32_USB_Device_Library/Core/Src/usbd_ctlreq.o
 .comment       0x000000000000007f       0x80 Middlewares/ST/STM32_USB_Device_Library/Core/Src/usbd_ioreq.o
 .comment       0x000000000000007f       0x80 Src/main.o
 .comment       0x000000000000007f       0x80 Src/stm32f1xx_hal_msp.o
 .comment       0x000000000000007f       0x80 Src/stm32f1xx_it.o
 .comment       0x000000000000007f       0x80 Src/system_stm32f1xx.o
 .comment       0x000000000000007f       0x80 Src/usb_device.o
 .comment       0x000000000000007f       0x80 Src/usbd_cdc_if.o
 .comment       0x000000000000007f       0x80 Src/usbd_conf.o
 .comment       0x000000000000007f       0x80 Src/usbd_desc.o

.debug_frame    0x0000000000000000     0x2b40
 .debug_frame   0x0000000000000000      0x1d4 Drivers/STM32F1xx_HAL_Driver/Src/stm32f1xx_hal.o
 .debug_frame   0x00000000000001d4      0x138 Drivers/STM32F1xx_HAL_Driver/Src/stm32f1xx_hal_cortex.o
 .debug_frame   0x000000000000030c      0x110 Drivers/STM32F1xx_HAL_Driver/Src/stm32f1xx_hal_gpio.o
 .debug_frame   0x000000000000041c      0x8ac Drivers/STM32F1xx_HAL_Driver/Src/stm32f1xx_hal_i2c.o
 .debug_frame   0x0000000000000cc8      0x2e4 Drivers/STM32F1xx_HAL_Driver/Src/stm32f1xx_hal_pcd.o
 .debug_frame   0x0000000000000fac       0x50 Drivers/STM32F1xx_HAL_Driver/Src/stm32f1xx_hal_pcd_ex.o
 .debug_frame   0x0000000000000ffc      0x18c Drivers/STM32F1xx_HAL_Driver/Src/stm32f1xx_hal_rcc.o
 .debug_frame   0x0000000000001188       0x78 Drivers/STM32F1xx_HAL_Driver/Src/stm32f1xx_hal_rcc_ex.o
 .debug_frame   0x0000000000001200      0x640 Drivers/STM32F1xx_HAL_Driver/Src/stm32f1xx_hal_spi.o
 .debug_frame   0x0000000000001840      0x540 Drivers/STM32F1xx_HAL_Driver/Src/stm32f1xx_hal_uart.o
 .debug_frame   0x0000000000001d80      0x2b4 Drivers/STM32F1xx_HAL_Driver/Src/stm32f1xx_ll_usb.o
 .debug_frame   0x0000000000002034      0x184 Middlewares/ST/STM32_USB_Device_Library/Class/CDC/Src/usbd_cdc.o
 .debug_frame   0x00000000000021b8      0x1c4 Middlewares/ST/STM32_USB_Device_Library/Core/Src/usbd_core.o
 .debug_frame   0x000000000000237c       0xc0 Middlewares/ST/STM32_USB_Device_Library/Core/Src/usbd_ctlreq.o
 .debug_frame   0x000000000000243c       0xb8 Middlewares/ST/STM32_USB_Device_Library/Core/Src/usbd_ioreq.o
 .debug_frame   0x00000000000024f4       0x68 Src/main.o
 .debug_frame   0x000000000000255c       0xd0 Src/stm32f1xx_hal_msp.o
 .debug_frame   0x000000000000262c       0xb0 Src/stm32f1xx_it.o
 .debug_frame   0x00000000000026dc       0x3c Src/system_stm32f1xx.o
 .debug_frame   0x0000000000002718       0x30 Src/usb_device.o
 .debug_frame   0x0000000000002748       0x7c Src/usbd_cdc_if.o
 .debug_frame   0x00000000000027c4      0x28c Src/usbd_conf.o
 .debug_frame   0x0000000000002a50       0xc4 Src/usbd_desc.o
 .debug_frame   0x0000000000002b14       0x2c /home/mishko/Packages/STM32Ac6/plugins/fr.ac6.mcu.externaltools.arm-none.linux64_1.17.0.201812190825/tools/compiler/bin/../lib/gcc/arm-none-eabi/7.3.1/../../../../arm-none-eabi/lib/thumb/v7-m/libc_nano.a(lib_a-init.o)
